Java HotSpot(TM) 64-Bit Server VM (25.311-b11) for bsd-amd64 JRE (1.8.0_311-b11), built on Sep 27 2021 13:08:09 by "java_re" with gcc 4.2.1 Compatible Apple LLVM 11.0.0 (clang-1100.0.33.17)
Memory: 4k page, physical 33554432k(2105252k free)

/proc/meminfo:

CommandLine flags: -XX:+AlwaysPreTouch -XX:+ExplicitGCInvokesConcurrent -XX:GCLogFileSize=20971520 -XX:InitialHeapSize=536870912 -XX:MaxGCPauseMillis=250 -XX:MaxHeapSize=536870912 -XX:NumberOfGCLogFiles=9 -XX:-OmitStackTraceInFastThrow -XX:OnOutOfMemoryError=/Users/prasanna/UNCC_stuff/solr-8.11.1/bin/oom_solr.sh 8983 /Users/prasanna/UNCC_stuff/solr-8.11.1/server/logs -XX:+ParallelRefProcEnabled -XX:+PerfDisableSharedMem -XX:+PrintGC -XX:+PrintGCApplicationStoppedTime -XX:+PrintGCDateStamps -XX:+PrintGCDetails -XX:+PrintGCTimeStamps -XX:+PrintHeapAtGC -XX:+PrintTenuringDistribution -XX:ThreadStackSize=256 -XX:+UseCompressedClassPointers -XX:+UseCompressedOops -XX:+UseG1GC -XX:+UseGCLogFileRotation -XX:-UseLargePages 
2022-04-24T19:38:15.169+0500: 0.336: Total time for which application threads were stopped: 0.0000857 seconds, Stopping threads took: 0.0000094 seconds
2022-04-24T19:38:15.243+0500: 0.410: Total time for which application threads were stopped: 0.0000929 seconds, Stopping threads took: 0.0000087 seconds
2022-04-24T19:38:15.253+0500: 0.420: Total time for which application threads were stopped: 0.0000596 seconds, Stopping threads took: 0.0000058 seconds
2022-04-24T19:38:15.583+0500: 0.750: Total time for which application threads were stopped: 0.0001258 seconds, Stopping threads took: 0.0000098 seconds
{Heap before GC invocations=0 (full 0):
 garbage-first heap   total 524288K, used 30720K [0x00000007a0000000, 0x00000007a0101000, 0x00000007c0000000)
  region size 1024K, 30 young (30720K), 0 survivors (0K)
 Metaspace       used 10366K, capacity 10668K, committed 10880K, reserved 1058816K
  class space    used 1270K, capacity 1372K, committed 1408K, reserved 1048576K
2022-04-24T19:38:15.686+0500: 0.853: [GC pause (G1 Evacuation Pause) (young)
Desired survivor size 2097152 bytes, new threshold 15 (max 15)
, 0.0057416 secs]
   [Parallel Time: 2.0 ms, GC Workers: 13]
      [GC Worker Start (ms): Min: 853.4, Avg: 853.6, Max: 853.7, Diff: 0.3]
      [Ext Root Scanning (ms): Min: 0.0, Avg: 0.2, Max: 0.8, Diff: 0.8, Sum: 2.9]
      [Update RS (ms): Min: 0.0, Avg: 0.0, Max: 0.0, Diff: 0.0, Sum: 0.0]
         [Processed Buffers: Min: 0, Avg: 0.0, Max: 0, Diff: 0, Sum: 0]
      [Scan RS (ms): Min: 0.0, Avg: 0.0, Max: 0.0, Diff: 0.0, Sum: 0.0]
      [Code Root Scanning (ms): Min: 0.0, Avg: 0.1, Max: 0.3, Diff: 0.3, Sum: 0.8]
      [Object Copy (ms): Min: 0.9, Avg: 1.3, Max: 1.5, Diff: 0.6, Sum: 17.5]
      [Termination (ms): Min: 0.0, Avg: 0.0, Max: 0.0, Diff: 0.0, Sum: 0.1]
         [Termination Attempts: Min: 1, Avg: 12.7, Max: 18, Diff: 17, Sum: 165]
      [GC Worker Other (ms): Min: 0.0, Avg: 0.0, Max: 0.0, Diff: 0.0, Sum: 0.2]
      [GC Worker Total (ms): Min: 1.5, Avg: 1.7, Max: 1.8, Diff: 0.3, Sum: 21.6]
      [GC Worker End (ms): Min: 855.2, Avg: 855.2, Max: 855.2, Diff: 0.0]
   [Code Root Fixup: 0.1 ms]
   [Code Root Purge: 0.0 ms]
   [Clear CT: 0.1 ms]
   [Other: 3.5 ms]
      [Choose CSet: 0.0 ms]
      [Ref Proc: 3.2 ms]
      [Ref Enq: 0.1 ms]
      [Redirty Cards: 0.1 ms]
      [Humongous Register: 0.0 ms]
      [Humongous Reclaim: 0.0 ms]
      [Free CSet: 0.0 ms]
   [Eden: 30.0M(30.0M)->0.0B(50.0M) Survivors: 0.0B->4096.0K Heap: 30.0M(512.0M)->5656.0K(512.0M)]
Heap after GC invocations=1 (full 0):
 garbage-first heap   total 524288K, used 5656K [0x00000007a0000000, 0x00000007a0101000, 0x00000007c0000000)
  region size 1024K, 4 young (4096K), 4 survivors (4096K)
 Metaspace       used 10366K, capacity 10668K, committed 10880K, reserved 1058816K
  class space    used 1270K, capacity 1372K, committed 1408K, reserved 1048576K
}
 [Times: user=0.04 sys=0.00, real=0.01 secs] 
2022-04-24T19:38:15.692+0500: 0.859: Total time for which application threads were stopped: 0.0059137 seconds, Stopping threads took: 0.0000088 seconds
2022-04-24T19:38:15.719+0500: 0.887: Total time for which application threads were stopped: 0.0001362 seconds, Stopping threads took: 0.0000105 seconds
2022-04-24T19:38:15.795+0500: 0.962: Total time for which application threads were stopped: 0.0003369 seconds, Stopping threads took: 0.0000120 seconds
2022-04-24T19:38:15.907+0500: 1.074: Total time for which application threads were stopped: 0.0001785 seconds, Stopping threads took: 0.0000094 seconds
2022-04-24T19:38:16.016+0500: 1.183: Total time for which application threads were stopped: 0.0002002 seconds, Stopping threads took: 0.0000089 seconds
2022-04-24T19:38:16.061+0500: 1.229: Total time for which application threads were stopped: 0.0002129 seconds, Stopping threads took: 0.0000120 seconds
2022-04-24T19:38:16.100+0500: 1.267: Total time for which application threads were stopped: 0.0002254 seconds, Stopping threads took: 0.0000132 seconds
2022-04-24T19:38:16.113+0500: 1.281: Total time for which application threads were stopped: 0.0002095 seconds, Stopping threads took: 0.0000138 seconds
{Heap before GC invocations=1 (full 0):
 garbage-first heap   total 524288K, used 57880K [0x00000007a0000000, 0x00000007a0101000, 0x00000007c0000000)
  region size 1024K, 53 young (54272K), 4 survivors (4096K)
 Metaspace       used 19448K, capacity 19890K, committed 20224K, reserved 1067008K
  class space    used 2364K, capacity 2504K, committed 2560K, reserved 1048576K
2022-04-24T19:38:16.196+0500: 1.363: [GC pause (G1 Evacuation Pause) (young)
Desired survivor size 3670016 bytes, new threshold 15 (max 15)
- age   1:    2478424 bytes,    2478424 total
, 0.0127388 secs]
   [Parallel Time: 8.6 ms, GC Workers: 13]
      [GC Worker Start (ms): Min: 1363.3, Avg: 1363.3, Max: 1363.4, Diff: 0.1]
      [Ext Root Scanning (ms): Min: 0.3, Avg: 0.4, Max: 1.4, Diff: 1.1, Sum: 5.5]
      [Update RS (ms): Min: 0.0, Avg: 0.8, Max: 3.9, Diff: 3.9, Sum: 10.3]
         [Processed Buffers: Min: 0, Avg: 1.2, Max: 6, Diff: 6, Sum: 16]
      [Scan RS (ms): Min: 0.0, Avg: 0.0, Max: 0.1, Diff: 0.1, Sum: 0.2]
      [Code Root Scanning (ms): Min: 0.0, Avg: 0.2, Max: 1.1, Diff: 1.1, Sum: 2.4]
      [Object Copy (ms): Min: 4.1, Avg: 6.8, Max: 7.7, Diff: 3.6, Sum: 89.0]
      [Termination (ms): Min: 0.0, Avg: 0.1, Max: 0.2, Diff: 0.2, Sum: 1.7]
         [Termination Attempts: Min: 1, Avg: 81.4, Max: 96, Diff: 95, Sum: 1058]
      [GC Worker Other (ms): Min: 0.0, Avg: 0.0, Max: 0.0, Diff: 0.0, Sum: 0.1]
      [GC Worker Total (ms): Min: 8.3, Avg: 8.4, Max: 8.5, Diff: 0.2, Sum: 109.3]
      [GC Worker End (ms): Min: 1371.7, Avg: 1371.7, Max: 1371.7, Diff: 0.0]
   [Code Root Fixup: 0.0 ms]
   [Code Root Purge: 0.0 ms]
   [Clear CT: 0.1 ms]
   [Other: 4.0 ms]
      [Choose CSet: 0.0 ms]
      [Ref Proc: 3.6 ms]
      [Ref Enq: 0.1 ms]
      [Redirty Cards: 0.1 ms]
      [Humongous Register: 0.0 ms]
      [Humongous Reclaim: 0.0 ms]
      [Free CSet: 0.1 ms]
   [Eden: 49.0M(49.0M)->0.0B(300.0M) Survivors: 4096.0K->7168.0K Heap: 56.5M(512.0M)->20.2M(512.0M)]
Heap after GC invocations=2 (full 0):
 garbage-first heap   total 524288K, used 20654K [0x00000007a0000000, 0x00000007a0101000, 0x00000007c0000000)
  region size 1024K, 7 young (7168K), 7 survivors (7168K)
 Metaspace       used 19448K, capacity 19890K, committed 20224K, reserved 1067008K
  class space    used 2364K, capacity 2504K, committed 2560K, reserved 1048576K
}
 [Times: user=0.14 sys=0.00, real=0.01 secs] 
2022-04-24T19:38:16.209+0500: 1.376: Total time for which application threads were stopped: 0.0129376 seconds, Stopping threads took: 0.0000133 seconds
2022-04-24T19:38:16.308+0500: 1.475: Total time for which application threads were stopped: 0.0002175 seconds, Stopping threads took: 0.0000127 seconds
{Heap before GC invocations=2 (full 0):
 garbage-first heap   total 524288K, used 56494K [0x00000007a0000000, 0x00000007a0101000, 0x00000007c0000000)
  region size 1024K, 43 young (44032K), 7 survivors (7168K)
 Metaspace       used 20702K, capacity 21182K, committed 21296K, reserved 1069056K
  class space    used 2495K, capacity 2652K, committed 2688K, reserved 1048576K
2022-04-24T19:38:16.383+0500: 1.550: [GC pause (Metadata GC Threshold) (young) (initial-mark)
Desired survivor size 20447232 bytes, new threshold 15 (max 15)
- age   1:    5262200 bytes,    5262200 total
- age   2:    1863776 bytes,    7125976 total
, 0.0104335 secs]
   [Parallel Time: 6.2 ms, GC Workers: 13]
      [GC Worker Start (ms): Min: 1550.1, Avg: 1550.2, Max: 1550.3, Diff: 0.2]
      [Ext Root Scanning (ms): Min: 0.5, Avg: 0.5, Max: 0.7, Diff: 0.3, Sum: 7.1]
      [Update RS (ms): Min: 0.0, Avg: 0.1, Max: 0.2, Diff: 0.2, Sum: 0.7]
         [Processed Buffers: Min: 0, Avg: 1.2, Max: 3, Diff: 3, Sum: 16]
      [Scan RS (ms): Min: 0.5, Avg: 0.6, Max: 0.6, Diff: 0.2, Sum: 7.6]
      [Code Root Scanning (ms): Min: 0.0, Avg: 0.2, Max: 0.7, Diff: 0.7, Sum: 2.2]
      [Object Copy (ms): Min: 4.0, Avg: 4.5, Max: 4.7, Diff: 0.7, Sum: 58.1]
      [Termination (ms): Min: 0.0, Avg: 0.0, Max: 0.1, Diff: 0.1, Sum: 0.4]
         [Termination Attempts: Min: 1, Avg: 34.1, Max: 45, Diff: 44, Sum: 443]
      [GC Worker Other (ms): Min: 0.0, Avg: 0.0, Max: 0.0, Diff: 0.0, Sum: 0.2]
      [GC Worker Total (ms): Min: 5.8, Avg: 5.9, Max: 6.0, Diff: 0.2, Sum: 76.3]
      [GC Worker End (ms): Min: 1556.1, Avg: 1556.1, Max: 1556.1, Diff: 0.0]
   [Code Root Fixup: 0.0 ms]
   [Code Root Purge: 0.0 ms]
   [Clear CT: 0.1 ms]
   [Other: 4.0 ms]
      [Choose CSet: 0.0 ms]
      [Ref Proc: 3.5 ms]
      [Ref Enq: 0.1 ms]
      [Redirty Cards: 0.1 ms]
      [Humongous Register: 0.0 ms]
      [Humongous Reclaim: 0.0 ms]
      [Free CSet: 0.1 ms]
   [Eden: 36.0M(300.0M)->0.0B(288.0M) Survivors: 7168.0K->19.0M Heap: 56.2M(512.0M)->32.1M(512.0M)]
Heap after GC invocations=3 (full 0):
 garbage-first heap   total 524288K, used 32845K [0x00000007a0000000, 0x00000007a0101000, 0x00000007c0000000)
  region size 1024K, 19 young (19456K), 19 survivors (19456K)
 Metaspace       used 20702K, capacity 21182K, committed 21296K, reserved 1069056K
  class space    used 2495K, capacity 2652K, committed 2688K, reserved 1048576K
}
 [Times: user=0.10 sys=0.00, real=0.01 secs] 
2022-04-24T19:38:16.393+0500: 1.561: [GC concurrent-root-region-scan-start]
2022-04-24T19:38:16.394+0500: 1.561: Total time for which application threads were stopped: 0.0107494 seconds, Stopping threads took: 0.0000128 seconds
2022-04-24T19:38:16.396+0500: 1.564: [GC concurrent-root-region-scan-end, 0.0030149 secs]
2022-04-24T19:38:16.396+0500: 1.564: [GC concurrent-mark-start]
2022-04-24T19:38:16.407+0500: 1.575: [GC concurrent-mark-end, 0.0109560 secs]
2022-04-24T19:38:16.407+0500: 1.575: [GC remark 2022-04-24T19:38:16.407+0500: 1.575: [Finalize Marking, 0.0002991 secs] 2022-04-24T19:38:16.408+0500: 1.575: [GC ref-proc, 0.0024975 secs] 2022-04-24T19:38:16.410+0500: 1.577: [Unloading, 0.0017890 secs], 0.0048182 secs]
 [Times: user=0.04 sys=0.01, real=0.01 secs] 
2022-04-24T19:38:16.412+0500: 1.579: Total time for which application threads were stopped: 0.0049090 seconds, Stopping threads took: 0.0000118 seconds
2022-04-24T19:38:16.412+0500: 1.580: [GC cleanup 35M->31M(512M), 0.0006510 secs]
 [Times: user=0.00 sys=0.00, real=0.00 secs] 
2022-04-24T19:38:16.413+0500: 1.580: Total time for which application threads were stopped: 0.0007285 seconds, Stopping threads took: 0.0000212 seconds
2022-04-24T19:38:16.413+0500: 1.580: [GC concurrent-cleanup-start]
2022-04-24T19:38:16.413+0500: 1.580: [GC concurrent-cleanup-end, 0.0000096 secs]
{Heap before GC invocations=4 (full 0):
 garbage-first heap   total 524288K, used 72607K [0x00000007a0000000, 0x00000007a0101000, 0x00000007c0000000)
  region size 1024K, 61 young (62464K), 19 survivors (19456K)
 Metaspace       used 24577K, capacity 25194K, committed 25344K, reserved 1071104K
  class space    used 2886K, capacity 3046K, committed 3072K, reserved 1048576K
2022-04-24T19:38:16.553+0500: 1.720: [GC pause (G1 Evacuation Pause) (young)
Desired survivor size 4194304 bytes, new threshold 2 (max 15)
- age   1:     737944 bytes,     737944 total
- age   2:    5187456 bytes,    5925400 total
- age   3:    1863048 bytes,    7788448 total
, 0.0097524 secs]
   [Parallel Time: 5.3 ms, GC Workers: 13]
      [GC Worker Start (ms): Min: 1720.2, Avg: 1720.3, Max: 1720.4, Diff: 0.2]
      [Ext Root Scanning (ms): Min: 0.0, Avg: 0.2, Max: 1.5, Diff: 1.4, Sum: 2.8]
      [Update RS (ms): Min: 0.0, Avg: 0.3, Max: 0.6, Diff: 0.6, Sum: 3.6]
         [Processed Buffers: Min: 0, Avg: 1.3, Max: 3, Diff: 3, Sum: 17]
      [Scan RS (ms): Min: 0.0, Avg: 0.4, Max: 0.5, Diff: 0.5, Sum: 4.9]
      [Code Root Scanning (ms): Min: 0.0, Avg: 0.2, Max: 0.4, Diff: 0.4, Sum: 2.3]
      [Object Copy (ms): Min: 3.5, Avg: 3.8, Max: 4.1, Diff: 0.5, Sum: 50.0]
      [Termination (ms): Min: 0.0, Avg: 0.1, Max: 0.1, Diff: 0.1, Sum: 0.7]
         [Termination Attempts: Min: 1, Avg: 78.8, Max: 103, Diff: 102, Sum: 1024]
      [GC Worker Other (ms): Min: 0.0, Avg: 0.0, Max: 0.0, Diff: 0.0, Sum: 0.2]
      [GC Worker Total (ms): Min: 4.9, Avg: 5.0, Max: 5.1, Diff: 0.2, Sum: 64.5]
      [GC Worker End (ms): Min: 1725.3, Avg: 1725.3, Max: 1725.3, Diff: 0.0]
   [Code Root Fixup: 0.0 ms]
   [Code Root Purge: 0.0 ms]
   [Clear CT: 0.1 ms]
   [Other: 4.3 ms]
      [Choose CSet: 0.0 ms]
      [Ref Proc: 3.8 ms]
      [Ref Enq: 0.1 ms]
      [Redirty Cards: 0.1 ms]
      [Humongous Register: 0.0 ms]
      [Humongous Reclaim: 0.0 ms]
      [Free CSet: 0.1 ms]
   [Eden: 42.0M(42.0M)->0.0B(299.0M) Survivors: 19.0M->8192.0K Heap: 70.9M(512.0M)->28.1M(512.0M)]
Heap after GC invocations=5 (full 0):
 garbage-first heap   total 524288K, used 28776K [0x00000007a0000000, 0x00000007a0101000, 0x00000007c0000000)
  region size 1024K, 8 young (8192K), 8 survivors (8192K)
 Metaspace       used 24577K, capacity 25194K, committed 25344K, reserved 1071104K
  class space    used 2886K, capacity 3046K, committed 3072K, reserved 1048576K
}
 [Times: user=0.09 sys=0.00, real=0.01 secs] 
2022-04-24T19:38:16.563+0500: 1.730: Total time for which application threads were stopped: 0.0099745 seconds, Stopping threads took: 0.0000123 seconds
2022-04-24T19:38:16.791+0500: 1.958: Total time for which application threads were stopped: 0.0004477 seconds, Stopping threads took: 0.0000170 seconds
2022-04-24T19:38:16.796+0500: 1.963: Total time for which application threads were stopped: 0.0003415 seconds, Stopping threads took: 0.0000132 seconds
2022-04-24T19:38:16.797+0500: 1.964: Total time for which application threads were stopped: 0.0002796 seconds, Stopping threads took: 0.0000117 seconds
2022-04-24T19:38:16.819+0500: 1.986: Total time for which application threads were stopped: 0.0002718 seconds, Stopping threads took: 0.0000126 seconds
2022-04-24T19:38:16.859+0500: 2.026: Total time for which application threads were stopped: 0.0002948 seconds, Stopping threads took: 0.0000338 seconds
2022-04-24T19:38:16.954+0500: 2.121: Total time for which application threads were stopped: 0.0002691 seconds, Stopping threads took: 0.0000118 seconds
2022-04-24T19:38:17.067+0500: 2.234: Total time for which application threads were stopped: 0.0004600 seconds, Stopping threads took: 0.0000196 seconds
2022-04-24T19:38:17.424+0500: 2.591: Total time for which application threads were stopped: 0.0001759 seconds, Stopping threads took: 0.0000426 seconds
{Heap before GC invocations=5 (full 0):
 garbage-first heap   total 524288K, used 167016K [0x00000007a0000000, 0x00000007a0101000, 0x00000007c0000000)
  region size 1024K, 144 young (147456K), 8 survivors (8192K)
 Metaspace       used 34794K, capacity 35880K, committed 35920K, reserved 1081344K
  class space    used 4162K, capacity 4440K, committed 4480K, reserved 1048576K
2022-04-24T19:38:17.432+0500: 2.599: [GC pause (Metadata GC Threshold) (young) (initial-mark)
Desired survivor size 20447232 bytes, new threshold 15 (max 15)
- age   1:     406312 bytes,     406312 total
- age   2:     573296 bytes,     979608 total
, 0.0083922 secs]
   [Parallel Time: 3.2 ms, GC Workers: 13]
      [GC Worker Start (ms): Min: 2599.0, Avg: 2599.1, Max: 2599.2, Diff: 0.2]
      [Ext Root Scanning (ms): Min: 0.5, Avg: 0.7, Max: 0.9, Diff: 0.4, Sum: 8.8]
      [Update RS (ms): Min: 0.0, Avg: 0.1, Max: 0.4, Diff: 0.4, Sum: 1.6]
         [Processed Buffers: Min: 0, Avg: 2.2, Max: 5, Diff: 5, Sum: 28]
      [Scan RS (ms): Min: 0.0, Avg: 0.1, Max: 0.1, Diff: 0.1, Sum: 0.7]
      [Code Root Scanning (ms): Min: 0.0, Avg: 0.1, Max: 0.2, Diff: 0.2, Sum: 1.0]
      [Object Copy (ms): Min: 1.7, Avg: 2.0, Max: 2.2, Diff: 0.4, Sum: 26.3]
      [Termination (ms): Min: 0.0, Avg: 0.0, Max: 0.0, Diff: 0.0, Sum: 0.0]
         [Termination Attempts: Min: 1, Avg: 1.5, Max: 3, Diff: 2, Sum: 20]
      [GC Worker Other (ms): Min: 0.0, Avg: 0.0, Max: 0.1, Diff: 0.1, Sum: 0.3]
      [GC Worker Total (ms): Min: 2.9, Avg: 3.0, Max: 3.1, Diff: 0.2, Sum: 38.7]
      [GC Worker End (ms): Min: 2602.1, Avg: 2602.1, Max: 2602.1, Diff: 0.0]
   [Code Root Fixup: 0.0 ms]
   [Code Root Purge: 0.0 ms]
   [Clear CT: 0.1 ms]
   [Other: 5.0 ms]
      [Choose CSet: 0.0 ms]
      [Ref Proc: 4.5 ms]
      [Ref Enq: 0.1 ms]
      [Redirty Cards: 0.1 ms]
      [Humongous Register: 0.0 ms]
      [Humongous Reclaim: 0.0 ms]
      [Free CSet: 0.1 ms]
   [Eden: 136.0M(299.0M)->0.0B(291.0M) Survivors: 8192.0K->16.0M Heap: 164.1M(512.0M)->35.7M(512.0M)]
Heap after GC invocations=6 (full 0):
 garbage-first heap   total 524288K, used 36526K [0x00000007a0000000, 0x00000007a0101000, 0x00000007c0000000)
  region size 1024K, 16 young (16384K), 16 survivors (16384K)
 Metaspace       used 34794K, capacity 35880K, committed 35920K, reserved 1081344K
  class space    used 4162K, capacity 4440K, committed 4480K, reserved 1048576K
}
 [Times: user=0.07 sys=0.00, real=0.01 secs] 
2022-04-24T19:38:17.440+0500: 2.607: [GC concurrent-root-region-scan-start]
2022-04-24T19:38:17.440+0500: 2.608: Total time for which application threads were stopped: 0.0087373 seconds, Stopping threads took: 0.0000459 seconds
2022-04-24T19:38:17.444+0500: 2.612: [GC concurrent-root-region-scan-end, 0.0040835 secs]
2022-04-24T19:38:17.444+0500: 2.612: [GC concurrent-mark-start]
2022-04-24T19:38:17.445+0500: 2.612: Total time for which application threads were stopped: 0.0004889 seconds, Stopping threads took: 0.0000972 seconds
2022-04-24T19:38:17.457+0500: 2.624: Total time for which application threads were stopped: 0.0004056 seconds, Stopping threads took: 0.0000165 seconds
2022-04-24T19:38:17.463+0500: 2.630: Total time for which application threads were stopped: 0.0001814 seconds, Stopping threads took: 0.0000348 seconds
2022-04-24T19:38:17.464+0500: 2.631: [GC concurrent-mark-end, 0.0195381 secs]
2022-04-24T19:38:17.464+0500: 2.631: [GC remark 2022-04-24T19:38:17.464+0500: 2.631: [Finalize Marking, 0.0003053 secs] 2022-04-24T19:38:17.464+0500: 2.632: [GC ref-proc, 0.0028372 secs] 2022-04-24T19:38:17.467+0500: 2.634: [Unloading, 0.0030895 secs], 0.0066720 secs]
 [Times: user=0.05 sys=0.00, real=0.01 secs] 
2022-04-24T19:38:17.471+0500: 2.638: Total time for which application threads were stopped: 0.0067919 seconds, Stopping threads took: 0.0000257 seconds
2022-04-24T19:38:17.471+0500: 2.638: [GC cleanup 41M->38M(512M), 0.0009479 secs]
 [Times: user=0.01 sys=0.01, real=0.00 secs] 
2022-04-24T19:38:17.472+0500: 2.639: Total time for which application threads were stopped: 0.0011020 seconds, Stopping threads took: 0.0000632 seconds
2022-04-24T19:38:17.472+0500: 2.639: [GC concurrent-cleanup-start]
2022-04-24T19:38:17.472+0500: 2.639: [GC concurrent-cleanup-end, 0.0000144 secs]
2022-04-24T19:38:17.725+0500: 2.892: Total time for which application threads were stopped: 0.0005097 seconds, Stopping threads took: 0.0000423 seconds
2022-04-24T19:38:17.731+0500: 2.898: Total time for which application threads were stopped: 0.0010013 seconds, Stopping threads took: 0.0006244 seconds
2022-04-24T19:38:18.126+0500: 3.293: Total time for which application threads were stopped: 0.0002028 seconds, Stopping threads took: 0.0000246 seconds
2022-04-24T19:38:18.175+0500: 3.343: Total time for which application threads were stopped: 0.0002294 seconds, Stopping threads took: 0.0000357 seconds
{Heap before GC invocations=7 (full 0):
 garbage-first heap   total 524288K, used 332231K [0x00000007a0000000, 0x00000007a0101000, 0x00000007c0000000)
  region size 1024K, 307 young (314368K), 16 survivors (16384K)
 Metaspace       used 43716K, capacity 45232K, committed 45340K, reserved 1089536K
  class space    used 5341K, capacity 5706K, committed 5708K, reserved 1048576K
2022-04-24T19:38:18.232+0500: 3.399: [GC pause (G1 Evacuation Pause) (young) (initial-mark)
Desired survivor size 20447232 bytes, new threshold 15 (max 15)
- age   1:    5334096 bytes,    5334096 total
- age   2:     371080 bytes,    5705176 total
- age   3:     569880 bytes,    6275056 total
, 0.0117922 secs]
   [Parallel Time: 7.3 ms, GC Workers: 13]
      [GC Worker Start (ms): Min: 3399.5, Avg: 3399.6, Max: 3399.6, Diff: 0.2]
      [Ext Root Scanning (ms): Min: 1.0, Avg: 1.1, Max: 1.2, Diff: 0.3, Sum: 14.3]
      [Update RS (ms): Min: 0.0, Avg: 0.2, Max: 0.4, Diff: 0.4, Sum: 2.1]
         [Processed Buffers: Min: 0, Avg: 2.5, Max: 10, Diff: 10, Sum: 32]
      [Scan RS (ms): Min: 0.0, Avg: 0.0, Max: 0.0, Diff: 0.0, Sum: 0.3]
      [Code Root Scanning (ms): Min: 0.0, Avg: 0.3, Max: 1.7, Diff: 1.7, Sum: 3.3]
      [Object Copy (ms): Min: 3.4, Avg: 5.0, Max: 5.5, Diff: 2.1, Sum: 65.2]
      [Termination (ms): Min: 0.0, Avg: 0.5, Max: 0.6, Diff: 0.6, Sum: 6.5]
         [Termination Attempts: Min: 1, Avg: 18.5, Max: 27, Diff: 26, Sum: 240]
      [GC Worker Other (ms): Min: 0.0, Avg: 0.0, Max: 0.0, Diff: 0.0, Sum: 0.2]
      [GC Worker Total (ms): Min: 7.0, Avg: 7.1, Max: 7.2, Diff: 0.2, Sum: 91.8]
      [GC Worker End (ms): Min: 3406.6, Avg: 3406.6, Max: 3406.7, Diff: 0.1]
   [Code Root Fixup: 0.1 ms]
   [Code Root Purge: 0.0 ms]
   [Clear CT: 0.2 ms]
   [Other: 4.2 ms]
      [Choose CSet: 0.0 ms]
      [Ref Proc: 3.6 ms]
      [Ref Enq: 0.1 ms]
      [Redirty Cards: 0.1 ms]
      [Humongous Register: 0.0 ms]
      [Humongous Reclaim: 0.0 ms]
      [Free CSet: 0.2 ms]
   [Eden: 291.0M(291.0M)->0.0B(278.0M) Survivors: 16.0M->29.0M Heap: 324.4M(512.0M)->45.5M(512.0M)]
Heap after GC invocations=8 (full 0):
 garbage-first heap   total 524288K, used 46592K [0x00000007a0000000, 0x00000007a0101000, 0x00000007c0000000)
  region size 1024K, 29 young (29696K), 29 survivors (29696K)
 Metaspace       used 43716K, capacity 45232K, committed 45340K, reserved 1089536K
  class space    used 5341K, capacity 5706K, committed 5708K, reserved 1048576K
}
 [Times: user=0.13 sys=0.01, real=0.01 secs] 
2022-04-24T19:38:18.244+0500: 3.411: [GC concurrent-root-region-scan-start]
2022-04-24T19:38:18.244+0500: 3.411: Total time for which application threads were stopped: 0.0120476 seconds, Stopping threads took: 0.0000195 seconds
2022-04-24T19:38:18.250+0500: 3.417: [GC concurrent-root-region-scan-end, 0.0057694 secs]
2022-04-24T19:38:18.250+0500: 3.417: [GC concurrent-mark-start]
2022-04-24T19:38:18.275+0500: 3.442: [GC concurrent-mark-end, 0.0249847 secs]
2022-04-24T19:38:18.275+0500: 3.442: [GC remark 2022-04-24T19:38:18.275+0500: 3.442: [Finalize Marking, 0.0004607 secs] 2022-04-24T19:38:18.276+0500: 3.443: [GC ref-proc, 0.0056940 secs] 2022-04-24T19:38:18.281+0500: 3.448: [Unloading, 0.0039492 secs], 0.0104300 secs]
 [Times: user=0.11 sys=0.01, real=0.01 secs] 
2022-04-24T19:38:18.286+0500: 3.453: Total time for which application threads were stopped: 0.0106348 seconds, Stopping threads took: 0.0000821 seconds
2022-04-24T19:38:18.286+0500: 3.453: [GC cleanup 51M->51M(512M), 0.0007944 secs]
 [Times: user=0.00 sys=0.00, real=0.00 secs] 
2022-04-24T19:38:18.287+0500: 3.454: Total time for which application threads were stopped: 0.0009377 seconds, Stopping threads took: 0.0000564 seconds
2022-04-24T19:38:18.422+0500: 3.589: Total time for which application threads were stopped: 0.0004724 seconds, Stopping threads took: 0.0000162 seconds
2022-04-24T19:38:18.437+0500: 3.605: Total time for which application threads were stopped: 0.0004187 seconds, Stopping threads took: 0.0000158 seconds
2022-04-24T19:38:18.439+0500: 3.606: Total time for which application threads were stopped: 0.0003935 seconds, Stopping threads took: 0.0000099 seconds
2022-04-24T19:38:18.469+0500: 3.636: Total time for which application threads were stopped: 0.0004895 seconds, Stopping threads took: 0.0000166 seconds
2022-04-24T19:38:18.530+0500: 3.697: Total time for which application threads were stopped: 0.0004460 seconds, Stopping threads took: 0.0000172 seconds
2022-04-24T19:38:19.121+0500: 4.288: Total time for which application threads were stopped: 0.0003694 seconds, Stopping threads took: 0.0000163 seconds
2022-04-24T19:38:20.121+0500: 5.288: Total time for which application threads were stopped: 0.0000833 seconds, Stopping threads took: 0.0000356 seconds
2022-04-24T19:38:34.966+0500: 20.133: Total time for which application threads were stopped: 0.0000895 seconds, Stopping threads took: 0.0000313 seconds
2022-04-24T19:38:34.968+0500: 20.135: Total time for which application threads were stopped: 0.0001349 seconds, Stopping threads took: 0.0000903 seconds
2022-04-24T19:38:34.968+0500: 20.135: Total time for which application threads were stopped: 0.0000601 seconds, Stopping threads took: 0.0000297 seconds
2022-04-24T19:38:34.971+0500: 20.137: Total time for which application threads were stopped: 0.0000640 seconds, Stopping threads took: 0.0000219 seconds
2022-04-24T19:38:34.973+0500: 20.139: Total time for which application threads were stopped: 0.0000653 seconds, Stopping threads took: 0.0000206 seconds
2022-04-24T19:38:34.973+0500: 20.140: Total time for which application threads were stopped: 0.0000607 seconds, Stopping threads took: 0.0000208 seconds
2022-04-24T19:38:34.973+0500: 20.140: Total time for which application threads were stopped: 0.0000578 seconds, Stopping threads took: 0.0000199 seconds
2022-04-24T19:38:34.975+0500: 20.142: Total time for which application threads were stopped: 0.0000616 seconds, Stopping threads took: 0.0000204 seconds
2022-04-24T19:38:34.976+0500: 20.142: Total time for which application threads were stopped: 0.0000593 seconds, Stopping threads took: 0.0000200 seconds
2022-04-24T19:38:34.976+0500: 20.143: Total time for which application threads were stopped: 0.0000563 seconds, Stopping threads took: 0.0000228 seconds
2022-04-24T19:38:34.976+0500: 20.143: Total time for which application threads were stopped: 0.0000568 seconds, Stopping threads took: 0.0000195 seconds
2022-04-24T19:38:34.977+0500: 20.144: Total time for which application threads were stopped: 0.0000637 seconds, Stopping threads took: 0.0000214 seconds
2022-04-24T19:38:34.978+0500: 20.144: Total time for which application threads were stopped: 0.0000625 seconds, Stopping threads took: 0.0000202 seconds
2022-04-24T19:38:34.978+0500: 20.145: Total time for which application threads were stopped: 0.0000565 seconds, Stopping threads took: 0.0000202 seconds
2022-04-24T19:38:34.980+0500: 20.146: Total time for which application threads were stopped: 0.0000691 seconds, Stopping threads took: 0.0000222 seconds
2022-04-24T19:38:34.982+0500: 20.148: Total time for which application threads were stopped: 0.0000818 seconds, Stopping threads took: 0.0000307 seconds
2022-04-24T19:38:34.982+0500: 20.149: Total time for which application threads were stopped: 0.0000614 seconds, Stopping threads took: 0.0000235 seconds
2022-04-24T19:38:34.982+0500: 20.149: Total time for which application threads were stopped: 0.0000604 seconds, Stopping threads took: 0.0000217 seconds
2022-04-24T19:38:34.986+0500: 20.153: Total time for which application threads were stopped: 0.0000801 seconds, Stopping threads took: 0.0000281 seconds
2022-04-24T19:38:34.989+0500: 20.156: Total time for which application threads were stopped: 0.0000463 seconds, Stopping threads took: 0.0000093 seconds
2022-04-24T19:38:34.993+0500: 20.160: Total time for which application threads were stopped: 0.0002386 seconds, Stopping threads took: 0.0000378 seconds
2022-04-24T19:38:34.993+0500: 20.160: Total time for which application threads were stopped: 0.0000866 seconds, Stopping threads took: 0.0000315 seconds
2022-04-24T19:38:34.994+0500: 20.161: Total time for which application threads were stopped: 0.0000716 seconds, Stopping threads took: 0.0000220 seconds
2022-04-24T19:38:34.995+0500: 20.162: Total time for which application threads were stopped: 0.0000759 seconds, Stopping threads took: 0.0000234 seconds
2022-04-24T19:38:34.996+0500: 20.162: Total time for which application threads were stopped: 0.0000619 seconds, Stopping threads took: 0.0000206 seconds
2022-04-24T19:38:34.997+0500: 20.164: Total time for which application threads were stopped: 0.0000993 seconds, Stopping threads took: 0.0000400 seconds
2022-04-24T19:38:35.001+0500: 20.168: Total time for which application threads were stopped: 0.0000846 seconds, Stopping threads took: 0.0000342 seconds
2022-04-24T19:38:35.002+0500: 20.168: Total time for which application threads were stopped: 0.0000658 seconds, Stopping threads took: 0.0000215 seconds
2022-04-24T19:38:35.002+0500: 20.168: Total time for which application threads were stopped: 0.0000516 seconds, Stopping threads took: 0.0000169 seconds
2022-04-24T19:38:35.040+0500: 20.207: Total time for which application threads were stopped: 0.0004595 seconds, Stopping threads took: 0.0000172 seconds
2022-04-24T19:38:35.262+0500: 20.429: Total time for which application threads were stopped: 0.0000808 seconds, Stopping threads took: 0.0000185 seconds
2022-04-24T19:38:35.262+0500: 20.429: Total time for which application threads were stopped: 0.0000514 seconds, Stopping threads took: 0.0000110 seconds
2022-04-24T19:38:35.262+0500: 20.429: Total time for which application threads were stopped: 0.0000529 seconds, Stopping threads took: 0.0000208 seconds
2022-04-24T19:38:35.263+0500: 20.430: Total time for which application threads were stopped: 0.0000666 seconds, Stopping threads took: 0.0000105 seconds
2022-04-24T19:38:35.264+0500: 20.430: Total time for which application threads were stopped: 0.0000516 seconds, Stopping threads took: 0.0000083 seconds
2022-04-24T19:38:35.266+0500: 20.433: Total time for which application threads were stopped: 0.0000821 seconds, Stopping threads took: 0.0000160 seconds
2022-04-24T19:38:35.267+0500: 20.433: Total time for which application threads were stopped: 0.0000705 seconds, Stopping threads took: 0.0000117 seconds
2022-04-24T19:38:35.273+0500: 20.440: Total time for which application threads were stopped: 0.0001206 seconds, Stopping threads took: 0.0000334 seconds
2022-04-24T19:38:35.274+0500: 20.441: Total time for which application threads were stopped: 0.0000987 seconds, Stopping threads took: 0.0000264 seconds
2022-04-24T19:38:35.274+0500: 20.441: Total time for which application threads were stopped: 0.0000662 seconds, Stopping threads took: 0.0000102 seconds
2022-04-24T19:38:35.275+0500: 20.441: Total time for which application threads were stopped: 0.0000623 seconds, Stopping threads took: 0.0000095 seconds
2022-04-24T19:38:35.277+0500: 20.444: Total time for which application threads were stopped: 0.0002036 seconds, Stopping threads took: 0.0001429 seconds
2022-04-24T19:38:35.279+0500: 20.446: Total time for which application threads were stopped: 0.0000862 seconds, Stopping threads took: 0.0000346 seconds
2022-04-24T19:38:35.280+0500: 20.447: Total time for which application threads were stopped: 0.0000670 seconds, Stopping threads took: 0.0000160 seconds
2022-04-24T19:38:35.281+0500: 20.447: Total time for which application threads were stopped: 0.0001331 seconds, Stopping threads took: 0.0000185 seconds
2022-04-24T19:38:35.281+0500: 20.448: Total time for which application threads were stopped: 0.0000426 seconds, Stopping threads took: 0.0000091 seconds
2022-04-24T19:38:35.282+0500: 20.449: Total time for which application threads were stopped: 0.0000634 seconds, Stopping threads took: 0.0000125 seconds
2022-04-24T19:38:35.282+0500: 20.449: Total time for which application threads were stopped: 0.0000432 seconds, Stopping threads took: 0.0000084 seconds
2022-04-24T19:38:35.283+0500: 20.449: Total time for which application threads were stopped: 0.0000442 seconds, Stopping threads took: 0.0000101 seconds
2022-04-24T19:38:35.283+0500: 20.449: Total time for which application threads were stopped: 0.0000461 seconds, Stopping threads took: 0.0000112 seconds
2022-04-24T19:38:35.283+0500: 20.449: Total time for which application threads were stopped: 0.0000448 seconds, Stopping threads took: 0.0000106 seconds
2022-04-24T19:38:35.283+0500: 20.450: Total time for which application threads were stopped: 0.0000438 seconds, Stopping threads took: 0.0000089 seconds
2022-04-24T19:38:35.283+0500: 20.450: Total time for which application threads were stopped: 0.0000362 seconds, Stopping threads took: 0.0000072 seconds
2022-04-24T19:38:35.283+0500: 20.450: Total time for which application threads were stopped: 0.0000409 seconds, Stopping threads took: 0.0000086 seconds
2022-04-24T19:38:35.284+0500: 20.450: Total time for which application threads were stopped: 0.0000408 seconds, Stopping threads took: 0.0000080 seconds
2022-04-24T19:38:35.284+0500: 20.450: Total time for which application threads were stopped: 0.0000334 seconds, Stopping threads took: 0.0000066 seconds
2022-04-24T19:38:35.284+0500: 20.450: Total time for which application threads were stopped: 0.0000307 seconds, Stopping threads took: 0.0000064 seconds
2022-04-24T19:38:35.284+0500: 20.450: Total time for which application threads were stopped: 0.0000313 seconds, Stopping threads took: 0.0000065 seconds
2022-04-24T19:38:35.284+0500: 20.451: Total time for which application threads were stopped: 0.0000306 seconds, Stopping threads took: 0.0000063 seconds
2022-04-24T19:38:35.284+0500: 20.451: Total time for which application threads were stopped: 0.0000367 seconds, Stopping threads took: 0.0000075 seconds
2022-04-24T19:38:35.284+0500: 20.451: Total time for which application threads were stopped: 0.0000522 seconds, Stopping threads took: 0.0000178 seconds
2022-04-24T19:38:36.289+0500: 21.455: Total time for which application threads were stopped: 0.0000779 seconds, Stopping threads took: 0.0000216 seconds
2022-04-24T19:38:37.293+0500: 22.460: Total time for which application threads were stopped: 0.0001340 seconds, Stopping threads took: 0.0000350 seconds
2022-04-24T19:38:48.393+0500: 33.560: Total time for which application threads were stopped: 0.0001561 seconds, Stopping threads took: 0.0000408 seconds
2022-04-24T19:38:49.398+0500: 34.565: Total time for which application threads were stopped: 0.0001129 seconds, Stopping threads took: 0.0000277 seconds
2022-04-24T19:38:56.839+0500: 42.005: Total time for which application threads were stopped: 0.0001086 seconds, Stopping threads took: 0.0000486 seconds
2022-04-24T19:38:56.839+0500: 42.005: Total time for which application threads were stopped: 0.0000736 seconds, Stopping threads took: 0.0000243 seconds
2022-04-24T19:38:57.840+0500: 43.007: Total time for which application threads were stopped: 0.0000980 seconds, Stopping threads took: 0.0000246 seconds
2022-04-24T19:39:07.549+0500: 52.714: Total time for which application threads were stopped: 0.0004054 seconds, Stopping threads took: 0.0000172 seconds
2022-04-24T19:39:07.591+0500: 52.757: Total time for which application threads were stopped: 0.0001489 seconds, Stopping threads took: 0.0000684 seconds
2022-04-24T19:39:08.594+0500: 53.760: Total time for which application threads were stopped: 0.0000836 seconds, Stopping threads took: 0.0000235 seconds
2022-04-24T19:39:17.315+0500: 62.481: Total time for which application threads were stopped: 0.0004685 seconds, Stopping threads took: 0.0000187 seconds
2022-04-24T19:39:17.319+0500: 62.484: Total time for which application threads were stopped: 0.0000737 seconds, Stopping threads took: 0.0000136 seconds
2022-04-24T19:39:17.333+0500: 62.499: Total time for which application threads were stopped: 0.0004624 seconds, Stopping threads took: 0.0000186 seconds
2022-04-24T19:39:18.334+0500: 63.499: Total time for which application threads were stopped: 0.0001301 seconds, Stopping threads took: 0.0000321 seconds
2022-04-24T19:39:26.360+0500: 71.526: Total time for which application threads were stopped: 0.0001288 seconds, Stopping threads took: 0.0000271 seconds
2022-04-24T19:40:17.521+0500: 122.686: Total time for which application threads were stopped: 0.0000903 seconds, Stopping threads took: 0.0000213 seconds
2022-04-24T19:40:19.529+0500: 124.693: Total time for which application threads were stopped: 0.0000817 seconds, Stopping threads took: 0.0000232 seconds
2022-04-24T19:40:28.563+0500: 133.727: Total time for which application threads were stopped: 0.0001173 seconds, Stopping threads took: 0.0000535 seconds
2022-04-24T19:41:07.595+0500: 172.758: Total time for which application threads were stopped: 0.0001049 seconds, Stopping threads took: 0.0000237 seconds
2022-04-24T19:41:14.622+0500: 179.785: Total time for which application threads were stopped: 0.0001210 seconds, Stopping threads took: 0.0000344 seconds
2022-04-24T19:41:17.633+0500: 182.796: Total time for which application threads were stopped: 0.0001820 seconds, Stopping threads took: 0.0000572 seconds
2022-04-24T19:41:29.468+0500: 194.630: Total time for which application threads were stopped: 0.0001405 seconds, Stopping threads took: 0.0000597 seconds
2022-04-24T19:41:29.468+0500: 194.630: Total time for which application threads were stopped: 0.0000785 seconds, Stopping threads took: 0.0000314 seconds
2022-04-24T19:41:29.468+0500: 194.630: Total time for which application threads were stopped: 0.0000744 seconds, Stopping threads took: 0.0000278 seconds
2022-04-24T19:41:29.468+0500: 194.631: Total time for which application threads were stopped: 0.0000772 seconds, Stopping threads took: 0.0000390 seconds
2022-04-24T19:41:29.470+0500: 194.633: Total time for which application threads were stopped: 0.0001366 seconds, Stopping threads took: 0.0000669 seconds
2022-04-24T19:41:29.470+0500: 194.633: Total time for which application threads were stopped: 0.0000734 seconds, Stopping threads took: 0.0000260 seconds
2022-04-24T19:41:29.470+0500: 194.633: Total time for which application threads were stopped: 0.0000779 seconds, Stopping threads took: 0.0000284 seconds
2022-04-24T19:41:29.471+0500: 194.633: Total time for which application threads were stopped: 0.0001029 seconds, Stopping threads took: 0.0000427 seconds
2022-04-24T19:41:29.471+0500: 194.633: Total time for which application threads were stopped: 0.0001139 seconds, Stopping threads took: 0.0000676 seconds
2022-04-24T19:42:17.616+0500: 242.778: Total time for which application threads were stopped: 0.0001220 seconds, Stopping threads took: 0.0000386 seconds
2022-04-24T19:43:17.812+0500: 302.971: Total time for which application threads were stopped: 0.0001748 seconds, Stopping threads took: 0.0000457 seconds
2022-04-24T19:43:29.475+0500: 314.635: Total time for which application threads were stopped: 0.0001121 seconds, Stopping threads took: 0.0000244 seconds
2022-04-24T19:44:17.621+0500: 362.779: Total time for which application threads were stopped: 0.0000903 seconds, Stopping threads took: 0.0000227 seconds
2022-04-24T19:45:17.802+0500: 422.959: Total time for which application threads were stopped: 0.0001588 seconds, Stopping threads took: 0.0000380 seconds
2022-04-24T19:45:29.481+0500: 434.637: Total time for which application threads were stopped: 0.0001135 seconds, Stopping threads took: 0.0000461 seconds
2022-04-24T19:47:17.795+0500: 542.949: Total time for which application threads were stopped: 0.0001219 seconds, Stopping threads took: 0.0000342 seconds
2022-04-24T19:47:29.486+0500: 554.639: Total time for which application threads were stopped: 0.0001725 seconds, Stopping threads took: 0.0000298 seconds
2022-04-24T19:49:12.780+0500: 657.931: Total time for which application threads were stopped: 0.0001228 seconds, Stopping threads took: 0.0000191 seconds
2022-04-24T19:49:12.781+0500: 657.931: Total time for which application threads were stopped: 0.0000812 seconds, Stopping threads took: 0.0000240 seconds
2022-04-24T19:49:12.791+0500: 657.942: Total time for which application threads were stopped: 0.0000716 seconds, Stopping threads took: 0.0000156 seconds
2022-04-24T19:49:12.869+0500: 658.019: Total time for which application threads were stopped: 0.0004687 seconds, Stopping threads took: 0.0000164 seconds
2022-04-24T19:49:12.874+0500: 658.024: Total time for which application threads were stopped: 0.0004979 seconds, Stopping threads took: 0.0000205 seconds
2022-04-24T19:49:12.900+0500: 658.051: Total time for which application threads were stopped: 0.0000860 seconds, Stopping threads took: 0.0000290 seconds
2022-04-24T19:49:12.903+0500: 658.054: Total time for which application threads were stopped: 0.0002335 seconds, Stopping threads took: 0.0000446 seconds
2022-04-24T19:49:12.943+0500: 658.094: Total time for which application threads were stopped: 0.0001498 seconds, Stopping threads took: 0.0000571 seconds
2022-04-24T19:49:13.147+0500: 658.298: Total time for which application threads were stopped: 0.0002108 seconds, Stopping threads took: 0.0000576 seconds
2022-04-24T19:49:13.461+0500: 658.612: Total time for which application threads were stopped: 0.0001951 seconds, Stopping threads took: 0.0000288 seconds
{Heap before GC invocations=9 (full 0):
 garbage-first heap   total 524288K, used 333440K [0x00000007a0000000, 0x00000007a0101000, 0x00000007c0000000)
  region size 1024K, 307 young (314368K), 29 survivors (29696K)
 Metaspace       used 53984K, capacity 56262K, committed 56476K, reserved 1099776K
  class space    used 6628K, capacity 7073K, committed 7116K, reserved 1048576K
2022-04-24T19:49:13.489+0500: 658.640: [GC pause (G1 Evacuation Pause) (young)
Desired survivor size 20447232 bytes, new threshold 15 (max 15)
- age   1:    8025112 bytes,    8025112 total
- age   2:    4674168 bytes,   12699280 total
- age   3:     338264 bytes,   13037544 total
- age   4:     567696 bytes,   13605240 total
, 0.0139626 secs]
   [Parallel Time: 8.0 ms, GC Workers: 13]
      [GC Worker Start (ms): Min: 658640.0, Avg: 658640.1, Max: 658640.2, Diff: 0.2]
      [Ext Root Scanning (ms): Min: 0.2, Avg: 0.5, Max: 3.1, Diff: 2.9, Sum: 6.7]
      [Update RS (ms): Min: 0.0, Avg: 0.2, Max: 0.4, Diff: 0.4, Sum: 2.1]
         [Processed Buffers: Min: 0, Avg: 2.8, Max: 12, Diff: 12, Sum: 36]
      [Scan RS (ms): Min: 0.0, Avg: 0.0, Max: 0.0, Diff: 0.0, Sum: 0.3]
      [Code Root Scanning (ms): Min: 0.0, Avg: 0.3, Max: 0.5, Diff: 0.5, Sum: 4.2]
      [Object Copy (ms): Min: 4.7, Avg: 6.6, Max: 7.0, Diff: 2.3, Sum: 85.8]
      [Termination (ms): Min: 0.0, Avg: 0.0, Max: 0.0, Diff: 0.0, Sum: 0.2]
         [Termination Attempts: Min: 1, Avg: 19.0, Max: 26, Diff: 25, Sum: 247]
      [GC Worker Other (ms): Min: 0.0, Avg: 0.1, Max: 0.1, Diff: 0.1, Sum: 0.7]
      [GC Worker Total (ms): Min: 7.6, Avg: 7.7, Max: 7.9, Diff: 0.3, Sum: 99.9]
      [GC Worker End (ms): Min: 658647.8, Avg: 658647.8, Max: 658647.9, Diff: 0.1]
   [Code Root Fixup: 0.2 ms]
   [Code Root Purge: 0.1 ms]
   [Clear CT: 0.2 ms]
   [Other: 5.5 ms]
      [Choose CSet: 0.0 ms]
      [Ref Proc: 4.9 ms]
      [Ref Enq: 0.2 ms]
      [Redirty Cards: 0.1 ms]
      [Humongous Register: 0.0 ms]
      [Humongous Reclaim: 0.0 ms]
      [Free CSet: 0.3 ms]
   [Eden: 278.0M(278.0M)->0.0B(268.0M) Survivors: 29.0M->39.0M Heap: 325.6M(512.0M)->61.4M(512.0M)]
Heap after GC invocations=10 (full 0):
 garbage-first heap   total 524288K, used 62917K [0x00000007a0000000, 0x00000007a0101000, 0x00000007c0000000)
  region size 1024K, 39 young (39936K), 39 survivors (39936K)
 Metaspace       used 53984K, capacity 56262K, committed 56476K, reserved 1099776K
  class space    used 6628K, capacity 7073K, committed 7116K, reserved 1048576K
}
 [Times: user=0.13 sys=0.01, real=0.02 secs] 
2022-04-24T19:49:13.503+0500: 658.654: Total time for which application threads were stopped: 0.0142295 seconds, Stopping threads took: 0.0000602 seconds
2022-04-24T19:49:13.504+0500: 658.654: Total time for which application threads were stopped: 0.0001207 seconds, Stopping threads took: 0.0000545 seconds
2022-04-24T19:49:13.504+0500: 658.655: Total time for which application threads were stopped: 0.0001030 seconds, Stopping threads took: 0.0000431 seconds
2022-04-24T19:49:13.506+0500: 658.656: Total time for which application threads were stopped: 0.0001346 seconds, Stopping threads took: 0.0000815 seconds
2022-04-24T19:49:13.936+0500: 659.086: Total time for which application threads were stopped: 0.0001931 seconds, Stopping threads took: 0.0000430 seconds
{Heap before GC invocations=10 (full 0):
 garbage-first heap   total 524288K, used 345486K [0x00000007a0000000, 0x00000007a0101000, 0x00000007c0000000)
  region size 1024K, 307 young (314368K), 39 survivors (39936K)
 Metaspace       used 54027K, capacity 56262K, committed 56476K, reserved 1099776K
  class space    used 6628K, capacity 7073K, committed 7116K, reserved 1048576K
2022-04-24T19:49:14.776+0500: 659.926: [GC pause (G1 Evacuation Pause) (young)
Desired survivor size 20447232 bytes, new threshold 2 (max 15)
- age   1:   17429408 bytes,   17429408 total
- age   2:    7790288 bytes,   25219696 total
- age   3:    4590296 bytes,   29809992 total
- age   4:     337976 bytes,   30147968 total
- age   5:     564824 bytes,   30712792 total
, 0.0123453 secs]
   [Parallel Time: 8.0 ms, GC Workers: 13]
      [GC Worker Start (ms): Min: 659926.2, Avg: 659926.4, Max: 659926.5, Diff: 0.3]
      [Ext Root Scanning (ms): Min: 0.1, Avg: 0.4, Max: 2.6, Diff: 2.5, Sum: 4.7]
      [Update RS (ms): Min: 0.0, Avg: 0.1, Max: 0.2, Diff: 0.2, Sum: 1.4]
         [Processed Buffers: Min: 0, Avg: 2.1, Max: 5, Diff: 5, Sum: 27]
      [Scan RS (ms): Min: 0.0, Avg: 0.2, Max: 0.3, Diff: 0.3, Sum: 2.8]
      [Code Root Scanning (ms): Min: 0.0, Avg: 0.3, Max: 0.8, Diff: 0.8, Sum: 4.1]
      [Object Copy (ms): Min: 4.9, Avg: 6.3, Max: 6.7, Diff: 1.8, Sum: 81.9]
      [Termination (ms): Min: 0.0, Avg: 0.3, Max: 0.4, Diff: 0.4, Sum: 4.3]
         [Termination Attempts: Min: 1, Avg: 10.8, Max: 17, Diff: 16, Sum: 141]
      [GC Worker Other (ms): Min: 0.0, Avg: 0.0, Max: 0.0, Diff: 0.0, Sum: 0.2]
      [GC Worker Total (ms): Min: 7.5, Avg: 7.6, Max: 7.8, Diff: 0.3, Sum: 99.4]
      [GC Worker End (ms): Min: 659933.9, Avg: 659934.0, Max: 659934.0, Diff: 0.2]
   [Code Root Fixup: 0.1 ms]
   [Code Root Purge: 0.0 ms]
   [Clear CT: 0.2 ms]
   [Other: 4.0 ms]
      [Choose CSet: 0.0 ms]
      [Ref Proc: 3.5 ms]
      [Ref Enq: 0.1 ms]
      [Redirty Cards: 0.1 ms]
      [Humongous Register: 0.0 ms]
      [Humongous Reclaim: 0.0 ms]
      [Free CSet: 0.2 ms]
   [Eden: 268.0M(268.0M)->0.0B(277.0M) Survivors: 39.0M->30.0M Heap: 337.4M(512.0M)->70.0M(512.0M)]
Heap after GC invocations=11 (full 0):
 garbage-first heap   total 524288K, used 71648K [0x00000007a0000000, 0x00000007a0101000, 0x00000007c0000000)
  region size 1024K, 30 young (30720K), 30 survivors (30720K)
 Metaspace       used 54027K, capacity 56262K, committed 56476K, reserved 1099776K
  class space    used 6628K, capacity 7073K, committed 7116K, reserved 1048576K
}
 [Times: user=0.11 sys=0.00, real=0.01 secs] 
2022-04-24T19:49:14.788+0500: 659.939: Total time for which application threads were stopped: 0.0126454 seconds, Stopping threads took: 0.0000463 seconds
2022-04-24T19:49:14.861+0500: 660.012: Total time for which application threads were stopped: 0.0001969 seconds, Stopping threads took: 0.0000611 seconds
2022-04-24T19:49:15.864+0500: 661.015: Total time for which application threads were stopped: 0.0001435 seconds, Stopping threads took: 0.0000491 seconds
{Heap before GC invocations=11 (full 0):
 garbage-first heap   total 524288K, used 385401K [0x00000007a0000000, 0x00000007a0101000, 0x00000007c0000000)
  region size 1024K, 307 young (314368K), 30 survivors (30720K)
 Metaspace       used 54042K, capacity 56262K, committed 56476K, reserved 1099776K
  class space    used 6629K, capacity 7073K, committed 7116K, reserved 1048576K
2022-04-24T19:49:16.100+0500: 661.251: [GC pause (G1 Evacuation Pause) (young)
Desired survivor size 20447232 bytes, new threshold 2 (max 15)
- age   1:   13752488 bytes,   13752488 total
- age   2:   10231136 bytes,   23983624 total
, 0.0108540 secs]
   [Parallel Time: 6.2 ms, GC Workers: 13]
      [GC Worker Start (ms): Min: 661250.7, Avg: 661250.9, Max: 661251.0, Diff: 0.3]
      [Ext Root Scanning (ms): Min: 0.1, Avg: 0.3, Max: 1.4, Diff: 1.3, Sum: 4.0]
      [Update RS (ms): Min: 0.0, Avg: 0.1, Max: 0.2, Diff: 0.2, Sum: 1.8]
         [Processed Buffers: Min: 0, Avg: 2.0, Max: 3, Diff: 3, Sum: 26]
      [Scan RS (ms): Min: 0.0, Avg: 0.4, Max: 0.5, Diff: 0.5, Sum: 4.6]
      [Code Root Scanning (ms): Min: 0.0, Avg: 0.2, Max: 0.5, Diff: 0.5, Sum: 2.1]
      [Object Copy (ms): Min: 4.6, Avg: 4.9, Max: 5.1, Diff: 0.5, Sum: 63.9]
      [Termination (ms): Min: 0.0, Avg: 0.0, Max: 0.0, Diff: 0.0, Sum: 0.0]
         [Termination Attempts: Min: 1, Avg: 1.2, Max: 2, Diff: 1, Sum: 16]
      [GC Worker Other (ms): Min: 0.0, Avg: 0.0, Max: 0.1, Diff: 0.0, Sum: 0.3]
      [GC Worker Total (ms): Min: 5.8, Avg: 5.9, Max: 6.1, Diff: 0.3, Sum: 76.6]
      [GC Worker End (ms): Min: 661256.7, Avg: 661256.8, Max: 661256.8, Diff: 0.0]
   [Code Root Fixup: 0.1 ms]
   [Code Root Purge: 0.0 ms]
   [Clear CT: 0.1 ms]
   [Other: 4.4 ms]
      [Choose CSet: 0.0 ms]
      [Ref Proc: 3.9 ms]
      [Ref Enq: 0.1 ms]
      [Redirty Cards: 0.1 ms]
      [Humongous Register: 0.0 ms]
      [Humongous Reclaim: 0.0 ms]
      [Free CSet: 0.2 ms]
   [Eden: 277.0M(277.0M)->0.0B(279.0M) Survivors: 30.0M->28.0M Heap: 376.4M(512.0M)->83.9M(512.0M)]
Heap after GC invocations=12 (full 0):
 garbage-first heap   total 524288K, used 85878K [0x00000007a0000000, 0x00000007a0101000, 0x00000007c0000000)
  region size 1024K, 28 young (28672K), 28 survivors (28672K)
 Metaspace       used 54042K, capacity 56262K, committed 56476K, reserved 1099776K
  class space    used 6629K, capacity 7073K, committed 7116K, reserved 1048576K
}
 [Times: user=0.09 sys=0.00, real=0.01 secs] 
2022-04-24T19:49:16.111+0500: 661.262: Total time for which application threads were stopped: 0.0110953 seconds, Stopping threads took: 0.0000385 seconds
2022-04-24T19:49:17.111+0500: 662.262: Total time for which application threads were stopped: 0.0001232 seconds, Stopping threads took: 0.0000585 seconds
{Heap before GC invocations=12 (full 0):
 garbage-first heap   total 524288K, used 419506K [0x00000007a0000000, 0x00000007a0101000, 0x00000007c0000000)
  region size 1024K, 307 young (314368K), 28 survivors (28672K)
 Metaspace       used 54044K, capacity 56262K, committed 56476K, reserved 1099776K
  class space    used 6629K, capacity 7073K, committed 7116K, reserved 1048576K
2022-04-24T19:49:17.512+0500: 662.662: [GC pause (G1 Evacuation Pause) (young)
Desired survivor size 20447232 bytes, new threshold 2 (max 15)
- age   1:   15452840 bytes,   15452840 total
- age   2:    8235952 bytes,   23688792 total
, 0.0093555 secs]
   [Parallel Time: 4.8 ms, GC Workers: 13]
      [GC Worker Start (ms): Min: 662662.5, Avg: 662662.7, Max: 662662.8, Diff: 0.3]
      [Ext Root Scanning (ms): Min: 0.1, Avg: 0.3, Max: 1.1, Diff: 0.9, Sum: 3.7]
      [Update RS (ms): Min: 0.0, Avg: 0.2, Max: 0.4, Diff: 0.4, Sum: 3.0]
         [Processed Buffers: Min: 0, Avg: 2.9, Max: 7, Diff: 7, Sum: 38]
      [Scan RS (ms): Min: 0.0, Avg: 0.2, Max: 0.4, Diff: 0.4, Sum: 2.8]
      [Code Root Scanning (ms): Min: 0.0, Avg: 0.0, Max: 0.0, Diff: 0.0, Sum: 0.0]
      [Object Copy (ms): Min: 3.5, Avg: 3.7, Max: 3.8, Diff: 0.3, Sum: 47.8]
      [Termination (ms): Min: 0.0, Avg: 0.0, Max: 0.0, Diff: 0.0, Sum: 0.0]
         [Termination Attempts: Min: 1, Avg: 1.0, Max: 1, Diff: 0, Sum: 13]
      [GC Worker Other (ms): Min: 0.0, Avg: 0.0, Max: 0.1, Diff: 0.1, Sum: 0.6]
      [GC Worker Total (ms): Min: 4.3, Avg: 4.5, Max: 4.6, Diff: 0.3, Sum: 58.0]
      [GC Worker End (ms): Min: 662667.1, Avg: 662667.2, Max: 662667.2, Diff: 0.1]
   [Code Root Fixup: 0.0 ms]
   [Code Root Purge: 0.0 ms]
   [Clear CT: 0.1 ms]
   [Other: 4.4 ms]
      [Choose CSet: 0.0 ms]
      [Ref Proc: 3.9 ms]
      [Ref Enq: 0.1 ms]
      [Redirty Cards: 0.1 ms]
      [Humongous Register: 0.0 ms]
      [Humongous Reclaim: 0.0 ms]
      [Free CSet: 0.1 ms]
   [Eden: 279.0M(279.0M)->0.0B(278.0M) Survivors: 28.0M->29.0M Heap: 409.7M(512.0M)->100.8M(512.0M)]
Heap after GC invocations=13 (full 0):
 garbage-first heap   total 524288K, used 103217K [0x00000007a0000000, 0x00000007a0101000, 0x00000007c0000000)
  region size 1024K, 29 young (29696K), 29 survivors (29696K)
 Metaspace       used 54044K, capacity 56262K, committed 56476K, reserved 1099776K
  class space    used 6629K, capacity 7073K, committed 7116K, reserved 1048576K
}
 [Times: user=0.07 sys=0.01, real=0.01 secs] 
2022-04-24T19:49:17.521+0500: 662.672: Total time for which application threads were stopped: 0.0096055 seconds, Stopping threads took: 0.0000391 seconds
2022-04-24T19:49:17.914+0500: 663.064: Total time for which application threads were stopped: 0.0000892 seconds, Stopping threads took: 0.0000191 seconds
{Heap before GC invocations=13 (full 0):
 garbage-first heap   total 524288K, used 397826K [0x00000007a0000000, 0x00000007a0101000, 0x00000007c0000000)
  region size 1024K, 307 young (314368K), 29 survivors (29696K)
 Metaspace       used 54045K, capacity 56262K, committed 56476K, reserved 1099776K
  class space    used 6629K, capacity 7073K, committed 7116K, reserved 1048576K
2022-04-24T19:49:18.658+0500: 663.809: [GC pause (G1 Evacuation Pause) (young)
Desired survivor size 20447232 bytes, new threshold 2 (max 15)
- age   1:   15351792 bytes,   15351792 total
- age   2:    9414712 bytes,   24766504 total
, 0.0076724 secs]
   [Parallel Time: 4.6 ms, GC Workers: 13]
      [GC Worker Start (ms): Min: 663808.7, Avg: 663808.8, Max: 663808.9, Diff: 0.2]
      [Ext Root Scanning (ms): Min: 0.1, Avg: 0.3, Max: 0.8, Diff: 0.7, Sum: 3.3]
      [Update RS (ms): Min: 0.0, Avg: 0.4, Max: 0.8, Diff: 0.8, Sum: 4.8]
         [Processed Buffers: Min: 0, Avg: 1.8, Max: 5, Diff: 5, Sum: 23]
      [Scan RS (ms): Min: 0.0, Avg: 0.0, Max: 0.1, Diff: 0.1, Sum: 0.4]
      [Code Root Scanning (ms): Min: 0.0, Avg: 0.0, Max: 0.0, Diff: 0.0, Sum: 0.0]
      [Object Copy (ms): Min: 3.4, Avg: 3.7, Max: 3.8, Diff: 0.4, Sum: 48.1]
      [Termination (ms): Min: 0.0, Avg: 0.0, Max: 0.0, Diff: 0.0, Sum: 0.0]
         [Termination Attempts: Min: 1, Avg: 1.0, Max: 1, Diff: 0, Sum: 13]
      [GC Worker Other (ms): Min: 0.0, Avg: 0.0, Max: 0.1, Diff: 0.1, Sum: 0.3]
      [GC Worker Total (ms): Min: 4.3, Avg: 4.4, Max: 4.5, Diff: 0.2, Sum: 57.0]
      [GC Worker End (ms): Min: 663813.2, Avg: 663813.2, Max: 663813.2, Diff: 0.0]
   [Code Root Fixup: 0.0 ms]
   [Code Root Purge: 0.0 ms]
   [Clear CT: 0.1 ms]
   [Other: 2.9 ms]
      [Choose CSet: 0.0 ms]
      [Ref Proc: 2.5 ms]
      [Ref Enq: 0.1 ms]
      [Redirty Cards: 0.1 ms]
      [Humongous Register: 0.0 ms]
      [Humongous Reclaim: 0.0 ms]
      [Free CSet: 0.1 ms]
   [Eden: 278.0M(278.0M)->0.0B(276.0M) Survivors: 29.0M->31.0M Heap: 388.5M(512.0M)->115.8M(512.0M)]
Heap after GC invocations=14 (full 0):
 garbage-first heap   total 524288K, used 118599K [0x00000007a0000000, 0x00000007a0101000, 0x00000007c0000000)
  region size 1024K, 31 young (31744K), 31 survivors (31744K)
 Metaspace       used 54045K, capacity 56262K, committed 56476K, reserved 1099776K
  class space    used 6629K, capacity 7073K, committed 7116K, reserved 1048576K
}
 [Times: user=0.07 sys=0.00, real=0.01 secs] 
2022-04-24T19:49:18.666+0500: 663.816: Total time for which application threads were stopped: 0.0078900 seconds, Stopping threads took: 0.0000195 seconds
2022-04-24T19:49:19.670+0500: 664.820: Total time for which application threads were stopped: 0.0001320 seconds, Stopping threads took: 0.0000586 seconds
{Heap before GC invocations=14 (full 0):
 garbage-first heap   total 524288K, used 428274K [0x00000007a0000000, 0x00000007a0101000, 0x00000007c0000000)
  region size 1024K, 307 young (314368K), 31 survivors (31744K)
 Metaspace       used 54048K, capacity 56262K, committed 56476K, reserved 1099776K
  class space    used 6629K, capacity 7073K, committed 7116K, reserved 1048576K
2022-04-24T19:49:19.993+0500: 665.143: [GC pause (G1 Evacuation Pause) (young)
Desired survivor size 20447232 bytes, new threshold 2 (max 15)
- age   1:   17023304 bytes,   17023304 total
- age   2:    9278384 bytes,   26301688 total
, 0.0087262 secs]
   [Parallel Time: 5.2 ms, GC Workers: 13]
      [GC Worker Start (ms): Min: 665143.5, Avg: 665143.6, Max: 665143.7, Diff: 0.2]
      [Ext Root Scanning (ms): Min: 0.1, Avg: 0.3, Max: 0.8, Diff: 0.7, Sum: 3.3]
      [Update RS (ms): Min: 0.0, Avg: 0.3, Max: 0.6, Diff: 0.6, Sum: 4.2]
         [Processed Buffers: Min: 0, Avg: 2.7, Max: 5, Diff: 5, Sum: 35]
      [Scan RS (ms): Min: 0.3, Avg: 0.5, Max: 0.8, Diff: 0.4, Sum: 6.7]
      [Code Root Scanning (ms): Min: 0.0, Avg: 0.0, Max: 0.0, Diff: 0.0, Sum: 0.0]
      [Object Copy (ms): Min: 3.7, Avg: 3.8, Max: 3.9, Diff: 0.2, Sum: 49.6]
      [Termination (ms): Min: 0.0, Avg: 0.0, Max: 0.0, Diff: 0.0, Sum: 0.0]
         [Termination Attempts: Min: 1, Avg: 1.1, Max: 2, Diff: 1, Sum: 14]
      [GC Worker Other (ms): Min: 0.0, Avg: 0.0, Max: 0.1, Diff: 0.1, Sum: 0.6]
      [GC Worker Total (ms): Min: 4.9, Avg: 5.0, Max: 5.0, Diff: 0.2, Sum: 64.5]
      [GC Worker End (ms): Min: 665148.5, Avg: 665148.5, Max: 665148.6, Diff: 0.1]
   [Code Root Fixup: 0.0 ms]
   [Code Root Purge: 0.0 ms]
   [Clear CT: 0.2 ms]
   [Other: 3.4 ms]
      [Choose CSet: 0.0 ms]
      [Ref Proc: 2.8 ms]
      [Ref Enq: 0.2 ms]
      [Redirty Cards: 0.1 ms]
      [Humongous Register: 0.0 ms]
      [Humongous Reclaim: 0.0 ms]
      [Free CSet: 0.1 ms]
   [Eden: 276.0M(276.0M)->0.0B(278.0M) Survivors: 31.0M->29.0M Heap: 418.2M(512.0M)->128.8M(512.0M)]
Heap after GC invocations=15 (full 0):
 garbage-first heap   total 524288K, used 131852K [0x00000007a0000000, 0x00000007a0101000, 0x00000007c0000000)
  region size 1024K, 29 young (29696K), 29 survivors (29696K)
 Metaspace       used 54048K, capacity 56262K, committed 56476K, reserved 1099776K
  class space    used 6629K, capacity 7073K, committed 7116K, reserved 1048576K
}
 [Times: user=0.08 sys=0.01, real=0.01 secs] 
2022-04-24T19:49:20.002+0500: 665.152: Total time for which application threads were stopped: 0.0090010 seconds, Stopping threads took: 0.0000530 seconds
2022-04-24T19:49:21.003+0500: 666.154: Total time for which application threads were stopped: 0.0002409 seconds, Stopping threads took: 0.0001270 seconds
{Heap before GC invocations=15 (full 0):
 garbage-first heap   total 524288K, used 437610K [0x00000007a0000000, 0x00000007a0101000, 0x00000007c0000000)
  region size 1024K, 307 young (314368K), 29 survivors (29696K)
 Metaspace       used 54052K, capacity 56326K, committed 56476K, reserved 1099776K
  class space    used 6629K, capacity 7073K, committed 7116K, reserved 1048576K
2022-04-24T19:49:21.354+0500: 666.504: [GC pause (G1 Evacuation Pause) (young)
Desired survivor size 20447232 bytes, new threshold 2 (max 15)
- age   1:   16238240 bytes,   16238240 total
- age   2:    8444168 bytes,   24682408 total
, 0.0084535 secs]
   [Parallel Time: 5.4 ms, GC Workers: 13]
      [GC Worker Start (ms): Min: 666504.5, Avg: 666504.6, Max: 666504.7, Diff: 0.2]
      [Ext Root Scanning (ms): Min: 0.1, Avg: 0.3, Max: 0.9, Diff: 0.8, Sum: 3.5]
      [Update RS (ms): Min: 0.0, Avg: 0.3, Max: 0.7, Diff: 0.7, Sum: 3.4]
         [Processed Buffers: Min: 0, Avg: 2.4, Max: 4, Diff: 4, Sum: 31]
      [Scan RS (ms): Min: 0.3, Avg: 0.6, Max: 0.7, Diff: 0.4, Sum: 7.3]
      [Code Root Scanning (ms): Min: 0.0, Avg: 0.0, Max: 0.0, Diff: 0.0, Sum: 0.0]
      [Object Copy (ms): Min: 3.9, Avg: 4.0, Max: 4.0, Diff: 0.1, Sum: 52.1]
      [Termination (ms): Min: 0.0, Avg: 0.0, Max: 0.0, Diff: 0.0, Sum: 0.0]
         [Termination Attempts: Min: 1, Avg: 1.0, Max: 1, Diff: 0, Sum: 13]
      [GC Worker Other (ms): Min: 0.0, Avg: 0.0, Max: 0.1, Diff: 0.1, Sum: 0.5]
      [GC Worker Total (ms): Min: 5.0, Avg: 5.1, Max: 5.3, Diff: 0.3, Sum: 66.8]
      [GC Worker End (ms): Min: 666509.8, Avg: 666509.8, Max: 666509.8, Diff: 0.1]
   [Code Root Fixup: 0.0 ms]
   [Code Root Purge: 0.0 ms]
   [Clear CT: 0.1 ms]
   [Other: 2.9 ms]
      [Choose CSet: 0.0 ms]
      [Ref Proc: 2.4 ms]
      [Ref Enq: 0.1 ms]
      [Redirty Cards: 0.1 ms]
      [Humongous Register: 0.0 ms]
      [Humongous Reclaim: 0.0 ms]
      [Free CSet: 0.1 ms]
   [Eden: 278.0M(278.0M)->0.0B(277.0M) Survivors: 29.0M->30.0M Heap: 427.4M(512.0M)->142.7M(512.0M)]
Heap after GC invocations=16 (full 0):
 garbage-first heap   total 524288K, used 146142K [0x00000007a0000000, 0x00000007a0101000, 0x00000007c0000000)
  region size 1024K, 30 young (30720K), 30 survivors (30720K)
 Metaspace       used 54052K, capacity 56326K, committed 56476K, reserved 1099776K
  class space    used 6629K, capacity 7073K, committed 7116K, reserved 1048576K
}
 [Times: user=0.07 sys=0.00, real=0.01 secs] 
2022-04-24T19:49:21.363+0500: 666.513: Total time for which application threads were stopped: 0.0086901 seconds, Stopping threads took: 0.0000396 seconds
2022-04-24T19:49:22.364+0500: 667.515: Total time for which application threads were stopped: 0.0001298 seconds, Stopping threads took: 0.0000639 seconds
{Heap before GC invocations=16 (full 0):
 garbage-first heap   total 524288K, used 466193K [0x00000007a0000000, 0x00000007a0101000, 0x00000007c0000000)
  region size 1024K, 307 young (314368K), 30 survivors (30720K)
 Metaspace       used 54053K, capacity 56326K, committed 56476K, reserved 1099776K
  class space    used 6629K, capacity 7073K, committed 7116K, reserved 1048576K
2022-04-24T19:49:22.926+0500: 668.077: [GC pause (G1 Evacuation Pause) (young)
Desired survivor size 20447232 bytes, new threshold 2 (max 15)
- age   1:   17611680 bytes,   17611680 total
- age   2:    8321840 bytes,   25933520 total
 (to-space exhausted), 0.0173152 secs]
   [Parallel Time: 6.8 ms, GC Workers: 13]
      [GC Worker Start (ms): Min: 668076.7, Avg: 668076.7, Max: 668076.8, Diff: 0.2]
      [Ext Root Scanning (ms): Min: 0.1, Avg: 0.3, Max: 1.1, Diff: 1.0, Sum: 4.0]
      [Update RS (ms): Min: 0.0, Avg: 0.3, Max: 0.6, Diff: 0.6, Sum: 4.2]
         [Processed Buffers: Min: 0, Avg: 2.6, Max: 4, Diff: 4, Sum: 34]
      [Scan RS (ms): Min: 0.4, Avg: 0.8, Max: 1.0, Diff: 0.6, Sum: 10.7]
      [Code Root Scanning (ms): Min: 0.0, Avg: 0.0, Max: 0.0, Diff: 0.0, Sum: 0.0]
      [Object Copy (ms): Min: 4.8, Avg: 4.9, Max: 5.0, Diff: 0.2, Sum: 63.5]
      [Termination (ms): Min: 0.0, Avg: 0.2, Max: 0.2, Diff: 0.2, Sum: 2.4]
         [Termination Attempts: Min: 1, Avg: 1.0, Max: 1, Diff: 0, Sum: 13]
      [GC Worker Other (ms): Min: 0.0, Avg: 0.0, Max: 0.1, Diff: 0.0, Sum: 0.3]
      [GC Worker Total (ms): Min: 6.5, Avg: 6.6, Max: 6.7, Diff: 0.2, Sum: 85.2]
      [GC Worker End (ms): Min: 668083.2, Avg: 668083.3, Max: 668083.3, Diff: 0.1]
   [Code Root Fixup: 0.0 ms]
   [Code Root Purge: 0.0 ms]
   [Clear CT: 0.2 ms]
   [Other: 10.4 ms]
      [Evacuation Failure: 6.7 ms]
      [Choose CSet: 0.0 ms]
      [Ref Proc: 2.9 ms]
      [Ref Enq: 0.2 ms]
      [Redirty Cards: 0.2 ms]
      [Humongous Register: 0.0 ms]
      [Humongous Reclaim: 0.0 ms]
      [Free CSet: 0.1 ms]
   [Eden: 277.0M(277.0M)->0.0B(139.0M) Survivors: 30.0M->27.0M Heap: 455.3M(512.0M)->281.4M(512.0M)]
Heap after GC invocations=17 (full 0):
 garbage-first heap   total 524288K, used 288105K [0x00000007a0000000, 0x00000007a0101000, 0x00000007c0000000)
  region size 1024K, 27 young (27648K), 27 survivors (27648K)
 Metaspace       used 54053K, capacity 56326K, committed 56476K, reserved 1099776K
  class space    used 6629K, capacity 7073K, committed 7116K, reserved 1048576K
}
 [Times: user=0.17 sys=0.01, real=0.02 secs] 
2022-04-24T19:49:22.944+0500: 668.094: Total time for which application threads were stopped: 0.0175741 seconds, Stopping threads took: 0.0000516 seconds
{Heap before GC invocations=17 (full 0):
 garbage-first heap   total 524288K, used 378217K [0x00000007a0000000, 0x00000007a0101000, 0x00000007c0000000)
  region size 1024K, 116 young (118784K), 27 survivors (27648K)
 Metaspace       used 54053K, capacity 56326K, committed 56476K, reserved 1099776K
  class space    used 6629K, capacity 7073K, committed 7116K, reserved 1048576K
2022-04-24T19:49:23.406+0500: 668.556: [GC pause (G1 Humongous Allocation) (young) (initial-mark)
Desired survivor size 11010048 bytes, new threshold 1 (max 15)
- age   1:   16314560 bytes,   16314560 total
- age   2:    8583056 bytes,   24897616 total
, 0.0099147 secs]
   [Parallel Time: 6.3 ms, GC Workers: 13]
      [GC Worker Start (ms): Min: 668556.1, Avg: 668556.2, Max: 668556.3, Diff: 0.2]
      [Ext Root Scanning (ms): Min: 0.7, Avg: 0.9, Max: 1.2, Diff: 0.5, Sum: 11.3]
      [Update RS (ms): Min: 0.1, Avg: 0.5, Max: 0.7, Diff: 0.6, Sum: 5.9]
         [Processed Buffers: Min: 1, Avg: 2.8, Max: 5, Diff: 4, Sum: 36]
      [Scan RS (ms): Min: 0.5, Avg: 0.7, Max: 0.9, Diff: 0.4, Sum: 9.1]
      [Code Root Scanning (ms): Min: 0.0, Avg: 0.0, Max: 0.0, Diff: 0.0, Sum: 0.0]
      [Object Copy (ms): Min: 3.9, Avg: 4.0, Max: 4.2, Diff: 0.3, Sum: 51.8]
      [Termination (ms): Min: 0.0, Avg: 0.0, Max: 0.0, Diff: 0.0, Sum: 0.0]
         [Termination Attempts: Min: 1, Avg: 1.0, Max: 1, Diff: 0, Sum: 13]
      [GC Worker Other (ms): Min: 0.0, Avg: 0.0, Max: 0.1, Diff: 0.0, Sum: 0.3]
      [GC Worker Total (ms): Min: 6.0, Avg: 6.0, Max: 6.2, Diff: 0.2, Sum: 78.5]
      [GC Worker End (ms): Min: 668562.2, Avg: 668562.2, Max: 668562.3, Diff: 0.0]
   [Code Root Fixup: 0.0 ms]
   [Code Root Purge: 0.0 ms]
   [Clear CT: 0.2 ms]
   [Other: 3.5 ms]
      [Choose CSet: 0.0 ms]
      [Ref Proc: 2.9 ms]
      [Ref Enq: 0.2 ms]
      [Redirty Cards: 0.1 ms]
      [Humongous Register: 0.0 ms]
      [Humongous Reclaim: 0.0 ms]
      [Free CSet: 0.1 ms]
   [Eden: 89.0M(139.0M)->0.0B(142.0M) Survivors: 27.0M->14.0M Heap: 370.4M(512.0M)->289.9M(512.0M)]
Heap after GC invocations=18 (full 0):
 garbage-first heap   total 524288K, used 296809K [0x00000007a0000000, 0x00000007a0101000, 0x00000007c0000000)
  region size 1024K, 14 young (14336K), 14 survivors (14336K)
 Metaspace       used 54053K, capacity 56326K, committed 56476K, reserved 1099776K
  class space    used 6629K, capacity 7073K, committed 7116K, reserved 1048576K
}
 [Times: user=0.08 sys=0.01, real=0.01 secs] 
2022-04-24T19:49:23.416+0500: 668.566: [GC concurrent-root-region-scan-start]
2022-04-24T19:49:23.416+0500: 668.566: Total time for which application threads were stopped: 0.0101636 seconds, Stopping threads took: 0.0000212 seconds
2022-04-24T19:49:23.417+0500: 668.567: [GC concurrent-root-region-scan-end, 0.0011406 secs]
2022-04-24T19:49:23.417+0500: 668.567: [GC concurrent-mark-start]
2022-04-24T19:49:23.448+0500: 668.599: [GC concurrent-mark-end, 0.0315578 secs]
2022-04-24T19:49:23.449+0500: 668.599: [GC remark 2022-04-24T19:49:23.449+0500: 668.599: [Finalize Marking, 0.0004437 secs] 2022-04-24T19:49:23.449+0500: 668.599: [GC ref-proc, 0.0037775 secs] 2022-04-24T19:49:23.453+0500: 668.603: [Unloading, 0.0056816 secs], 0.0104060 secs]
 [Times: user=0.08 sys=0.01, real=0.01 secs] 
2022-04-24T19:49:23.459+0500: 668.609: Total time for which application threads were stopped: 0.0106301 seconds, Stopping threads took: 0.0000379 seconds
2022-04-24T19:49:23.459+0500: 668.610: [GC cleanup 310M->307M(512M), 0.0013815 secs]
 [Times: user=0.01 sys=0.00, real=0.01 secs] 
2022-04-24T19:49:23.461+0500: 668.611: Total time for which application threads were stopped: 0.0015417 seconds, Stopping threads took: 0.0000442 seconds
2022-04-24T19:49:23.461+0500: 668.611: [GC concurrent-cleanup-start]
2022-04-24T19:49:23.461+0500: 668.611: [GC concurrent-cleanup-end, 0.0000123 secs]
{Heap before GC invocations=19 (full 0):
 garbage-first heap   total 524288K, used 460310K [0x00000007a0000000, 0x00000007a0101000, 0x00000007c0000000)
  region size 1024K, 156 young (159744K), 14 survivors (14336K)
 Metaspace       used 53759K, capacity 55614K, committed 56476K, reserved 1099776K
  class space    used 6545K, capacity 6923K, committed 7116K, reserved 1048576K
2022-04-24T19:49:24.130+0500: 669.280: [GC pause (G1 Evacuation Pause) (young)
Desired survivor size 10485760 bytes, new threshold 15 (max 15)
- age   1:    9059280 bytes,    9059280 total
, 0.0064986 secs]
   [Parallel Time: 3.0 ms, GC Workers: 13]
      [GC Worker Start (ms): Min: 669280.0, Avg: 669280.1, Max: 669280.2, Diff: 0.2]
      [Ext Root Scanning (ms): Min: 0.1, Avg: 0.2, Max: 0.8, Diff: 0.7, Sum: 3.1]
      [Update RS (ms): Min: 0.0, Avg: 0.6, Max: 1.0, Diff: 1.0, Sum: 8.4]
         [Processed Buffers: Min: 0, Avg: 3.1, Max: 6, Diff: 6, Sum: 40]
      [Scan RS (ms): Min: 0.2, Avg: 0.5, Max: 0.8, Diff: 0.5, Sum: 6.6]
      [Code Root Scanning (ms): Min: 0.0, Avg: 0.0, Max: 0.0, Diff: 0.0, Sum: 0.0]
      [Object Copy (ms): Min: 1.3, Avg: 1.3, Max: 1.4, Diff: 0.1, Sum: 17.3]
      [Termination (ms): Min: 0.0, Avg: 0.1, Max: 0.1, Diff: 0.1, Sum: 0.9]
         [Termination Attempts: Min: 1, Avg: 1.0, Max: 1, Diff: 0, Sum: 13]
      [GC Worker Other (ms): Min: 0.0, Avg: 0.0, Max: 0.0, Diff: 0.0, Sum: 0.1]
      [GC Worker Total (ms): Min: 2.7, Avg: 2.8, Max: 2.9, Diff: 0.2, Sum: 36.4]
      [GC Worker End (ms): Min: 669282.9, Avg: 669282.9, Max: 669283.0, Diff: 0.0]
   [Code Root Fixup: 0.0 ms]
   [Code Root Purge: 0.0 ms]
   [Clear CT: 0.1 ms]
   [Other: 3.4 ms]
      [Choose CSet: 0.0 ms]
      [Ref Proc: 2.9 ms]
      [Ref Enq: 0.1 ms]
      [Redirty Cards: 0.1 ms]
      [Humongous Register: 0.0 ms]
      [Humongous Reclaim: 0.0 ms]
      [Free CSet: 0.1 ms]
   [Eden: 142.0M(142.0M)->0.0B(7168.0K) Survivors: 14.0M->18.0M Heap: 449.5M(512.0M)->307.6M(512.0M)]
Heap after GC invocations=20 (full 0):
 garbage-first heap   total 524288K, used 314981K [0x00000007a0000000, 0x00000007a0101000, 0x00000007c0000000)
  region size 1024K, 18 young (18432K), 18 survivors (18432K)
 Metaspace       used 53759K, capacity 55614K, committed 56476K, reserved 1099776K
  class space    used 6545K, capacity 6923K, committed 7116K, reserved 1048576K
}
 [Times: user=0.05 sys=0.01, real=0.00 secs] 
2022-04-24T19:49:24.136+0500: 669.287: Total time for which application threads were stopped: 0.0067649 seconds, Stopping threads took: 0.0000547 seconds
{Heap before GC invocations=20 (full 0):
 garbage-first heap   total 524288K, used 322772K [0x00000007a0000000, 0x00000007a0101000, 0x00000007c0000000)
  region size 1024K, 25 young (25600K), 18 survivors (18432K)
 Metaspace       used 53759K, capacity 55614K, committed 56476K, reserved 1099776K
  class space    used 6545K, capacity 6923K, committed 7116K, reserved 1048576K
2022-04-24T19:49:24.170+0500: 669.321: [GC pause (G1 Evacuation Pause) (mixed)
Desired survivor size 2097152 bytes, new threshold 1 (max 15)
- age   1:   11024072 bytes,   11024072 total
- age   2:    3219384 bytes,   14243456 total
, 0.0055288 secs]
   [Parallel Time: 2.5 ms, GC Workers: 13]
      [GC Worker Start (ms): Min: 669320.8, Avg: 669321.0, Max: 669321.1, Diff: 0.2]
      [Ext Root Scanning (ms): Min: 0.1, Avg: 0.2, Max: 0.8, Diff: 0.7, Sum: 3.2]
      [Update RS (ms): Min: 0.2, Avg: 0.7, Max: 1.0, Diff: 0.7, Sum: 9.6]
         [Processed Buffers: Min: 2, Avg: 2.7, Max: 6, Diff: 4, Sum: 35]
      [Scan RS (ms): Min: 0.0, Avg: 0.0, Max: 0.1, Diff: 0.1, Sum: 0.5]
      [Code Root Scanning (ms): Min: 0.0, Avg: 0.0, Max: 0.0, Diff: 0.0, Sum: 0.0]
      [Object Copy (ms): Min: 1.1, Avg: 1.2, Max: 1.3, Diff: 0.2, Sum: 15.9]
      [Termination (ms): Min: 0.0, Avg: 0.0, Max: 0.0, Diff: 0.0, Sum: 0.0]
         [Termination Attempts: Min: 1, Avg: 1.2, Max: 3, Diff: 2, Sum: 16]
      [GC Worker Other (ms): Min: 0.0, Avg: 0.0, Max: 0.0, Diff: 0.0, Sum: 0.1]
      [GC Worker Total (ms): Min: 2.1, Avg: 2.3, Max: 2.4, Diff: 0.2, Sum: 29.3]
      [GC Worker End (ms): Min: 669323.2, Avg: 669323.2, Max: 669323.2, Diff: 0.0]
   [Code Root Fixup: 0.0 ms]
   [Code Root Purge: 0.0 ms]
   [Clear CT: 0.1 ms]
   [Other: 2.9 ms]
      [Choose CSet: 0.0 ms]
      [Ref Proc: 2.5 ms]
      [Ref Enq: 0.1 ms]
      [Redirty Cards: 0.1 ms]
      [Humongous Register: 0.0 ms]
      [Humongous Reclaim: 0.0 ms]
      [Free CSet: 0.0 ms]
   [Eden: 7168.0K(7168.0K)->0.0B(21.0M) Survivors: 18.0M->4096.0K Heap: 315.2M(512.0M)->260.2M(512.0M)]
Heap after GC invocations=21 (full 0):
 garbage-first heap   total 524288K, used 266442K [0x00000007a0000000, 0x00000007a0101000, 0x00000007c0000000)
  region size 1024K, 4 young (4096K), 4 survivors (4096K)
 Metaspace       used 53759K, capacity 55614K, committed 56476K, reserved 1099776K
  class space    used 6545K, capacity 6923K, committed 7116K, reserved 1048576K
}
 [Times: user=0.04 sys=0.00, real=0.00 secs] 
2022-04-24T19:49:24.176+0500: 669.326: Total time for which application threads were stopped: 0.0057319 seconds, Stopping threads took: 0.0000188 seconds
{Heap before GC invocations=21 (full 0):
 garbage-first heap   total 524288K, used 290344K [0x00000007a0000000, 0x00000007a0101000, 0x00000007c0000000)
  region size 1024K, 25 young (25600K), 4 survivors (4096K)
 Metaspace       used 53759K, capacity 55614K, committed 56476K, reserved 1099776K
  class space    used 6545K, capacity 6923K, committed 7116K, reserved 1048576K
2022-04-24T19:49:24.275+0500: 669.425: [GC pause (G1 Evacuation Pause) (mixed)
Desired survivor size 2097152 bytes, new threshold 15 (max 15)
- age   1:     157952 bytes,     157952 total
, 0.0046660 secs]
   [Parallel Time: 1.6 ms, GC Workers: 13]
      [GC Worker Start (ms): Min: 669425.3, Avg: 669425.4, Max: 669425.5, Diff: 0.2]
      [Ext Root Scanning (ms): Min: 0.1, Avg: 0.2, Max: 0.7, Diff: 0.6, Sum: 3.0]
      [Update RS (ms): Min: 0.3, Avg: 0.6, Max: 0.9, Diff: 0.6, Sum: 8.3]
         [Processed Buffers: Min: 1, Avg: 3.2, Max: 6, Diff: 5, Sum: 41]
      [Scan RS (ms): Min: 0.0, Avg: 0.2, Max: 0.3, Diff: 0.3, Sum: 2.5]
      [Code Root Scanning (ms): Min: 0.0, Avg: 0.0, Max: 0.0, Diff: 0.0, Sum: 0.0]
      [Object Copy (ms): Min: 0.3, Avg: 0.3, Max: 0.3, Diff: 0.1, Sum: 3.9]
      [Termination (ms): Min: 0.0, Avg: 0.0, Max: 0.0, Diff: 0.0, Sum: 0.0]
         [Termination Attempts: Min: 1, Avg: 1.0, Max: 1, Diff: 0, Sum: 13]
      [GC Worker Other (ms): Min: 0.0, Avg: 0.0, Max: 0.0, Diff: 0.0, Sum: 0.2]
      [GC Worker Total (ms): Min: 1.3, Avg: 1.4, Max: 1.5, Diff: 0.2, Sum: 17.9]
      [GC Worker End (ms): Min: 669426.8, Avg: 669426.8, Max: 669426.8, Diff: 0.0]
   [Code Root Fixup: 0.0 ms]
   [Code Root Purge: 0.0 ms]
   [Clear CT: 0.1 ms]
   [Other: 2.9 ms]
      [Choose CSet: 0.0 ms]
      [Ref Proc: 2.6 ms]
      [Ref Enq: 0.1 ms]
      [Redirty Cards: 0.1 ms]
      [Humongous Register: 0.0 ms]
      [Humongous Reclaim: 0.0 ms]
      [Free CSet: 0.1 ms]
   [Eden: 21.0M(21.0M)->0.0B(21.0M) Survivors: 4096.0K->4096.0K Heap: 283.5M(512.0M)->215.0M(512.0M)]
Heap after GC invocations=22 (full 0):
 garbage-first heap   total 524288K, used 220172K [0x00000007a0000000, 0x00000007a0101000, 0x00000007c0000000)
  region size 1024K, 4 young (4096K), 4 survivors (4096K)
 Metaspace       used 53759K, capacity 55614K, committed 56476K, reserved 1099776K
  class space    used 6545K, capacity 6923K, committed 7116K, reserved 1048576K
}
 [Times: user=0.03 sys=0.01, real=0.01 secs] 
2022-04-24T19:49:24.280+0500: 669.430: Total time for which application threads were stopped: 0.0048550 seconds, Stopping threads took: 0.0000196 seconds
{Heap before GC invocations=22 (full 0):
 garbage-first heap   total 524288K, used 241676K [0x00000007a0000000, 0x00000007a0101000, 0x00000007c0000000)
  region size 1024K, 25 young (25600K), 4 survivors (4096K)
 Metaspace       used 53759K, capacity 55614K, committed 56476K, reserved 1099776K
  class space    used 6545K, capacity 6923K, committed 7116K, reserved 1048576K
2022-04-24T19:49:24.374+0500: 669.524: [GC pause (G1 Evacuation Pause) (mixed)
Desired survivor size 2097152 bytes, new threshold 1 (max 15)
- age   1:    2536408 bytes,    2536408 total
- age   2:     154944 bytes,    2691352 total
, 0.0050091 secs]
   [Parallel Time: 2.5 ms, GC Workers: 13]
      [GC Worker Start (ms): Min: 669524.4, Avg: 669524.5, Max: 669524.6, Diff: 0.2]
      [Ext Root Scanning (ms): Min: 0.1, Avg: 0.3, Max: 0.9, Diff: 0.8, Sum: 3.3]
      [Update RS (ms): Min: 0.0, Avg: 0.5, Max: 0.7, Diff: 0.7, Sum: 6.3]
         [Processed Buffers: Min: 0, Avg: 1.9, Max: 3, Diff: 3, Sum: 25]
      [Scan RS (ms): Min: 0.4, Avg: 0.6, Max: 0.7, Diff: 0.3, Sum: 7.7]
      [Code Root Scanning (ms): Min: 0.0, Avg: 0.0, Max: 0.0, Diff: 0.0, Sum: 0.0]
      [Object Copy (ms): Min: 0.9, Avg: 0.9, Max: 1.0, Diff: 0.1, Sum: 12.1]
      [Termination (ms): Min: 0.0, Avg: 0.0, Max: 0.0, Diff: 0.0, Sum: 0.1]
         [Termination Attempts: Min: 1, Avg: 1.8, Max: 3, Diff: 2, Sum: 23]
      [GC Worker Other (ms): Min: 0.0, Avg: 0.0, Max: 0.0, Diff: 0.0, Sum: 0.1]
      [GC Worker Total (ms): Min: 2.2, Avg: 2.3, Max: 2.4, Diff: 0.2, Sum: 29.6]
      [GC Worker End (ms): Min: 669526.8, Avg: 669526.8, Max: 669526.8, Diff: 0.0]
   [Code Root Fixup: 0.0 ms]
   [Code Root Purge: 0.0 ms]
   [Clear CT: 0.1 ms]
   [Other: 2.4 ms]
      [Choose CSet: 0.0 ms]
      [Ref Proc: 2.0 ms]
      [Ref Enq: 0.1 ms]
      [Redirty Cards: 0.1 ms]
      [Humongous Register: 0.0 ms]
      [Humongous Reclaim: 0.0 ms]
      [Free CSet: 0.1 ms]
   [Eden: 21.0M(21.0M)->0.0B(229.0M) Survivors: 4096.0K->4096.0K Heap: 236.0M(512.0M)->195.6M(512.0M)]
Heap after GC invocations=23 (full 0):
 garbage-first heap   total 524288K, used 200246K [0x00000007a0000000, 0x00000007a0101000, 0x00000007c0000000)
  region size 1024K, 4 young (4096K), 4 survivors (4096K)
 Metaspace       used 53759K, capacity 55614K, committed 56476K, reserved 1099776K
  class space    used 6545K, capacity 6923K, committed 7116K, reserved 1048576K
}
 [Times: user=0.03 sys=0.00, real=0.00 secs] 
2022-04-24T19:49:24.379+0500: 669.529: Total time for which application threads were stopped: 0.0052236 seconds, Stopping threads took: 0.0000217 seconds
{Heap before GC invocations=23 (full 0):
 garbage-first heap   total 524288K, used 399151K [0x00000007a0000000, 0x00000007a0101000, 0x00000007c0000000)
  region size 1024K, 183 young (187392K), 4 survivors (4096K)
 Metaspace       used 53760K, capacity 55614K, committed 56476K, reserved 1099776K
  class space    used 6545K, capacity 6923K, committed 7116K, reserved 1048576K
2022-04-24T19:49:25.195+0500: 670.345: [GC pause (G1 Humongous Allocation) (young) (initial-mark)
Desired survivor size 15728640 bytes, new threshold 15 (max 15)
- age   1:    3011384 bytes,    3011384 total
, 0.0070420 secs]
   [Parallel Time: 3.9 ms, GC Workers: 13]
      [GC Worker Start (ms): Min: 670345.4, Avg: 670345.5, Max: 670345.5, Diff: 0.1]
      [Ext Root Scanning (ms): Min: 0.6, Avg: 0.7, Max: 0.8, Diff: 0.3, Sum: 9.2]
      [Update RS (ms): Min: 0.8, Avg: 1.1, Max: 1.4, Diff: 0.6, Sum: 13.8]
         [Processed Buffers: Min: 2, Avg: 4.6, Max: 7, Diff: 5, Sum: 60]
      [Scan RS (ms): Min: 0.0, Avg: 0.2, Max: 0.5, Diff: 0.5, Sum: 3.2]
      [Code Root Scanning (ms): Min: 0.0, Avg: 0.0, Max: 0.0, Diff: 0.0, Sum: 0.0]
      [Object Copy (ms): Min: 1.5, Avg: 1.6, Max: 1.6, Diff: 0.1, Sum: 20.2]
      [Termination (ms): Min: 0.0, Avg: 0.0, Max: 0.0, Diff: 0.0, Sum: 0.0]
         [Termination Attempts: Min: 1, Avg: 1.1, Max: 2, Diff: 1, Sum: 14]
      [GC Worker Other (ms): Min: 0.0, Avg: 0.0, Max: 0.1, Diff: 0.1, Sum: 0.4]
      [GC Worker Total (ms): Min: 3.5, Avg: 3.6, Max: 3.7, Diff: 0.2, Sum: 46.8]
      [GC Worker End (ms): Min: 670349.1, Avg: 670349.1, Max: 670349.1, Diff: 0.1]
   [Code Root Fixup: 0.0 ms]
   [Code Root Purge: 0.0 ms]
   [Clear CT: 0.1 ms]
   [Other: 3.0 ms]
      [Choose CSet: 0.0 ms]
      [Ref Proc: 2.6 ms]
      [Ref Enq: 0.1 ms]
      [Redirty Cards: 0.1 ms]
      [Humongous Register: 0.0 ms]
      [Humongous Reclaim: 0.0 ms]
      [Free CSet: 0.1 ms]
   [Eden: 179.0M(229.0M)->0.0B(200.0M) Survivors: 4096.0K->17.0M Heap: 390.3M(512.0M)->221.6M(512.0M)]
Heap after GC invocations=24 (full 0):
 garbage-first heap   total 524288K, used 226934K [0x00000007a0000000, 0x00000007a0101000, 0x00000007c0000000)
  region size 1024K, 17 young (17408K), 17 survivors (17408K)
 Metaspace       used 53760K, capacity 55614K, committed 56476K, reserved 1099776K
  class space    used 6545K, capacity 6923K, committed 7116K, reserved 1048576K
}
 [Times: user=0.05 sys=0.01, real=0.01 secs] 
2022-04-24T19:49:25.202+0500: 670.352: [GC concurrent-root-region-scan-start]
2022-04-24T19:49:25.202+0500: 670.352: Total time for which application threads were stopped: 0.0072590 seconds, Stopping threads took: 0.0000242 seconds
2022-04-24T19:49:25.203+0500: 670.354: [GC concurrent-root-region-scan-end, 0.0013355 secs]
2022-04-24T19:49:25.203+0500: 670.354: [GC concurrent-mark-start]
2022-04-24T19:49:25.233+0500: 670.383: [GC concurrent-mark-end, 0.0294262 secs]
2022-04-24T19:49:25.233+0500: 670.383: [GC remark 2022-04-24T19:49:25.233+0500: 670.383: [Finalize Marking, 0.0004688 secs] 2022-04-24T19:49:25.233+0500: 670.384: [GC ref-proc, 0.0032965 secs] 2022-04-24T19:49:25.237+0500: 670.387: [Unloading, 0.0042968 secs], 0.0085121 secs]
 [Times: user=0.07 sys=0.01, real=0.01 secs] 
2022-04-24T19:49:25.242+0500: 670.392: Total time for which application threads were stopped: 0.0086728 seconds, Stopping threads took: 0.0000310 seconds
2022-04-24T19:49:25.242+0500: 670.392: [GC cleanup 227M->213M(512M), 0.0007613 secs]
 [Times: user=0.01 sys=0.00, real=0.00 secs] 
2022-04-24T19:49:25.242+0500: 670.393: Total time for which application threads were stopped: 0.0008831 seconds, Stopping threads took: 0.0000334 seconds
2022-04-24T19:49:25.243+0500: 670.393: [GC concurrent-cleanup-start]
2022-04-24T19:49:25.243+0500: 670.393: [GC concurrent-cleanup-end, 0.0000171 secs]
2022-04-24T19:49:25.311+0500: 670.462: Total time for which application threads were stopped: 0.0002048 seconds, Stopping threads took: 0.0000179 seconds
2022-04-24T19:49:25.321+0500: 670.471: Total time for which application threads were stopped: 0.0005274 seconds, Stopping threads took: 0.0000161 seconds
2022-04-24T19:49:25.490+0500: 670.640: Total time for which application threads were stopped: 0.0007744 seconds, Stopping threads took: 0.0000229 seconds
2022-04-24T19:49:25.491+0500: 670.641: Total time for which application threads were stopped: 0.0005594 seconds, Stopping threads took: 0.0000133 seconds
2022-04-24T19:49:26.297+0500: 671.447: Total time for which application threads were stopped: 0.0006150 seconds, Stopping threads took: 0.0000189 seconds
2022-04-24T19:49:26.358+0500: 671.508: Total time for which application threads were stopped: 0.0001827 seconds, Stopping threads took: 0.0000226 seconds
{Heap before GC invocations=25 (full 0):
 garbage-first heap   total 524288K, used 422106K [0x00000007a0000000, 0x00000007a0101000, 0x00000007c0000000)
  region size 1024K, 217 young (222208K), 17 survivors (17408K)
 Metaspace       used 54359K, capacity 56180K, committed 56988K, reserved 1099776K
  class space    used 6589K, capacity 6960K, committed 7116K, reserved 1048576K
2022-04-24T19:49:26.854+0500: 672.004: [GC pause (G1 Evacuation Pause) (young)
Desired survivor size 14680064 bytes, new threshold 15 (max 15)
- age   1:   13516256 bytes,   13516256 total
- age   2:     603808 bytes,   14120064 total
, 0.0053291 secs]
   [Parallel Time: 2.7 ms, GC Workers: 13]
      [GC Worker Start (ms): Min: 672004.4, Avg: 672004.5, Max: 672004.6, Diff: 0.2]
      [Ext Root Scanning (ms): Min: 0.1, Avg: 0.3, Max: 0.8, Diff: 0.7, Sum: 3.6]
      [Update RS (ms): Min: 0.4, Avg: 0.9, Max: 1.3, Diff: 0.9, Sum: 11.2]
         [Processed Buffers: Min: 1, Avg: 2.9, Max: 4, Diff: 3, Sum: 38]
      [Scan RS (ms): Min: 0.0, Avg: 0.0, Max: 0.1, Diff: 0.0, Sum: 0.2]
      [Code Root Scanning (ms): Min: 0.0, Avg: 0.0, Max: 0.1, Diff: 0.1, Sum: 0.2]
      [Object Copy (ms): Min: 0.9, Avg: 1.2, Max: 1.3, Diff: 0.5, Sum: 15.9]
      [Termination (ms): Min: 0.0, Avg: 0.0, Max: 0.0, Diff: 0.0, Sum: 0.1]
         [Termination Attempts: Min: 1, Avg: 1.2, Max: 3, Diff: 2, Sum: 15]
      [GC Worker Other (ms): Min: 0.0, Avg: 0.0, Max: 0.1, Diff: 0.1, Sum: 0.4]
      [GC Worker Total (ms): Min: 2.3, Avg: 2.4, Max: 2.5, Diff: 0.2, Sum: 31.6]
      [GC Worker End (ms): Min: 672006.9, Avg: 672006.9, Max: 672007.0, Diff: 0.1]
   [Code Root Fixup: 0.0 ms]
   [Code Root Purge: 0.0 ms]
   [Clear CT: 0.1 ms]
   [Other: 2.5 ms]
      [Choose CSet: 0.0 ms]
      [Ref Proc: 2.1 ms]
      [Ref Enq: 0.1 ms]
      [Redirty Cards: 0.1 ms]
      [Humongous Register: 0.0 ms]
      [Humongous Reclaim: 0.0 ms]
      [Free CSet: 0.1 ms]
   [Eden: 200.0M(200.0M)->0.0B(1024.0K) Survivors: 17.0M->25.0M Heap: 412.2M(512.0M)->220.5M(512.0M)]
Heap after GC invocations=26 (full 0):
 garbage-first heap   total 524288K, used 225781K [0x00000007a0000000, 0x00000007a0101000, 0x00000007c0000000)
  region size 1024K, 25 young (25600K), 25 survivors (25600K)
 Metaspace       used 54359K, capacity 56180K, committed 56988K, reserved 1099776K
  class space    used 6589K, capacity 6960K, committed 7116K, reserved 1048576K
}
 [Times: user=0.04 sys=0.00, real=0.00 secs] 
2022-04-24T19:49:26.859+0500: 672.010: Total time for which application threads were stopped: 0.0056049 seconds, Stopping threads took: 0.0000185 seconds
{Heap before GC invocations=26 (full 0):
 garbage-first heap   total 524288K, used 226805K [0x00000007a0000000, 0x00000007a0101000, 0x00000007c0000000)
  region size 1024K, 26 young (26624K), 25 survivors (25600K)
 Metaspace       used 54359K, capacity 56180K, committed 56988K, reserved 1099776K
  class space    used 6589K, capacity 6960K, committed 7116K, reserved 1048576K
2022-04-24T19:49:26.863+0500: 672.013: [GC pause (G1 Evacuation Pause) (mixed)
Desired survivor size 2097152 bytes, new threshold 2 (max 15)
- age   1:    1058416 bytes,    1058416 total
- age   2:   13434920 bytes,   14493336 total
- age   3:     570200 bytes,   15063536 total
, 0.0067647 secs]
   [Parallel Time: 3.9 ms, GC Workers: 13]
      [GC Worker Start (ms): Min: 672013.0, Avg: 672013.2, Max: 672014.5, Diff: 1.5]
      [Ext Root Scanning (ms): Min: 0.0, Avg: 0.2, Max: 0.8, Diff: 0.8, Sum: 3.2]
      [Update RS (ms): Min: 0.0, Avg: 0.8, Max: 1.0, Diff: 1.0, Sum: 10.4]
         [Processed Buffers: Min: 0, Avg: 2.8, Max: 4, Diff: 4, Sum: 36]
      [Scan RS (ms): Min: 0.3, Avg: 0.5, Max: 0.7, Diff: 0.4, Sum: 7.1]
      [Code Root Scanning (ms): Min: 0.0, Avg: 0.0, Max: 0.1, Diff: 0.1, Sum: 0.2]
      [Object Copy (ms): Min: 1.9, Avg: 2.0, Max: 2.1, Diff: 0.1, Sum: 26.4]
      [Termination (ms): Min: 0.0, Avg: 0.0, Max: 0.0, Diff: 0.0, Sum: 0.3]
         [Termination Attempts: Min: 1, Avg: 2.2, Max: 3, Diff: 2, Sum: 28]
      [GC Worker Other (ms): Min: 0.0, Avg: 0.0, Max: 0.0, Diff: 0.0, Sum: 0.1]
      [GC Worker Total (ms): Min: 2.4, Avg: 3.7, Max: 3.8, Diff: 1.5, Sum: 47.7]
      [GC Worker End (ms): Min: 672016.8, Avg: 672016.8, Max: 672016.8, Diff: 0.0]
   [Code Root Fixup: 0.0 ms]
   [Code Root Purge: 0.0 ms]
   [Clear CT: 0.1 ms]
   [Other: 2.7 ms]
      [Choose CSet: 0.0 ms]
      [Ref Proc: 2.3 ms]
      [Ref Enq: 0.1 ms]
      [Redirty Cards: 0.1 ms]
      [Humongous Register: 0.0 ms]
      [Humongous Reclaim: 0.0 ms]
      [Free CSet: 0.1 ms]
   [Eden: 1024.0K(1024.0K)->0.0B(233.0M) Survivors: 25.0M->4096.0K Heap: 221.5M(512.0M)->195.3M(512.0M)]
Heap after GC invocations=27 (full 0):
 garbage-first heap   total 524288K, used 199973K [0x00000007a0000000, 0x00000007a0101000, 0x00000007c0000000)
  region size 1024K, 4 young (4096K), 4 survivors (4096K)
 Metaspace       used 54359K, capacity 56180K, committed 56988K, reserved 1099776K
  class space    used 6589K, capacity 6960K, committed 7116K, reserved 1048576K
}
 [Times: user=0.06 sys=0.00, real=0.00 secs] 
2022-04-24T19:49:26.869+0500: 672.020: Total time for which application threads were stopped: 0.0069578 seconds, Stopping threads took: 0.0000169 seconds
{Heap before GC invocations=27 (full 0):
 garbage-first heap   total 524288K, used 438565K [0x00000007a0000000, 0x00000007a0101000, 0x00000007c0000000)
  region size 1024K, 237 young (242688K), 4 survivors (4096K)
 Metaspace       used 54364K, capacity 56180K, committed 56988K, reserved 1099776K
  class space    used 6589K, capacity 6960K, committed 7116K, reserved 1048576K
2022-04-24T19:49:27.594+0500: 672.744: [GC pause (G1 Evacuation Pause) (young)
Desired survivor size 15728640 bytes, new threshold 15 (max 15)
- age   1:         32 bytes,         32 total
- age   2:     406448 bytes,     406480 total
, 0.0050634 secs]
   [Parallel Time: 1.9 ms, GC Workers: 13]
      [GC Worker Start (ms): Min: 672744.5, Avg: 672744.7, Max: 672744.8, Diff: 0.3]
      [Ext Root Scanning (ms): Min: 0.1, Avg: 0.2, Max: 0.8, Diff: 0.7, Sum: 2.9]
      [Update RS (ms): Min: 0.8, Avg: 1.2, Max: 1.4, Diff: 0.6, Sum: 15.4]
         [Processed Buffers: Min: 2, Avg: 3.5, Max: 5, Diff: 3, Sum: 45]
      [Scan RS (ms): Min: 0.0, Avg: 0.0, Max: 0.1, Diff: 0.1, Sum: 0.2]
      [Code Root Scanning (ms): Min: 0.0, Avg: 0.0, Max: 0.1, Diff: 0.1, Sum: 0.1]
      [Object Copy (ms): Min: 0.0, Avg: 0.1, Max: 0.1, Diff: 0.1, Sum: 0.9]
      [Termination (ms): Min: 0.0, Avg: 0.1, Max: 0.1, Diff: 0.1, Sum: 1.1]
         [Termination Attempts: Min: 1, Avg: 2.2, Max: 4, Diff: 3, Sum: 29]
      [GC Worker Other (ms): Min: 0.0, Avg: 0.0, Max: 0.1, Diff: 0.1, Sum: 0.3]
      [GC Worker Total (ms): Min: 1.5, Avg: 1.6, Max: 1.8, Diff: 0.3, Sum: 21.0]
      [GC Worker End (ms): Min: 672746.3, Avg: 672746.3, Max: 672746.3, Diff: 0.1]
   [Code Root Fixup: 0.0 ms]
   [Code Root Purge: 0.0 ms]
   [Clear CT: 0.1 ms]
   [Other: 3.1 ms]
      [Choose CSet: 0.0 ms]
      [Ref Proc: 2.7 ms]
      [Ref Enq: 0.1 ms]
      [Redirty Cards: 0.1 ms]
      [Humongous Register: 0.0 ms]
      [Humongous Reclaim: 0.0 ms]
      [Free CSet: 0.1 ms]
   [Eden: 233.0M(233.0M)->0.0B(236.0M) Survivors: 4096.0K->4096.0K Heap: 428.3M(512.0M)->194.5M(512.0M)]
Heap after GC invocations=28 (full 0):
 garbage-first heap   total 524288K, used 199172K [0x00000007a0000000, 0x00000007a0101000, 0x00000007c0000000)
  region size 1024K, 4 young (4096K), 4 survivors (4096K)
 Metaspace       used 54364K, capacity 56180K, committed 56988K, reserved 1099776K
  class space    used 6589K, capacity 6960K, committed 7116K, reserved 1048576K
}
 [Times: user=0.03 sys=0.00, real=0.00 secs] 
2022-04-24T19:49:27.599+0500: 672.750: Total time for which application threads were stopped: 0.0052695 seconds, Stopping threads took: 0.0000204 seconds
2022-04-24T19:49:27.865+0500: 673.015: Total time for which application threads were stopped: 0.0007617 seconds, Stopping threads took: 0.0000440 seconds
2022-04-24T19:49:27.865+0500: 673.016: Total time for which application threads were stopped: 0.0001023 seconds, Stopping threads took: 0.0000361 seconds
2022-04-24T19:49:28.023+0500: 673.173: Total time for which application threads were stopped: 0.0002387 seconds, Stopping threads took: 0.0000346 seconds
2022-04-24T19:49:28.024+0500: 673.174: Total time for which application threads were stopped: 0.0002399 seconds, Stopping threads took: 0.0000846 seconds
2022-04-24T19:49:28.026+0500: 673.176: Total time for which application threads were stopped: 0.0001847 seconds, Stopping threads took: 0.0000616 seconds
2022-04-24T19:49:28.026+0500: 673.177: Total time for which application threads were stopped: 0.0001268 seconds, Stopping threads took: 0.0000558 seconds
2022-04-24T19:49:28.026+0500: 673.177: Total time for which application threads were stopped: 0.0001300 seconds, Stopping threads took: 0.0000642 seconds
2022-04-24T19:49:28.027+0500: 673.178: Total time for which application threads were stopped: 0.0001272 seconds, Stopping threads took: 0.0000437 seconds
2022-04-24T19:49:28.045+0500: 673.195: Total time for which application threads were stopped: 0.0002157 seconds, Stopping threads took: 0.0000227 seconds
2022-04-24T19:49:28.048+0500: 673.198: Total time for which application threads were stopped: 0.0002251 seconds, Stopping threads took: 0.0000582 seconds
2022-04-24T19:49:28.048+0500: 673.198: Total time for which application threads were stopped: 0.0001550 seconds, Stopping threads took: 0.0000424 seconds
2022-04-24T19:49:28.048+0500: 673.198: Total time for which application threads were stopped: 0.0001529 seconds, Stopping threads took: 0.0000480 seconds
2022-04-24T19:49:28.048+0500: 673.199: Total time for which application threads were stopped: 0.0001873 seconds, Stopping threads took: 0.0000597 seconds
{Heap before GC invocations=28 (full 0):
 garbage-first heap   total 524288K, used 441348K [0x00000007a0000000, 0x00000007a0101000, 0x00000007c0000000)
  region size 1024K, 240 young (245760K), 4 survivors (4096K)
 Metaspace       used 54440K, capacity 56358K, committed 57116K, reserved 1099776K
  class space    used 6604K, capacity 7009K, committed 7244K, reserved 1048576K
2022-04-24T19:49:28.421+0500: 673.571: [GC pause (G1 Evacuation Pause) (young)
Desired survivor size 15728640 bytes, new threshold 15 (max 15)
- age   1:     172328 bytes,     172328 total
- age   3:     406416 bytes,     578744 total
, 0.0067043 secs]
   [Parallel Time: 2.3 ms, GC Workers: 13]
      [GC Worker Start (ms): Min: 673571.1, Avg: 673571.2, Max: 673571.3, Diff: 0.2]
      [Ext Root Scanning (ms): Min: 0.1, Avg: 0.3, Max: 1.2, Diff: 1.1, Sum: 3.9]
      [Update RS (ms): Min: 0.0, Avg: 0.2, Max: 0.4, Diff: 0.4, Sum: 2.8]
         [Processed Buffers: Min: 0, Avg: 2.0, Max: 7, Diff: 7, Sum: 26]
      [Scan RS (ms): Min: 0.0, Avg: 0.0, Max: 0.1, Diff: 0.1, Sum: 0.2]
      [Code Root Scanning (ms): Min: 0.0, Avg: 0.0, Max: 0.1, Diff: 0.1, Sum: 0.1]
      [Object Copy (ms): Min: 0.4, Avg: 1.1, Max: 1.7, Diff: 1.2, Sum: 14.5]
      [Termination (ms): Min: 0.0, Avg: 0.5, Max: 0.6, Diff: 0.6, Sum: 6.3]
         [Termination Attempts: Min: 1, Avg: 1.0, Max: 1, Diff: 0, Sum: 13]
      [GC Worker Other (ms): Min: 0.0, Avg: 0.0, Max: 0.0, Diff: 0.0, Sum: 0.1]
      [GC Worker Total (ms): Min: 2.1, Avg: 2.2, Max: 2.3, Diff: 0.2, Sum: 28.0]
      [GC Worker End (ms): Min: 673573.4, Avg: 673573.4, Max: 673573.4, Diff: 0.0]
   [Code Root Fixup: 0.0 ms]
   [Code Root Purge: 0.0 ms]
   [Clear CT: 0.1 ms]
   [Other: 4.2 ms]
      [Choose CSet: 0.0 ms]
      [Ref Proc: 3.8 ms]
      [Ref Enq: 0.1 ms]
      [Redirty Cards: 0.1 ms]
      [Humongous Register: 0.0 ms]
      [Humongous Reclaim: 0.0 ms]
      [Free CSet: 0.1 ms]
   [Eden: 236.0M(236.0M)->0.0B(230.0M) Survivors: 4096.0K->10.0M Heap: 431.0M(512.0M)->201.6M(512.0M)]
Heap after GC invocations=29 (full 0):
 garbage-first heap   total 524288K, used 206399K [0x00000007a0000000, 0x00000007a0101000, 0x00000007c0000000)
  region size 1024K, 10 young (10240K), 10 survivors (10240K)
 Metaspace       used 54440K, capacity 56358K, committed 57116K, reserved 1099776K
  class space    used 6604K, capacity 7009K, committed 7244K, reserved 1048576K
}
 [Times: user=0.06 sys=0.00, real=0.00 secs] 
2022-04-24T19:49:28.428+0500: 673.578: Total time for which application threads were stopped: 0.0069982 seconds, Stopping threads took: 0.0000378 seconds
2022-04-24T19:49:28.822+0500: 673.972: Total time for which application threads were stopped: 0.0001276 seconds, Stopping threads took: 0.0000476 seconds
2022-04-24T19:49:28.999+0500: 674.149: Total time for which application threads were stopped: 0.0001944 seconds, Stopping threads took: 0.0000816 seconds
2022-04-24T19:49:28.999+0500: 674.150: Total time for which application threads were stopped: 0.0001028 seconds, Stopping threads took: 0.0000407 seconds
2022-04-24T19:49:28.999+0500: 674.150: Total time for which application threads were stopped: 0.0000724 seconds, Stopping threads took: 0.0000289 seconds
2022-04-24T19:49:29.000+0500: 674.150: Total time for which application threads were stopped: 0.0000968 seconds, Stopping threads took: 0.0000485 seconds
2022-04-24T19:49:29.000+0500: 674.150: Total time for which application threads were stopped: 0.0002392 seconds, Stopping threads took: 0.0000356 seconds
{Heap before GC invocations=29 (full 0):
 garbage-first heap   total 524288K, used 446400K [0x00000007a0000000, 0x00000007a0101000, 0x00000007c0000000)
  region size 1024K, 240 young (245760K), 10 survivors (10240K)
 Metaspace       used 54506K, capacity 56546K, committed 57372K, reserved 1099776K
  class space    used 6609K, capacity 7019K, committed 7244K, reserved 1048576K
2022-04-24T19:49:29.374+0500: 674.524: [GC pause (G1 Evacuation Pause) (young)
Desired survivor size 15728640 bytes, new threshold 15 (max 15)
- age   1:    8698152 bytes,    8698152 total
- age   2:      36176 bytes,    8734328 total
- age   4:     406352 bytes,    9140680 total
, 0.0058495 secs]
   [Parallel Time: 2.7 ms, GC Workers: 13]
      [GC Worker Start (ms): Min: 674523.9, Avg: 674524.1, Max: 674524.2, Diff: 0.3]
      [Ext Root Scanning (ms): Min: 0.1, Avg: 0.2, Max: 0.8, Diff: 0.7, Sum: 2.9]
      [Update RS (ms): Min: 0.0, Avg: 0.4, Max: 0.5, Diff: 0.5, Sum: 5.2]
         [Processed Buffers: Min: 0, Avg: 5.2, Max: 8, Diff: 8, Sum: 67]
      [Scan RS (ms): Min: 0.0, Avg: 0.0, Max: 0.0, Diff: 0.0, Sum: 0.3]
      [Code Root Scanning (ms): Min: 0.0, Avg: 0.0, Max: 0.1, Diff: 0.1, Sum: 0.2]
      [Object Copy (ms): Min: 1.8, Avg: 1.8, Max: 1.8, Diff: 0.1, Sum: 23.6]
      [Termination (ms): Min: 0.0, Avg: 0.0, Max: 0.0, Diff: 0.0, Sum: 0.0]
         [Termination Attempts: Min: 1, Avg: 1.0, Max: 1, Diff: 0, Sum: 13]
      [GC Worker Other (ms): Min: 0.0, Avg: 0.0, Max: 0.1, Diff: 0.1, Sum: 0.4]
      [GC Worker Total (ms): Min: 2.4, Avg: 2.5, Max: 2.7, Diff: 0.3, Sum: 32.6]
      [GC Worker End (ms): Min: 674526.6, Avg: 674526.6, Max: 674526.6, Diff: 0.1]
   [Code Root Fixup: 0.0 ms]
   [Code Root Purge: 0.0 ms]
   [Clear CT: 0.2 ms]
   [Other: 2.9 ms]
      [Choose CSet: 0.0 ms]
      [Ref Proc: 2.5 ms]
      [Ref Enq: 0.1 ms]
      [Redirty Cards: 0.1 ms]
      [Humongous Register: 0.0 ms]
      [Humongous Reclaim: 0.0 ms]
      [Free CSet: 0.1 ms]
   [Eden: 230.0M(230.0M)->0.0B(203.0M) Survivors: 10.0M->25.0M Heap: 435.9M(512.0M)->217.0M(512.0M)]
Heap after GC invocations=30 (full 0):
 garbage-first heap   total 524288K, used 222218K [0x00000007a0000000, 0x00000007a0101000, 0x00000007c0000000)
  region size 1024K, 25 young (25600K), 25 survivors (25600K)
 Metaspace       used 54506K, capacity 56546K, committed 57372K, reserved 1099776K
  class space    used 6609K, capacity 7019K, committed 7244K, reserved 1048576K
}
 [Times: user=0.04 sys=0.01, real=0.01 secs] 
2022-04-24T19:49:29.380+0500: 674.530: Total time for which application threads were stopped: 0.0060594 seconds, Stopping threads took: 0.0000209 seconds
{Heap before GC invocations=30 (full 0):
 garbage-first heap   total 524288K, used 350473K [0x00000007a0000000, 0x00000007a0101000, 0x00000007c0000000)
  region size 1024K, 137 young (140288K), 25 survivors (25600K)
 Metaspace       used 54506K, capacity 56546K, committed 57372K, reserved 1099776K
  class space    used 6609K, capacity 7019K, committed 7244K, reserved 1048576K
2022-04-24T19:49:29.942+0500: 675.092: [GC pause (G1 Humongous Allocation) (young) (initial-mark)
Desired survivor size 15204352 bytes, new threshold 1 (max 15)
- age   1:   16795552 bytes,   16795552 total
- age   2:    3302792 bytes,   20098344 total
- age   3:      36176 bytes,   20134520 total
- age   5:     406352 bytes,   20540872 total
, 0.0078925 secs]
   [Parallel Time: 4.0 ms, GC Workers: 13]
      [GC Worker Start (ms): Min: 675092.3, Avg: 675092.4, Max: 675092.5, Diff: 0.1]
      [Ext Root Scanning (ms): Min: 0.6, Avg: 0.8, Max: 1.9, Diff: 1.3, Sum: 10.1]
      [Update RS (ms): Min: 0.0, Avg: 0.5, Max: 0.6, Diff: 0.6, Sum: 6.3]
         [Processed Buffers: Min: 0, Avg: 6.1, Max: 10, Diff: 10, Sum: 79]
      [Scan RS (ms): Min: 0.0, Avg: 0.0, Max: 0.0, Diff: 0.0, Sum: 0.1]
      [Code Root Scanning (ms): Min: 0.0, Avg: 0.0, Max: 0.1, Diff: 0.1, Sum: 0.2]
      [Object Copy (ms): Min: 1.6, Avg: 2.2, Max: 2.4, Diff: 0.8, Sum: 28.6]
      [Termination (ms): Min: 0.0, Avg: 0.2, Max: 0.2, Diff: 0.2, Sum: 2.3]
         [Termination Attempts: Min: 1, Avg: 2.5, Max: 6, Diff: 5, Sum: 33]
      [GC Worker Other (ms): Min: 0.0, Avg: 0.0, Max: 0.0, Diff: 0.0, Sum: 0.2]
      [GC Worker Total (ms): Min: 3.6, Avg: 3.7, Max: 3.7, Diff: 0.1, Sum: 47.8]
      [GC Worker End (ms): Min: 675096.0, Avg: 675096.1, Max: 675096.1, Diff: 0.1]
   [Code Root Fixup: 0.0 ms]
   [Code Root Purge: 0.0 ms]
   [Clear CT: 0.1 ms]
   [Other: 3.8 ms]
      [Choose CSet: 0.0 ms]
      [Ref Proc: 3.3 ms]
      [Ref Enq: 0.1 ms]
      [Redirty Cards: 0.1 ms]
      [Humongous Register: 0.0 ms]
      [Humongous Reclaim: 0.0 ms]
      [Free CSet: 0.1 ms]
   [Eden: 112.0M(203.0M)->0.0B(204.0M) Survivors: 25.0M->13.0M Heap: 342.5M(512.0M)->221.4M(512.0M)]
Heap after GC invocations=31 (full 0):
 garbage-first heap   total 524288K, used 226699K [0x00000007a0000000, 0x00000007a0101000, 0x00000007c0000000)
  region size 1024K, 13 young (13312K), 13 survivors (13312K)
 Metaspace       used 54506K, capacity 56546K, committed 57372K, reserved 1099776K
  class space    used 6609K, capacity 7019K, committed 7244K, reserved 1048576K
}
 [Times: user=0.05 sys=0.00, real=0.01 secs] 
2022-04-24T19:49:29.950+0500: 675.100: 2022-04-24T19:49:29.950+0500[GC concurrent-root-region-scan-start]
: 675.100: Total time for which application threads were stopped: 0.0081226 seconds, Stopping threads took: 0.0000188 seconds
2022-04-24T19:49:29.951+0500: 675.101: [GC concurrent-root-region-scan-end, 0.0009801 secs]
2022-04-24T19:49:29.951+0500: 675.101: [GC concurrent-mark-start]
2022-04-24T19:49:29.973+0500: 675.123: [GC concurrent-mark-end, 0.0216649 secs]
2022-04-24T19:49:29.973+0500: 675.123: [GC remark 2022-04-24T19:49:29.973+0500: 675.123: [Finalize Marking, 0.0004076 secs] 2022-04-24T19:49:29.973+0500: 675.123: [GC ref-proc, 0.0032805 secs] 2022-04-24T19:49:29.977+0500: 675.127: [Unloading, 0.0047163 secs], 0.0088472 secs]
 [Times: user=0.07 sys=0.01, real=0.01 secs] 
2022-04-24T19:49:29.982+0500: 675.132: Total time for which application threads were stopped: 0.0090365 seconds, Stopping threads took: 0.0000655 seconds
2022-04-24T19:49:29.982+0500: 675.132: [GC cleanup 229M->125M(512M), 0.0010013 secs]
 [Times: user=0.01 sys=0.00, real=0.00 secs] 
2022-04-24T19:49:29.983+0500: 675.133: Total time for which application threads were stopped: 0.0011623 seconds, Stopping threads took: 0.0000506 seconds
2022-04-24T19:49:29.983+0500: 675.133: [GC concurrent-cleanup-start]
2022-04-24T19:49:29.983+0500: 675.133: [GC concurrent-cleanup-end, 0.0001798 secs]
{Heap before GC invocations=32 (full 0):
 garbage-first heap   total 524288K, used 347190K [0x00000007a0000000, 0x00000007a0101000, 0x00000007c0000000)
  region size 1024K, 217 young (222208K), 13 survivors (13312K)
 Metaspace       used 54521K, capacity 56546K, committed 57372K, reserved 1099776K
  class space    used 6609K, capacity 7019K, committed 7244K, reserved 1048576K
2022-04-24T19:49:30.878+0500: 676.029: [GC pause (G1 Evacuation Pause) (young)
Desired survivor size 14680064 bytes, new threshold 15 (max 15)
- age   1:    9382448 bytes,    9382448 total
, 0.0055086 secs]
   [Parallel Time: 2.7 ms, GC Workers: 13]
      [GC Worker Start (ms): Min: 676028.6, Avg: 676028.7, Max: 676028.7, Diff: 0.2]
      [Ext Root Scanning (ms): Min: 0.1, Avg: 0.3, Max: 0.8, Diff: 0.7, Sum: 3.4]
      [Update RS (ms): Min: 0.0, Avg: 0.5, Max: 0.6, Diff: 0.6, Sum: 6.3]
         [Processed Buffers: Min: 0, Avg: 3.3, Max: 6, Diff: 6, Sum: 43]
      [Scan RS (ms): Min: 0.0, Avg: 0.0, Max: 0.0, Diff: 0.0, Sum: 0.2]
      [Code Root Scanning (ms): Min: 0.0, Avg: 0.0, Max: 0.0, Diff: 0.0, Sum: 0.0]
      [Object Copy (ms): Min: 1.6, Avg: 1.7, Max: 1.7, Diff: 0.1, Sum: 21.5]
      [Termination (ms): Min: 0.0, Avg: 0.0, Max: 0.0, Diff: 0.0, Sum: 0.0]
         [Termination Attempts: Min: 1, Avg: 1.0, Max: 1, Diff: 0, Sum: 13]
      [GC Worker Other (ms): Min: 0.0, Avg: 0.0, Max: 0.1, Diff: 0.0, Sum: 0.3]
      [GC Worker Total (ms): Min: 2.4, Avg: 2.5, Max: 2.5, Diff: 0.2, Sum: 31.9]
      [GC Worker End (ms): Min: 676031.1, Avg: 676031.1, Max: 676031.2, Diff: 0.0]
   [Code Root Fixup: 0.0 ms]
   [Code Root Purge: 0.0 ms]
   [Clear CT: 0.1 ms]
   [Other: 2.7 ms]
      [Choose CSet: 0.0 ms]
      [Ref Proc: 2.3 ms]
      [Ref Enq: 0.1 ms]
      [Redirty Cards: 0.1 ms]
      [Humongous Register: 0.0 ms]
      [Humongous Reclaim: 0.0 ms]
      [Free CSet: 0.1 ms]
   [Eden: 204.0M(204.0M)->0.0B(1024.0K) Survivors: 13.0M->24.0M Heap: 339.1M(512.0M)->129.7M(512.0M)]
Heap after GC invocations=33 (full 0):
 garbage-first heap   total 524288K, used 132830K [0x00000007a0000000, 0x00000007a0101000, 0x00000007c0000000)
  region size 1024K, 24 young (24576K), 24 survivors (24576K)
 Metaspace       used 54521K, capacity 56546K, committed 57372K, reserved 1099776K
  class space    used 6609K, capacity 7019K, committed 7244K, reserved 1048576K
}
 [Times: user=0.04 sys=0.00, real=0.01 secs] 
2022-04-24T19:49:30.884+0500: 676.034: Total time for which application threads were stopped: 0.0057430 seconds, Stopping threads took: 0.0000592 seconds
{Heap before GC invocations=33 (full 0):
 garbage-first heap   total 524288K, used 133854K [0x00000007a0000000, 0x00000007a0101000, 0x00000007c0000000)
  region size 1024K, 25 young (25600K), 24 survivors (24576K)
 Metaspace       used 54521K, capacity 56546K, committed 57372K, reserved 1099776K
  class space    used 6609K, capacity 7019K, committed 7244K, reserved 1048576K
2022-04-24T19:49:30.885+0500: 676.036: [GC pause (G1 Evacuation Pause) (mixed)
Desired survivor size 2097152 bytes, new threshold 1 (max 15)
- age   1:   15248120 bytes,   15248120 total
- age   2:    3851224 bytes,   19099344 total
, 0.0056845 secs]
   [Parallel Time: 2.6 ms, GC Workers: 13]
      [GC Worker Start (ms): Min: 676035.8, Avg: 676035.8, Max: 676035.8, Diff: 0.1]
      [Ext Root Scanning (ms): Min: 0.2, Avg: 0.3, Max: 1.0, Diff: 0.8, Sum: 3.5]
      [Update RS (ms): Min: 0.0, Avg: 0.2, Max: 0.3, Diff: 0.3, Sum: 2.0]
         [Processed Buffers: Min: 0, Avg: 1.6, Max: 4, Diff: 4, Sum: 21]
      [Scan RS (ms): Min: 0.0, Avg: 0.1, Max: 0.2, Diff: 0.2, Sum: 1.8]
      [Code Root Scanning (ms): Min: 0.0, Avg: 0.0, Max: 0.0, Diff: 0.0, Sum: 0.1]
      [Object Copy (ms): Min: 1.4, Avg: 1.8, Max: 2.0, Diff: 0.5, Sum: 23.2]
      [Termination (ms): Min: 0.0, Avg: 0.2, Max: 0.2, Diff: 0.2, Sum: 2.0]
         [Termination Attempts: Min: 1, Avg: 1.0, Max: 1, Diff: 0, Sum: 13]
      [GC Worker Other (ms): Min: 0.0, Avg: 0.0, Max: 0.0, Diff: 0.0, Sum: 0.1]
      [GC Worker Total (ms): Min: 2.4, Avg: 2.5, Max: 2.6, Diff: 0.1, Sum: 32.7]
      [GC Worker End (ms): Min: 676038.3, Avg: 676038.3, Max: 676038.3, Diff: 0.1]
   [Code Root Fixup: 0.0 ms]
   [Code Root Purge: 0.0 ms]
   [Clear CT: 0.1 ms]
   [Other: 3.0 ms]
      [Choose CSet: 0.0 ms]
      [Ref Proc: 2.5 ms]
      [Ref Enq: 0.1 ms]
      [Redirty Cards: 0.1 ms]
      [Humongous Register: 0.0 ms]
      [Humongous Reclaim: 0.0 ms]
      [Free CSet: 0.1 ms]
   [Eden: 1024.0K(1024.0K)->0.0B(299.0M) Survivors: 24.0M->4096.0K Heap: 130.7M(512.0M)->100.1M(512.0M)]
Heap after GC invocations=34 (full 0):
 garbage-first heap   total 524288K, used 102512K [0x00000007a0000000, 0x00000007a0101000, 0x00000007c0000000)
  region size 1024K, 4 young (4096K), 4 survivors (4096K)
 Metaspace       used 54521K, capacity 56546K, committed 57372K, reserved 1099776K
  class space    used 6609K, capacity 7019K, committed 7244K, reserved 1048576K
}
 [Times: user=0.04 sys=0.01, real=0.01 secs] 
2022-04-24T19:49:30.891+0500: 676.041: Total time for which application threads were stopped: 0.0058627 seconds, Stopping threads took: 0.0000105 seconds
2022-04-24T19:49:32.069+0500: 677.220: Total time for which application threads were stopped: 0.0001790 seconds, Stopping threads took: 0.0000707 seconds
2022-04-24T19:49:32.072+0500: 677.222: Total time for which application threads were stopped: 0.0001728 seconds, Stopping threads took: 0.0000720 seconds
2022-04-24T19:49:32.073+0500: 677.223: Total time for which application threads were stopped: 0.0001758 seconds, Stopping threads took: 0.0000582 seconds
2022-04-24T19:49:32.073+0500: 677.224: Total time for which application threads were stopped: 0.0001499 seconds, Stopping threads took: 0.0000636 seconds
2022-04-24T19:49:32.074+0500: 677.224: Total time for which application threads were stopped: 0.0001185 seconds, Stopping threads took: 0.0000489 seconds
2022-04-24T19:49:32.074+0500: 677.224: Total time for which application threads were stopped: 0.0001032 seconds, Stopping threads took: 0.0000404 seconds
2022-04-24T19:49:32.074+0500: 677.224: Total time for which application threads were stopped: 0.0001229 seconds, Stopping threads took: 0.0000574 seconds
2022-04-24T19:49:32.074+0500: 677.224: Total time for which application threads were stopped: 0.0001268 seconds, Stopping threads took: 0.0000705 seconds
2022-04-24T19:49:32.075+0500: 677.225: Total time for which application threads were stopped: 0.0001452 seconds, Stopping threads took: 0.0000623 seconds
2022-04-24T19:49:32.075+0500: 677.225: Total time for which application threads were stopped: 0.0001289 seconds, Stopping threads took: 0.0000624 seconds
2022-04-24T19:49:32.075+0500: 677.225: Total time for which application threads were stopped: 0.0001228 seconds, Stopping threads took: 0.0000643 seconds
2022-04-24T19:49:32.075+0500: 677.225: Total time for which application threads were stopped: 0.0001484 seconds, Stopping threads took: 0.0000654 seconds
2022-04-24T19:49:32.075+0500: 677.226: Total time for which application threads were stopped: 0.0001074 seconds, Stopping threads took: 0.0000510 seconds
2022-04-24T19:49:32.076+0500: 677.226: Total time for which application threads were stopped: 0.0001220 seconds, Stopping threads took: 0.0000523 seconds
2022-04-24T19:49:32.076+0500: 677.226: Total time for which application threads were stopped: 0.0000818 seconds, Stopping threads took: 0.0000263 seconds
2022-04-24T19:49:32.076+0500: 677.226: Total time for which application threads were stopped: 0.0001041 seconds, Stopping threads took: 0.0000504 seconds
2022-04-24T19:49:32.076+0500: 677.227: Total time for which application threads were stopped: 0.0001034 seconds, Stopping threads took: 0.0000545 seconds
2022-04-24T19:49:32.077+0500: 677.227: Total time for which application threads were stopped: 0.0000928 seconds, Stopping threads took: 0.0000442 seconds
2022-04-24T19:49:32.077+0500: 677.227: Total time for which application threads were stopped: 0.0000736 seconds, Stopping threads took: 0.0000313 seconds
2022-04-24T19:49:32.077+0500: 677.227: Total time for which application threads were stopped: 0.0000708 seconds, Stopping threads took: 0.0000331 seconds
2022-04-24T19:49:32.077+0500: 677.227: Total time for which application threads were stopped: 0.0000855 seconds, Stopping threads took: 0.0000401 seconds
2022-04-24T19:49:32.077+0500: 677.227: Total time for which application threads were stopped: 0.0000796 seconds, Stopping threads took: 0.0000343 seconds
2022-04-24T19:49:32.077+0500: 677.227: Total time for which application threads were stopped: 0.0000731 seconds, Stopping threads took: 0.0000331 seconds
2022-04-24T19:49:32.077+0500: 677.227: Total time for which application threads were stopped: 0.0000840 seconds, Stopping threads took: 0.0000387 seconds
2022-04-24T19:49:32.077+0500: 677.227: Total time for which application threads were stopped: 0.0000944 seconds, Stopping threads took: 0.0000503 seconds
2022-04-24T19:49:32.077+0500: 677.228: Total time for which application threads were stopped: 0.0000758 seconds, Stopping threads took: 0.0000311 seconds
2022-04-24T19:49:32.078+0500: 677.228: Total time for which application threads were stopped: 0.0000823 seconds, Stopping threads took: 0.0000374 seconds
2022-04-24T19:49:32.078+0500: 677.228: Total time for which application threads were stopped: 0.0000771 seconds, Stopping threads took: 0.0000388 seconds
2022-04-24T19:49:32.078+0500: 677.228: Total time for which application threads were stopped: 0.0000596 seconds, Stopping threads took: 0.0000219 seconds
2022-04-24T19:49:32.078+0500: 677.228: Total time for which application threads were stopped: 0.0000865 seconds, Stopping threads took: 0.0000414 seconds
2022-04-24T19:49:32.078+0500: 677.228: Total time for which application threads were stopped: 0.0001092 seconds, Stopping threads took: 0.0000579 seconds
{Heap before GC invocations=34 (full 0):
 garbage-first heap   total 524288K, used 441254K [0x00000007a0000000, 0x00000007a0101000, 0x00000007c0000000)
  region size 1024K, 303 young (310272K), 4 survivors (4096K)
 Metaspace       used 54531K, capacity 56546K, committed 57372K, reserved 1099776K
  class space    used 6609K, capacity 7019K, committed 7244K, reserved 1048576K
2022-04-24T19:49:32.353+0500: 677.503: [GC pause (G1 Evacuation Pause) (young)
Desired survivor size 19922944 bytes, new threshold 15 (max 15)
- age   1:     289504 bytes,     289504 total
, 0.0061494 secs]
   [Parallel Time: 3.1 ms, GC Workers: 13]
      [GC Worker Start (ms): Min: 677503.3, Avg: 677503.4, Max: 677503.5, Diff: 0.2]
      [Ext Root Scanning (ms): Min: 0.1, Avg: 0.2, Max: 0.8, Diff: 0.7, Sum: 3.0]
      [Update RS (ms): Min: 0.3, Avg: 0.7, Max: 0.9, Diff: 0.6, Sum: 9.2]
         [Processed Buffers: Min: 2, Avg: 7.8, Max: 13, Diff: 11, Sum: 102]
      [Scan RS (ms): Min: 0.2, Avg: 0.4, Max: 0.4, Diff: 0.2, Sum: 4.6]
      [Code Root Scanning (ms): Min: 0.0, Avg: 0.0, Max: 0.0, Diff: 0.0, Sum: 0.0]
      [Object Copy (ms): Min: 1.6, Avg: 1.6, Max: 1.6, Diff: 0.0, Sum: 21.0]
      [Termination (ms): Min: 0.0, Avg: 0.0, Max: 0.0, Diff: 0.0, Sum: 0.0]
         [Termination Attempts: Min: 1, Avg: 1.0, Max: 1, Diff: 0, Sum: 13]
      [GC Worker Other (ms): Min: 0.0, Avg: 0.0, Max: 0.1, Diff: 0.1, Sum: 0.5]
      [GC Worker Total (ms): Min: 2.8, Avg: 3.0, Max: 3.1, Diff: 0.3, Sum: 38.4]
      [GC Worker End (ms): Min: 677506.3, Avg: 677506.3, Max: 677506.4, Diff: 0.1]
   [Code Root Fixup: 0.0 ms]
   [Code Root Purge: 0.0 ms]
   [Clear CT: 0.1 ms]
   [Other: 2.9 ms]
      [Choose CSet: 0.0 ms]
      [Ref Proc: 2.3 ms]
      [Ref Enq: 0.1 ms]
      [Redirty Cards: 0.1 ms]
      [Humongous Register: 0.0 ms]
      [Humongous Reclaim: 0.0 ms]
      [Free CSet: 0.2 ms]
   [Eden: 299.0M(299.0M)->0.0B(280.0M) Survivors: 4096.0K->21.0M Heap: 430.9M(512.0M)->126.9M(512.0M)]
Heap after GC invocations=35 (full 0):
 garbage-first heap   total 524288K, used 129902K [0x00000007a0000000, 0x00000007a0101000, 0x00000007c0000000)
  region size 1024K, 21 young (21504K), 21 survivors (21504K)
 Metaspace       used 54531K, capacity 56546K, committed 57372K, reserved 1099776K
  class space    used 6609K, capacity 7019K, committed 7244K, reserved 1048576K
}
 [Times: user=0.04 sys=0.00, real=0.00 secs] 
2022-04-24T19:49:32.359+0500: 677.509: Total time for which application threads were stopped: 0.0063960 seconds, Stopping threads took: 0.0000436 seconds
2022-04-24T19:49:33.363+0500: 678.513: Total time for which application threads were stopped: 0.0001159 seconds, Stopping threads took: 0.0000512 seconds
{Heap before GC invocations=35 (full 0):
 garbage-first heap   total 524288K, used 459436K [0x00000007a0000000, 0x00000007a0101000, 0x00000007c0000000)
  region size 1024K, 301 young (308224K), 21 survivors (21504K)
 Metaspace       used 54531K, capacity 56546K, committed 57372K, reserved 1099776K
  class space    used 6609K, capacity 7019K, committed 7244K, reserved 1048576K
2022-04-24T19:49:33.780+0500: 678.930: [GC pause (G1 Evacuation Pause) (young)
Desired survivor size 19922944 bytes, new threshold 15 (max 15)
- age   1:   17309632 bytes,   17309632 total
- age   2:       1504 bytes,   17311136 total
, 0.0078113 secs]
   [Parallel Time: 4.5 ms, GC Workers: 13]
      [GC Worker Start (ms): Min: 678930.4, Avg: 678930.5, Max: 678930.7, Diff: 0.3]
      [Ext Root Scanning (ms): Min: 0.1, Avg: 0.2, Max: 0.7, Diff: 0.6, Sum: 2.9]
      [Update RS (ms): Min: 0.2, Avg: 0.6, Max: 0.9, Diff: 0.6, Sum: 7.6]
         [Processed Buffers: Min: 3, Avg: 6.1, Max: 8, Diff: 5, Sum: 79]
      [Scan RS (ms): Min: 0.3, Avg: 0.5, Max: 0.6, Diff: 0.3, Sum: 6.9]
      [Code Root Scanning (ms): Min: 0.0, Avg: 0.0, Max: 0.0, Diff: 0.0, Sum: 0.0]
      [Object Copy (ms): Min: 2.7, Avg: 2.8, Max: 2.8, Diff: 0.1, Sum: 36.3]
      [Termination (ms): Min: 0.0, Avg: 0.0, Max: 0.0, Diff: 0.0, Sum: 0.0]
         [Termination Attempts: Min: 1, Avg: 1.0, Max: 1, Diff: 0, Sum: 13]
      [GC Worker Other (ms): Min: 0.0, Avg: 0.0, Max: 0.1, Diff: 0.1, Sum: 0.3]
      [GC Worker Total (ms): Min: 4.0, Avg: 4.2, Max: 4.4, Diff: 0.3, Sum: 54.1]
      [GC Worker End (ms): Min: 678934.7, Avg: 678934.7, Max: 678934.7, Diff: 0.1]
   [Code Root Fixup: 0.0 ms]
   [Code Root Purge: 0.0 ms]
   [Clear CT: 0.1 ms]
   [Other: 3.2 ms]
      [Choose CSet: 0.0 ms]
      [Ref Proc: 2.7 ms]
      [Ref Enq: 0.1 ms]
      [Redirty Cards: 0.1 ms]
      [Humongous Register: 0.0 ms]
      [Humongous Reclaim: 0.0 ms]
      [Free CSet: 0.1 ms]
   [Eden: 280.0M(280.0M)->0.0B(272.0M) Survivors: 21.0M->32.0M Heap: 448.7M(512.0M)->141.2M(512.0M)]
Heap after GC invocations=36 (full 0):
 garbage-first heap   total 524288K, used 144601K [0x00000007a0000000, 0x00000007a0101000, 0x00000007c0000000)
  region size 1024K, 32 young (32768K), 32 survivors (32768K)
 Metaspace       used 54531K, capacity 56546K, committed 57372K, reserved 1099776K
  class space    used 6609K, capacity 7019K, committed 7244K, reserved 1048576K
}
 [Times: user=0.06 sys=0.00, real=0.00 secs] 
2022-04-24T19:49:33.788+0500: 678.938: Total time for which application threads were stopped: 0.0080165 seconds, Stopping threads took: 0.0000202 seconds
2022-04-24T19:49:35.123+0500: 680.273: Total time for which application threads were stopped: 0.0001164 seconds, Stopping threads took: 0.0000382 seconds
2022-04-24T19:49:35.124+0500: 680.274: Total time for which application threads were stopped: 0.0001115 seconds, Stopping threads took: 0.0000385 seconds
2022-04-24T19:49:35.157+0500: 680.307: Total time for which application threads were stopped: 0.0001145 seconds, Stopping threads took: 0.0000503 seconds
2022-04-24T19:49:35.157+0500: 680.308: Total time for which application threads were stopped: 0.0001329 seconds, Stopping threads took: 0.0000506 seconds
2022-04-24T19:49:35.160+0500: 680.310: Total time for which application threads were stopped: 0.0001238 seconds, Stopping threads took: 0.0000530 seconds
2022-04-24T19:49:35.160+0500: 680.310: Total time for which application threads were stopped: 0.0001055 seconds, Stopping threads took: 0.0000458 seconds
{Heap before GC invocations=36 (full 0):
 garbage-first heap   total 524288K, used 441293K [0x00000007a0000000, 0x00000007a0101000, 0x00000007c0000000)
  region size 1024K, 304 young (311296K), 32 survivors (32768K)
 Metaspace       used 54554K, capacity 56546K, committed 57372K, reserved 1099776K
  class space    used 6610K, capacity 7019K, committed 7244K, reserved 1048576K
2022-04-24T19:49:35.165+0500: 680.315: [GC pause (G1 Evacuation Pause) (young)
Desired survivor size 19922944 bytes, new threshold 2 (max 15)
- age   1:   18485408 bytes,   18485408 total
- age   2:    8960024 bytes,   27445432 total
- age   3:       1504 bytes,   27446936 total
, 0.0141290 secs]
   [Parallel Time: 6.0 ms, GC Workers: 13]
      [GC Worker Start (ms): Min: 680315.0, Avg: 680315.2, Max: 680315.9, Diff: 0.9]
      [Ext Root Scanning (ms): Min: 0.0, Avg: 0.3, Max: 0.9, Diff: 0.9, Sum: 3.4]
      [Update RS (ms): Min: 0.3, Avg: 0.8, Max: 1.1, Diff: 0.8, Sum: 10.8]
         [Processed Buffers: Min: 4, Avg: 6.8, Max: 9, Diff: 5, Sum: 89]
      [Scan RS (ms): Min: 0.0, Avg: 0.1, Max: 1.3, Diff: 1.3, Sum: 1.6]
      [Code Root Scanning (ms): Min: 0.0, Avg: 0.0, Max: 0.0, Diff: 0.0, Sum: 0.1]
      [Object Copy (ms): Min: 2.7, Avg: 3.9, Max: 4.3, Diff: 1.6, Sum: 50.1]
      [Termination (ms): Min: 0.0, Avg: 0.6, Max: 0.7, Diff: 0.7, Sum: 7.2]
         [Termination Attempts: Min: 1, Avg: 1.0, Max: 1, Diff: 0, Sum: 13]
      [GC Worker Other (ms): Min: 0.0, Avg: 0.0, Max: 0.0, Diff: 0.0, Sum: 0.1]
      [GC Worker Total (ms): Min: 4.9, Avg: 5.6, Max: 5.8, Diff: 1.0, Sum: 73.3]
      [GC Worker End (ms): Min: 680320.7, Avg: 680320.8, Max: 680320.9, Diff: 0.2]
   [Code Root Fixup: 0.0 ms]
   [Code Root Purge: 0.0 ms]
   [Clear CT: 0.3 ms]
   [Other: 7.8 ms]
      [Choose CSet: 0.0 ms]
      [Ref Proc: 7.3 ms]
      [Ref Enq: 0.2 ms]
      [Redirty Cards: 0.2 ms]
      [Humongous Register: 0.0 ms]
      [Humongous Reclaim: 0.0 ms]
      [Free CSet: 0.1 ms]
   [Eden: 272.0M(272.0M)->0.0B(268.0M) Survivors: 32.0M->33.0M Heap: 431.0M(512.0M)->150.9M(512.0M)]
Heap after GC invocations=37 (full 0):
 garbage-first heap   total 524288K, used 154562K [0x00000007a0000000, 0x00000007a0101000, 0x00000007c0000000)
  region size 1024K, 33 young (33792K), 33 survivors (33792K)
 Metaspace       used 54554K, capacity 56546K, committed 57372K, reserved 1099776K
  class space    used 6610K, capacity 7019K, committed 7244K, reserved 1048576K
}
 [Times: user=0.11 sys=0.01, real=0.01 secs] 
2022-04-24T19:49:35.179+0500: 680.329: Total time for which application threads were stopped: 0.0143663 seconds, Stopping threads took: 0.0000197 seconds
2022-04-24T19:49:35.182+0500: 680.332: Total time for which application threads were stopped: 0.0002309 seconds, Stopping threads took: 0.0001316 seconds
2022-04-24T19:49:35.194+0500: 680.344: Total time for which application threads were stopped: 0.0001639 seconds, Stopping threads took: 0.0000428 seconds
2022-04-24T19:49:36.198+0500: 681.348: Total time for which application threads were stopped: 0.0002092 seconds, Stopping threads took: 0.0000695 seconds
{Heap before GC invocations=37 (full 0):
 garbage-first heap   total 524288K, used 442400K [0x00000007a0000000, 0x00000007a0101000, 0x00000007c0000000)
  region size 1024K, 301 young (308224K), 33 survivors (33792K)
 Metaspace       used 54621K, capacity 56550K, committed 57372K, reserved 1099776K
  class space    used 6610K, capacity 7019K, committed 7244K, reserved 1048576K
2022-04-24T19:49:36.554+0500: 681.704: [GC pause (G1 Evacuation Pause) (young)
Desired survivor size 19922944 bytes, new threshold 2 (max 15)
- age   1:   15929760 bytes,   15929760 total
- age   2:   10548272 bytes,   26478032 total
, 0.0064194 secs]
   [Parallel Time: 3.3 ms, GC Workers: 13]
      [GC Worker Start (ms): Min: 681704.1, Avg: 681704.2, Max: 681704.3, Diff: 0.2]
      [Ext Root Scanning (ms): Min: 0.1, Avg: 0.3, Max: 0.8, Diff: 0.7, Sum: 3.7]
      [Update RS (ms): Min: 0.5, Avg: 0.9, Max: 1.2, Diff: 0.7, Sum: 12.3]
         [Processed Buffers: Min: 2, Avg: 4.5, Max: 10, Diff: 8, Sum: 59]
      [Scan RS (ms): Min: 0.0, Avg: 0.0, Max: 0.1, Diff: 0.0, Sum: 0.4]
      [Code Root Scanning (ms): Min: 0.0, Avg: 0.0, Max: 0.0, Diff: 0.0, Sum: 0.1]
      [Object Copy (ms): Min: 1.6, Avg: 1.8, Max: 1.8, Diff: 0.2, Sum: 23.1]
      [Termination (ms): Min: 0.0, Avg: 0.0, Max: 0.0, Diff: 0.0, Sum: 0.1]
         [Termination Attempts: Min: 1, Avg: 1.0, Max: 1, Diff: 0, Sum: 13]
      [GC Worker Other (ms): Min: 0.0, Avg: 0.0, Max: 0.1, Diff: 0.1, Sum: 0.4]
      [GC Worker Total (ms): Min: 3.0, Avg: 3.1, Max: 3.2, Diff: 0.2, Sum: 40.2]
      [GC Worker End (ms): Min: 681707.3, Avg: 681707.3, Max: 681707.4, Diff: 0.1]
   [Code Root Fixup: 0.0 ms]
   [Code Root Purge: 0.0 ms]
   [Clear CT: 0.2 ms]
   [Other: 3.0 ms]
      [Choose CSet: 0.0 ms]
      [Ref Proc: 2.4 ms]
      [Ref Enq: 0.1 ms]
      [Redirty Cards: 0.1 ms]
      [Humongous Register: 0.0 ms]
      [Humongous Reclaim: 0.0 ms]
      [Free CSet: 0.1 ms]
   [Eden: 268.0M(268.0M)->0.0B(281.0M) Survivors: 33.0M->15.0M Heap: 432.0M(512.0M)->145.6M(512.0M)]
Heap after GC invocations=38 (full 0):
 garbage-first heap   total 524288K, used 149044K [0x00000007a0000000, 0x00000007a0101000, 0x00000007c0000000)
  region size 1024K, 15 young (15360K), 15 survivors (15360K)
 Metaspace       used 54621K, capacity 56550K, committed 57372K, reserved 1099776K
  class space    used 6610K, capacity 7019K, committed 7244K, reserved 1048576K
}
 [Times: user=0.05 sys=0.00, real=0.01 secs] 
2022-04-24T19:49:36.560+0500: 681.711: Total time for which application threads were stopped: 0.0067191 seconds, Stopping threads took: 0.0000217 seconds
2022-04-24T19:49:36.994+0500: 682.144: Total time for which application threads were stopped: 0.0001176 seconds, Stopping threads took: 0.0000443 seconds
2022-04-24T19:49:37.003+0500: 682.153: Total time for which application threads were stopped: 0.0001542 seconds, Stopping threads took: 0.0000452 seconds
2022-04-24T19:49:37.003+0500: 682.153: Total time for which application threads were stopped: 0.0000919 seconds, Stopping threads took: 0.0000295 seconds
2022-04-24T19:49:37.010+0500: 682.160: Total time for which application threads were stopped: 0.0001038 seconds, Stopping threads took: 0.0000411 seconds
2022-04-24T19:49:37.010+0500: 682.160: Total time for which application threads were stopped: 0.0000767 seconds, Stopping threads took: 0.0000271 seconds
2022-04-24T19:49:37.021+0500: 682.171: Total time for which application threads were stopped: 0.0000967 seconds, Stopping threads took: 0.0000181 seconds
2022-04-24T19:49:38.023+0500: 683.173: Total time for which application threads were stopped: 0.0001039 seconds, Stopping threads took: 0.0000259 seconds
2022-04-24T19:49:44.711+0500: 689.860: Total time for which application threads were stopped: 0.0001252 seconds, Stopping threads took: 0.0000453 seconds
2022-04-24T19:49:44.711+0500: 689.861: Total time for which application threads were stopped: 0.0000927 seconds, Stopping threads took: 0.0000257 seconds
2022-04-24T19:49:44.717+0500: 689.867: Total time for which application threads were stopped: 0.0000855 seconds, Stopping threads took: 0.0000202 seconds
2022-04-24T19:49:44.718+0500: 689.868: Total time for which application threads were stopped: 0.0001112 seconds, Stopping threads took: 0.0000440 seconds
2022-04-24T19:49:44.721+0500: 689.871: Total time for which application threads were stopped: 0.0001110 seconds, Stopping threads took: 0.0000449 seconds
2022-04-24T19:49:44.721+0500: 689.871: Total time for which application threads were stopped: 0.0000582 seconds, Stopping threads took: 0.0000119 seconds
2022-04-24T19:49:44.721+0500: 689.871: Total time for which application threads were stopped: 0.0000769 seconds, Stopping threads took: 0.0000250 seconds
2022-04-24T19:49:44.724+0500: 689.874: Total time for which application threads were stopped: 0.0001474 seconds, Stopping threads took: 0.0000637 seconds
2022-04-24T19:49:44.724+0500: 689.874: Total time for which application threads were stopped: 0.0001196 seconds, Stopping threads took: 0.0000672 seconds
2022-04-24T19:49:44.724+0500: 689.874: Total time for which application threads were stopped: 0.0001092 seconds, Stopping threads took: 0.0000523 seconds
2022-04-24T19:49:44.724+0500: 689.874: Total time for which application threads were stopped: 0.0000721 seconds, Stopping threads took: 0.0000289 seconds
2022-04-24T19:49:44.725+0500: 689.875: Total time for which application threads were stopped: 0.0000745 seconds, Stopping threads took: 0.0000307 seconds
2022-04-24T19:49:44.725+0500: 689.875: Total time for which application threads were stopped: 0.0000774 seconds, Stopping threads took: 0.0000305 seconds
2022-04-24T19:49:44.728+0500: 689.877: Total time for which application threads were stopped: 0.0001192 seconds, Stopping threads took: 0.0000314 seconds
{Heap before GC invocations=38 (full 0):
 garbage-first heap   total 524288K, used 437300K [0x00000007a0000000, 0x00000007a0101000, 0x00000007c0000000)
  region size 1024K, 296 young (303104K), 15 survivors (15360K)
 Metaspace       used 54772K, capacity 56770K, committed 57372K, reserved 1099776K
  class space    used 6631K, capacity 7040K, committed 7244K, reserved 1048576K
2022-04-24T19:49:45.042+0500: 690.192: [GC pause (G1 Evacuation Pause) (young)
Desired survivor size 19398656 bytes, new threshold 15 (max 15)
- age   1:    2304208 bytes,    2304208 total
- age   2:    9101840 bytes,   11406048 total
, 0.0073465 secs]
   [Parallel Time: 3.6 ms, GC Workers: 13]
      [GC Worker Start (ms): Min: 690191.9, Avg: 690191.9, Max: 690192.0, Diff: 0.1]
      [Ext Root Scanning (ms): Min: 0.1, Avg: 0.3, Max: 0.9, Diff: 0.7, Sum: 3.5]
      [Update RS (ms): Min: 0.4, Avg: 1.2, Max: 3.1, Diff: 2.7, Sum: 15.7]
         [Processed Buffers: Min: 1, Avg: 3.9, Max: 8, Diff: 7, Sum: 51]
      [Scan RS (ms): Min: 0.0, Avg: 0.0, Max: 0.1, Diff: 0.1, Sum: 0.3]
      [Code Root Scanning (ms): Min: 0.0, Avg: 0.0, Max: 0.0, Diff: 0.0, Sum: 0.1]
      [Object Copy (ms): Min: 0.0, Avg: 1.6, Max: 2.0, Diff: 1.9, Sum: 20.7]
      [Termination (ms): Min: 0.0, Avg: 0.2, Max: 0.4, Diff: 0.4, Sum: 2.6]
         [Termination Attempts: Min: 1, Avg: 9.2, Max: 16, Diff: 15, Sum: 120]
      [GC Worker Other (ms): Min: 0.0, Avg: 0.0, Max: 0.0, Diff: 0.0, Sum: 0.3]
      [GC Worker Total (ms): Min: 3.3, Avg: 3.3, Max: 3.4, Diff: 0.1, Sum: 43.3]
      [GC Worker End (ms): Min: 690195.2, Avg: 690195.2, Max: 690195.3, Diff: 0.0]
   [Code Root Fixup: 0.0 ms]
   [Code Root Purge: 0.0 ms]
   [Clear CT: 0.1 ms]
   [Other: 3.6 ms]
      [Choose CSet: 0.0 ms]
      [Ref Proc: 3.2 ms]
      [Ref Enq: 0.1 ms]
      [Redirty Cards: 0.1 ms]
      [Humongous Register: 0.0 ms]
      [Humongous Reclaim: 0.0 ms]
      [Free CSet: 0.1 ms]
   [Eden: 281.0M(281.0M)->0.0B(256.0M) Survivors: 15.0M->33.0M Heap: 427.1M(512.0M)->163.6M(512.0M)]
Heap after GC invocations=39 (full 0):
 garbage-first heap   total 524288K, used 167476K [0x00000007a0000000, 0x00000007a0101000, 0x00000007c0000000)
  region size 1024K, 33 young (33792K), 33 survivors (33792K)
 Metaspace       used 54772K, capacity 56770K, committed 57372K, reserved 1099776K
  class space    used 6631K, capacity 7040K, committed 7244K, reserved 1048576K
}
 [Times: user=0.07 sys=0.00, real=0.00 secs] 
2022-04-24T19:49:45.049+0500: 690.199: Total time for which application threads were stopped: 0.0076367 seconds, Stopping threads took: 0.0000462 seconds
2022-04-24T19:49:46.053+0500: 691.203: Total time for which application threads were stopped: 0.0001287 seconds, Stopping threads took: 0.0000542 seconds
{Heap before GC invocations=39 (full 0):
 garbage-first heap   total 524288K, used 437245K [0x00000007a0000000, 0x00000007a0101000, 0x00000007c0000000)
  region size 1024K, 289 young (295936K), 33 survivors (33792K)
 Metaspace       used 54773K, capacity 56770K, committed 57372K, reserved 1099776K
  class space    used 6631K, capacity 7040K, committed 7244K, reserved 1048576K
2022-04-24T19:49:46.124+0500: 691.274: [GC pause (G1 Evacuation Pause) (young)
Desired survivor size 19398656 bytes, new threshold 3 (max 15)
- age   1:   10280448 bytes,   10280448 total
- age   2:    1712168 bytes,   11992616 total
- age   3:    8845432 bytes,   20838048 total
, 0.0080829 secs]
   [Parallel Time: 3.8 ms, GC Workers: 13]
      [GC Worker Start (ms): Min: 691273.9, Avg: 691274.0, Max: 691274.1, Diff: 0.2]
      [Ext Root Scanning (ms): Min: 0.1, Avg: 0.2, Max: 0.8, Diff: 0.7, Sum: 3.2]
      [Update RS (ms): Min: 0.2, Avg: 0.6, Max: 0.7, Diff: 0.5, Sum: 7.9]
         [Processed Buffers: Min: 2, Avg: 4.4, Max: 9, Diff: 7, Sum: 57]
      [Scan RS (ms): Min: 0.0, Avg: 0.0, Max: 0.1, Diff: 0.1, Sum: 0.4]
      [Code Root Scanning (ms): Min: 0.0, Avg: 0.0, Max: 0.1, Diff: 0.1, Sum: 0.2]
      [Object Copy (ms): Min: 2.6, Avg: 2.6, Max: 2.7, Diff: 0.0, Sum: 34.3]
      [Termination (ms): Min: 0.0, Avg: 0.0, Max: 0.0, Diff: 0.0, Sum: 0.1]
         [Termination Attempts: Min: 1, Avg: 1.2, Max: 3, Diff: 2, Sum: 15]
      [GC Worker Other (ms): Min: 0.0, Avg: 0.0, Max: 0.1, Diff: 0.1, Sum: 0.3]
      [GC Worker Total (ms): Min: 3.5, Avg: 3.6, Max: 3.7, Diff: 0.2, Sum: 46.4]
      [GC Worker End (ms): Min: 691277.6, Avg: 691277.6, Max: 691277.6, Diff: 0.1]
   [Code Root Fixup: 0.0 ms]
   [Code Root Purge: 0.0 ms]
   [Clear CT: 0.1 ms]
   [Other: 4.1 ms]
      [Choose CSet: 0.0 ms]
      [Ref Proc: 3.7 ms]
      [Ref Enq: 0.1 ms]
      [Redirty Cards: 0.1 ms]
      [Humongous Register: 0.0 ms]
      [Humongous Reclaim: 0.0 ms]
      [Free CSet: 0.1 ms]
   [Eden: 256.0M(256.0M)->0.0B(261.0M) Survivors: 33.0M->22.0M Heap: 427.0M(512.0M)->165.4M(512.0M)]
Heap after GC invocations=40 (full 0):
 garbage-first heap   total 524288K, used 169420K [0x00000007a0000000, 0x00000007a0101000, 0x00000007c0000000)
  region size 1024K, 22 young (22528K), 22 survivors (22528K)
 Metaspace       used 54773K, capacity 56770K, committed 57372K, reserved 1099776K
  class space    used 6631K, capacity 7040K, committed 7244K, reserved 1048576K
}
 [Times: user=0.06 sys=0.00, real=0.01 secs] 
2022-04-24T19:49:46.132+0500: 691.282: Total time for which application threads were stopped: 0.0082891 seconds, Stopping threads took: 0.0000191 seconds
2022-04-24T19:49:47.135+0500: 692.285: Total time for which application threads were stopped: 0.0001431 seconds, Stopping threads took: 0.0000791 seconds
{Heap before GC invocations=40 (full 0):
 garbage-first heap   total 524288K, used 466789K [0x00000007a0000000, 0x00000007a0101000, 0x00000007c0000000)
  region size 1024K, 283 young (289792K), 22 survivors (22528K)
 Metaspace       used 54775K, capacity 56770K, committed 57372K, reserved 1099776K
  class space    used 6631K, capacity 7040K, committed 7244K, reserved 1048576K
2022-04-24T19:49:47.209+0500: 692.358: [GC pause (G1 Evacuation Pause) (young)
Desired survivor size 18874368 bytes, new threshold 15 (max 15)
- age   1:   13565360 bytes,   13565360 total
- age   2:    2956976 bytes,   16522336 total
- age   3:    1712168 bytes,   18234504 total
, 0.0088245 secs]
   [Parallel Time: 4.6 ms, GC Workers: 13]
      [GC Worker Start (ms): Min: 692358.4, Avg: 692358.6, Max: 692358.7, Diff: 0.3]
      [Ext Root Scanning (ms): Min: 0.1, Avg: 0.3, Max: 1.0, Diff: 0.9, Sum: 3.8]
      [Update RS (ms): Min: 0.6, Avg: 1.1, Max: 1.2, Diff: 0.6, Sum: 14.4]
         [Processed Buffers: Min: 7, Avg: 8.8, Max: 13, Diff: 6, Sum: 114]
      [Scan RS (ms): Min: 0.0, Avg: 0.0, Max: 0.0, Diff: 0.0, Sum: 0.4]
      [Code Root Scanning (ms): Min: 0.0, Avg: 0.0, Max: 0.0, Diff: 0.0, Sum: 0.1]
      [Object Copy (ms): Min: 2.7, Avg: 2.8, Max: 2.8, Diff: 0.0, Sum: 35.9]
      [Termination (ms): Min: 0.0, Avg: 0.0, Max: 0.0, Diff: 0.0, Sum: 0.0]
         [Termination Attempts: Min: 1, Avg: 1.0, Max: 1, Diff: 0, Sum: 13]
      [GC Worker Other (ms): Min: 0.0, Avg: 0.1, Max: 0.2, Diff: 0.1, Sum: 0.9]
      [GC Worker Total (ms): Min: 4.1, Avg: 4.3, Max: 4.5, Diff: 0.3, Sum: 55.5]
      [GC Worker End (ms): Min: 692362.9, Avg: 692362.9, Max: 692363.0, Diff: 0.1]
   [Code Root Fixup: 0.0 ms]
   [Code Root Purge: 0.0 ms]
   [Clear CT: 0.1 ms]
   [Other: 4.1 ms]
      [Choose CSet: 0.0 ms]
      [Ref Proc: 3.7 ms]
      [Ref Enq: 0.1 ms]
      [Redirty Cards: 0.1 ms]
      [Humongous Register: 0.0 ms]
      [Humongous Reclaim: 0.0 ms]
      [Free CSet: 0.1 ms]
   [Eden: 261.0M(261.0M)->0.0B(244.0M) Survivors: 22.0M->30.0M Heap: 455.8M(512.0M)->177.6M(512.0M)]
Heap after GC invocations=41 (full 0):
 garbage-first heap   total 524288K, used 181820K [0x00000007a0000000, 0x00000007a0101000, 0x00000007c0000000)
  region size 1024K, 30 young (30720K), 30 survivors (30720K)
 Metaspace       used 54775K, capacity 56770K, committed 57372K, reserved 1099776K
  class space    used 6631K, capacity 7040K, committed 7244K, reserved 1048576K
}
 [Times: user=0.07 sys=0.00, real=0.01 secs] 
2022-04-24T19:49:47.218+0500: 692.367: Total time for which application threads were stopped: 0.0090613 seconds, Stopping threads took: 0.0000377 seconds
2022-04-24T19:49:48.223+0500: 693.373: Total time for which application threads were stopped: 0.0001307 seconds, Stopping threads took: 0.0000532 seconds
{Heap before GC invocations=41 (full 0):
 garbage-first heap   total 524288K, used 471239K [0x00000007a0000000, 0x00000007a0101000, 0x00000007c0000000)
  region size 1024K, 274 young (280576K), 30 survivors (30720K)
 Metaspace       used 54785K, capacity 56770K, committed 57372K, reserved 1099776K
  class space    used 6631K, capacity 7040K, committed 7244K, reserved 1048576K
2022-04-24T19:49:48.418+0500: 693.568: [GC pause (G1 Evacuation Pause) (young)
Desired survivor size 18350080 bytes, new threshold 2 (max 15)
- age   1:   15062656 bytes,   15062656 total
- age   2:    7810744 bytes,   22873400 total
- age   3:    2925848 bytes,   25799248 total
- age   4:    1712168 bytes,   27511416 total
 (to-space exhausted), 0.0464707 secs]
   [Parallel Time: 33.8 ms, GC Workers: 13]
      [GC Worker Start (ms): Min: 693567.9, Avg: 693568.0, Max: 693568.1, Diff: 0.3]
      [Ext Root Scanning (ms): Min: 0.1, Avg: 0.2, Max: 0.8, Diff: 0.8, Sum: 3.2]
      [Update RS (ms): Min: 0.1, Avg: 0.6, Max: 0.7, Diff: 0.6, Sum: 7.3]
         [Processed Buffers: Min: 2, Avg: 7.2, Max: 11, Diff: 9, Sum: 93]
      [Scan RS (ms): Min: 0.1, Avg: 0.2, Max: 0.3, Diff: 0.2, Sum: 3.1]
      [Code Root Scanning (ms): Min: 0.0, Avg: 0.0, Max: 0.0, Diff: 0.0, Sum: 0.2]
      [Object Copy (ms): Min: 32.2, Avg: 32.3, Max: 32.4, Diff: 0.2, Sum: 420.4]
      [Termination (ms): Min: 0.0, Avg: 0.1, Max: 0.2, Diff: 0.2, Sum: 0.9]
         [Termination Attempts: Min: 1, Avg: 1.0, Max: 1, Diff: 0, Sum: 13]
      [GC Worker Other (ms): Min: 0.0, Avg: 0.0, Max: 0.0, Diff: 0.0, Sum: 0.1]
      [GC Worker Total (ms): Min: 33.4, Avg: 33.5, Max: 33.7, Diff: 0.3, Sum: 435.3]
      [GC Worker End (ms): Min: 693601.5, Avg: 693601.5, Max: 693601.6, Diff: 0.1]
   [Code Root Fixup: 0.0 ms]
   [Code Root Purge: 0.0 ms]
   [Clear CT: 0.1 ms]
   [Other: 12.6 ms]
      [Evacuation Failure: 9.7 ms]
      [Choose CSet: 0.0 ms]
      [Ref Proc: 1.8 ms]
      [Ref Enq: 0.3 ms]
      [Redirty Cards: 0.4 ms]
      [Humongous Register: 0.0 ms]
      [Humongous Reclaim: 0.0 ms]
      [Free CSet: 0.1 ms]
   [Eden: 244.0M(244.0M)->0.0B(28.0M) Survivors: 30.0M->17.0M Heap: 460.2M(512.0M)->401.2M(512.0M)]
Heap after GC invocations=42 (full 0):
 garbage-first heap   total 524288K, used 410851K [0x00000007a0000000, 0x00000007a0101000, 0x00000007c0000000)
  region size 1024K, 17 young (17408K), 17 survivors (17408K)
 Metaspace       used 54785K, capacity 56770K, committed 57372K, reserved 1099776K
  class space    used 6631K, capacity 7040K, committed 7244K, reserved 1048576K
}
 [Times: user=0.20 sys=0.02, real=0.05 secs] 
2022-04-24T19:49:48.465+0500: 693.614: Total time for which application threads were stopped: 0.0467685 seconds, Stopping threads took: 0.0000421 seconds
{Heap before GC invocations=42 (full 0):
 garbage-first heap   total 524288K, used 439523K [0x00000007a0000000, 0x00000007a0101000, 0x00000007c0000000)
  region size 1024K, 45 young (46080K), 17 survivors (17408K)
 Metaspace       used 54785K, capacity 56770K, committed 57372K, reserved 1099776K
  class space    used 6631K, capacity 7040K, committed 7244K, reserved 1048576K
2022-04-24T19:49:48.598+0500: 693.748: [GC pause (G1 Evacuation Pause) (young) (initial-mark)
Desired survivor size 3145728 bytes, new threshold 1 (max 15)
- age   1:   10501288 bytes,   10501288 total
- age   2:    5072160 bytes,   15573448 total
, 0.0103947 secs]
   [Parallel Time: 4.4 ms, GC Workers: 13]
      [GC Worker Start (ms): Min: 693748.1, Avg: 693748.3, Max: 693748.4, Diff: 0.3]
      [Ext Root Scanning (ms): Min: 0.6, Avg: 0.8, Max: 1.0, Diff: 0.4, Sum: 10.1]
      [Update RS (ms): Min: 1.5, Avg: 1.6, Max: 1.8, Diff: 0.3, Sum: 21.4]
         [Processed Buffers: Min: 4, Avg: 6.2, Max: 11, Diff: 7, Sum: 80]
      [Scan RS (ms): Min: 0.0, Avg: 0.0, Max: 0.0, Diff: 0.0, Sum: 0.0]
      [Code Root Scanning (ms): Min: 0.0, Avg: 0.0, Max: 0.0, Diff: 0.0, Sum: 0.0]
      [Object Copy (ms): Min: 1.3, Avg: 1.4, Max: 1.5, Diff: 0.2, Sum: 18.7]
      [Termination (ms): Min: 0.0, Avg: 0.0, Max: 0.0, Diff: 0.0, Sum: 0.0]
         [Termination Attempts: Min: 1, Avg: 1.1, Max: 2, Diff: 1, Sum: 14]
      [GC Worker Other (ms): Min: 0.0, Avg: 0.0, Max: 0.0, Diff: 0.0, Sum: 0.1]
      [GC Worker Total (ms): Min: 3.8, Avg: 3.9, Max: 4.0, Diff: 0.3, Sum: 50.4]
      [GC Worker End (ms): Min: 693752.2, Avg: 693752.2, Max: 693752.2, Diff: 0.0]
   [Code Root Fixup: 0.0 ms]
   [Code Root Purge: 0.0 ms]
   [Clear CT: 0.2 ms]
   [Other: 5.7 ms]
      [Choose CSet: 0.0 ms]
      [Ref Proc: 5.2 ms]
      [Ref Enq: 0.2 ms]
      [Redirty Cards: 0.2 ms]
      [Humongous Register: 0.0 ms]
      [Humongous Reclaim: 0.0 ms]
      [Free CSet: 0.1 ms]
   [Eden: 28.0M(28.0M)->0.0B(35.0M) Survivors: 17.0M->6144.0K Heap: 429.2M(512.0M)->403.4M(512.0M)]
Heap after GC invocations=43 (full 0):
 garbage-first heap   total 524288K, used 413069K [0x00000007a0000000, 0x00000007a0101000, 0x00000007c0000000)
  region size 1024K, 6 young (6144K), 6 survivors (6144K)
 Metaspace       used 54785K, capacity 56770K, committed 57372K, reserved 1099776K
  class space    used 6631K, capacity 7040K, committed 7244K, reserved 1048576K
}
 [Times: user=0.06 sys=0.00, real=0.01 secs] 
2022-04-24T19:49:48.609+0500: 693.759: [GC concurrent-root-region-scan-start]
2022-04-24T19:49:48.609+0500: 693.759: Total time for which application threads were stopped: 0.0106282 seconds, Stopping threads took: 0.0000464 seconds
2022-04-24T19:49:48.609+0500: 693.759: [GC concurrent-root-region-scan-end, 0.0006971 secs]
2022-04-24T19:49:48.609+0500: 693.759: [GC concurrent-mark-start]
2022-04-24T19:49:48.631+0500: 693.780: [GC concurrent-mark-end, 0.0211031 secs]
2022-04-24T19:49:48.631+0500: 693.780: [GC remark 2022-04-24T19:49:48.631+0500: 693.781: [Finalize Marking, 0.0002504 secs] 2022-04-24T19:49:48.631+0500: 693.781: [GC ref-proc, 0.0024325 secs] 2022-04-24T19:49:48.633+0500: 693.783: [Unloading, 0.0043168 secs], 0.0074259 secs]
 [Times: user=0.06 sys=0.01, real=0.00 secs] 
2022-04-24T19:49:48.638+0500: 693.788: Total time for which application threads were stopped: 0.0075750 seconds, Stopping threads took: 0.0000213 seconds
2022-04-24T19:49:48.638+0500: 693.788: [GC cleanup 408M->354M(512M), 0.0006669 secs]
 [Times: user=0.01 sys=0.00, real=0.00 secs] 
2022-04-24T19:49:48.639+0500: 693.789: Total time for which application threads were stopped: 0.0008017 seconds, Stopping threads took: 0.0000427 seconds
2022-04-24T19:49:48.639+0500: 693.789: [GC concurrent-cleanup-start]
2022-04-24T19:49:48.639+0500: 693.789: [GC concurrent-cleanup-end, 0.0000501 secs]
{Heap before GC invocations=44 (full 0):
 garbage-first heap   total 524288K, used 402154K [0x00000007a0000000, 0x00000007a0101000, 0x00000007c0000000)
  region size 1024K, 41 young (41984K), 6 survivors (6144K)
 Metaspace       used 54786K, capacity 56770K, committed 57372K, reserved 1099776K
  class space    used 6631K, capacity 7040K, committed 7244K, reserved 1048576K
2022-04-24T19:49:48.765+0500: 693.914: [GC pause (G1 Evacuation Pause) (young)
Desired survivor size 3145728 bytes, new threshold 1 (max 15)
- age   1:    3442120 bytes,    3442120 total
, 0.0058778 secs]
   [Parallel Time: 2.1 ms, GC Workers: 13]
      [GC Worker Start (ms): Min: 693914.5, Avg: 693914.7, Max: 693914.8, Diff: 0.3]
      [Ext Root Scanning (ms): Min: 0.2, Avg: 0.3, Max: 1.0, Diff: 0.8, Sum: 4.1]
      [Update RS (ms): Min: 0.2, Avg: 0.7, Max: 1.0, Diff: 0.8, Sum: 9.7]
         [Processed Buffers: Min: 1, Avg: 2.8, Max: 6, Diff: 5, Sum: 36]
      [Scan RS (ms): Min: 0.0, Avg: 0.0, Max: 0.0, Diff: 0.0, Sum: 0.0]
      [Code Root Scanning (ms): Min: 0.0, Avg: 0.0, Max: 0.0, Diff: 0.0, Sum: 0.0]
      [Object Copy (ms): Min: 0.4, Avg: 0.6, Max: 0.7, Diff: 0.3, Sum: 8.2]
      [Termination (ms): Min: 0.0, Avg: 0.0, Max: 0.0, Diff: 0.0, Sum: 0.0]
         [Termination Attempts: Min: 1, Avg: 1.0, Max: 1, Diff: 0, Sum: 13]
      [GC Worker Other (ms): Min: 0.0, Avg: 0.0, Max: 0.0, Diff: 0.0, Sum: 0.2]
      [GC Worker Total (ms): Min: 1.6, Avg: 1.7, Max: 1.9, Diff: 0.3, Sum: 22.3]
      [GC Worker End (ms): Min: 693916.4, Avg: 693916.4, Max: 693916.4, Diff: 0.0]
   [Code Root Fixup: 0.0 ms]
   [Code Root Purge: 0.0 ms]
   [Clear CT: 0.1 ms]
   [Other: 3.6 ms]
      [Choose CSet: 0.0 ms]
      [Ref Proc: 3.3 ms]
      [Ref Enq: 0.1 ms]
      [Redirty Cards: 0.1 ms]
      [Humongous Register: 0.0 ms]
      [Humongous Reclaim: 0.0 ms]
      [Free CSet: 0.0 ms]
   [Eden: 35.0M(35.0M)->0.0B(19.0M) Survivors: 6144.0K->6144.0K Heap: 392.7M(512.0M)->363.6M(512.0M)]
Heap after GC invocations=45 (full 0):
 garbage-first heap   total 524288K, used 372285K [0x00000007a0000000, 0x00000007a0101000, 0x00000007c0000000)
  region size 1024K, 6 young (6144K), 6 survivors (6144K)
 Metaspace       used 54786K, capacity 56770K, committed 57372K, reserved 1099776K
  class space    used 6631K, capacity 7040K, committed 7244K, reserved 1048576K
}
 [Times: user=0.03 sys=0.01, real=0.01 secs] 
2022-04-24T19:49:48.771+0500: 693.920: Total time for which application threads were stopped: 0.0061589 seconds, Stopping threads took: 0.0000650 seconds
{Heap before GC invocations=45 (full 0):
 garbage-first heap   total 524288K, used 391741K [0x00000007a0000000, 0x00000007a0101000, 0x00000007c0000000)
  region size 1024K, 25 young (25600K), 6 survivors (6144K)
 Metaspace       used 54786K, capacity 56770K, committed 57372K, reserved 1099776K
  class space    used 6631K, capacity 7040K, committed 7244K, reserved 1048576K
2022-04-24T19:49:48.852+0500: 694.002: [GC pause (G1 Evacuation Pause) (mixed)
Desired survivor size 2097152 bytes, new threshold 1 (max 15)
- age   1:    3724128 bytes,    3724128 total
, 0.0052154 secs]
   [Parallel Time: 1.9 ms, GC Workers: 13]
      [GC Worker Start (ms): Min: 694002.3, Avg: 694002.5, Max: 694002.6, Diff: 0.2]
      [Ext Root Scanning (ms): Min: 0.1, Avg: 0.3, Max: 0.9, Diff: 0.7, Sum: 3.5]
      [Update RS (ms): Min: 0.0, Avg: 0.5, Max: 0.7, Diff: 0.7, Sum: 6.1]
         [Processed Buffers: Min: 0, Avg: 2.2, Max: 4, Diff: 4, Sum: 28]
      [Scan RS (ms): Min: 0.0, Avg: 0.1, Max: 0.1, Diff: 0.1, Sum: 0.8]
      [Code Root Scanning (ms): Min: 0.0, Avg: 0.0, Max: 0.0, Diff: 0.0, Sum: 0.0]
      [Object Copy (ms): Min: 0.5, Avg: 0.6, Max: 0.7, Diff: 0.2, Sum: 8.4]
      [Termination (ms): Min: 0.0, Avg: 0.0, Max: 0.0, Diff: 0.0, Sum: 0.0]
         [Termination Attempts: Min: 1, Avg: 1.2, Max: 2, Diff: 1, Sum: 15]
      [GC Worker Other (ms): Min: 0.0, Avg: 0.0, Max: 0.0, Diff: 0.0, Sum: 0.1]
      [GC Worker Total (ms): Min: 1.4, Avg: 1.5, Max: 1.6, Diff: 0.2, Sum: 19.0]
      [GC Worker End (ms): Min: 694003.9, Avg: 694003.9, Max: 694003.9, Diff: 0.0]
   [Code Root Fixup: 0.0 ms]
   [Code Root Purge: 0.0 ms]
   [Clear CT: 0.1 ms]
   [Other: 3.2 ms]
      [Choose CSet: 0.0 ms]
      [Ref Proc: 2.9 ms]
      [Ref Enq: 0.1 ms]
      [Redirty Cards: 0.1 ms]
      [Humongous Register: 0.0 ms]
      [Humongous Reclaim: 0.0 ms]
      [Free CSet: 0.1 ms]
   [Eden: 19.0M(19.0M)->0.0B(21.0M) Survivors: 6144.0K->4096.0K Heap: 382.6M(512.0M)->313.8M(512.0M)]
Heap after GC invocations=46 (full 0):
 garbage-first heap   total 524288K, used 321370K [0x00000007a0000000, 0x00000007a0101000, 0x00000007c0000000)
  region size 1024K, 4 young (4096K), 4 survivors (4096K)
 Metaspace       used 54786K, capacity 56770K, committed 57372K, reserved 1099776K
  class space    used 6631K, capacity 7040K, committed 7244K, reserved 1048576K
}
 [Times: user=0.03 sys=0.00, real=0.00 secs] 
2022-04-24T19:49:48.858+0500: 694.008: Total time for which application threads were stopped: 0.0054058 seconds, Stopping threads took: 0.0000187 seconds
{Heap before GC invocations=46 (full 0):
 garbage-first heap   total 524288K, used 343396K [0x00000007a0000000, 0x00000007a0101000, 0x00000007c0000000)
  region size 1024K, 25 young (25600K), 4 survivors (4096K)
 Metaspace       used 54786K, capacity 56770K, committed 57372K, reserved 1099776K
  class space    used 6631K, capacity 7040K, committed 7244K, reserved 1048576K
2022-04-24T19:49:48.934+0500: 694.083: [GC pause (G1 Evacuation Pause) (mixed)
Desired survivor size 2097152 bytes, new threshold 1 (max 15)
- age   1:    2333744 bytes,    2333744 total
, 0.0047630 secs]
   [Parallel Time: 1.8 ms, GC Workers: 13]
      [GC Worker Start (ms): Min: 694083.5, Avg: 694083.6, Max: 694083.7, Diff: 0.2]
      [Ext Root Scanning (ms): Min: 0.1, Avg: 0.2, Max: 0.8, Diff: 0.7, Sum: 3.2]
      [Update RS (ms): Min: 0.1, Avg: 0.6, Max: 0.8, Diff: 0.7, Sum: 7.7]
         [Processed Buffers: Min: 2, Avg: 2.5, Max: 4, Diff: 2, Sum: 33]
      [Scan RS (ms): Min: 0.0, Avg: 0.1, Max: 0.2, Diff: 0.2, Sum: 1.2]
      [Code Root Scanning (ms): Min: 0.0, Avg: 0.0, Max: 0.0, Diff: 0.0, Sum: 0.0]
      [Object Copy (ms): Min: 0.6, Avg: 0.6, Max: 0.7, Diff: 0.1, Sum: 8.2]
      [Termination (ms): Min: 0.0, Avg: 0.0, Max: 0.0, Diff: 0.0, Sum: 0.0]
         [Termination Attempts: Min: 1, Avg: 1.6, Max: 3, Diff: 2, Sum: 21]
      [GC Worker Other (ms): Min: 0.0, Avg: 0.0, Max: 0.0, Diff: 0.0, Sum: 0.1]
      [GC Worker Total (ms): Min: 1.5, Avg: 1.6, Max: 1.7, Diff: 0.2, Sum: 20.4]
      [GC Worker End (ms): Min: 694085.2, Avg: 694085.2, Max: 694085.2, Diff: 0.0]
   [Code Root Fixup: 0.0 ms]
   [Code Root Purge: 0.0 ms]
   [Clear CT: 0.1 ms]
   [Other: 2.8 ms]
      [Choose CSet: 0.0 ms]
      [Ref Proc: 2.4 ms]
      [Ref Enq: 0.1 ms]
      [Redirty Cards: 0.1 ms]
      [Humongous Register: 0.0 ms]
      [Humongous Reclaim: 0.0 ms]
      [Free CSet: 0.1 ms]
   [Eden: 21.0M(21.0M)->0.0B(21.0M) Survivors: 4096.0K->4096.0K Heap: 335.3M(512.0M)->266.4M(512.0M)]
Heap after GC invocations=47 (full 0):
 garbage-first heap   total 524288K, used 272841K [0x00000007a0000000, 0x00000007a0101000, 0x00000007c0000000)
  region size 1024K, 4 young (4096K), 4 survivors (4096K)
 Metaspace       used 54786K, capacity 56770K, committed 57372K, reserved 1099776K
  class space    used 6631K, capacity 7040K, committed 7244K, reserved 1048576K
}
 [Times: user=0.02 sys=0.00, real=0.00 secs] 
2022-04-24T19:49:48.939+0500: 694.088: Total time for which application threads were stopped: 0.0050004 seconds, Stopping threads took: 0.0000485 seconds
{Heap before GC invocations=47 (full 0):
 garbage-first heap   total 524288K, used 294345K [0x00000007a0000000, 0x00000007a0101000, 0x00000007c0000000)
  region size 1024K, 25 young (25600K), 4 survivors (4096K)
 Metaspace       used 54786K, capacity 56770K, committed 57372K, reserved 1099776K
  class space    used 6631K, capacity 7040K, committed 7244K, reserved 1048576K
2022-04-24T19:49:48.984+0500: 694.134: [GC pause (G1 Evacuation Pause) (mixed)
Desired survivor size 2097152 bytes, new threshold 1 (max 15)
- age   1:    2604424 bytes,    2604424 total
, 0.0042740 secs]
   [Parallel Time: 1.7 ms, GC Workers: 13]
      [GC Worker Start (ms): Min: 694134.3, Avg: 694134.4, Max: 694134.5, Diff: 0.2]
      [Ext Root Scanning (ms): Min: 0.1, Avg: 0.3, Max: 0.8, Diff: 0.7, Sum: 3.3]
      [Update RS (ms): Min: 0.0, Avg: 0.5, Max: 0.8, Diff: 0.8, Sum: 7.0]
         [Processed Buffers: Min: 0, Avg: 2.3, Max: 4, Diff: 4, Sum: 30]
      [Scan RS (ms): Min: 0.0, Avg: 0.1, Max: 0.2, Diff: 0.2, Sum: 1.5]
      [Code Root Scanning (ms): Min: 0.0, Avg: 0.0, Max: 0.0, Diff: 0.0, Sum: 0.0]
      [Object Copy (ms): Min: 0.6, Avg: 0.6, Max: 0.7, Diff: 0.1, Sum: 8.3]
      [Termination (ms): Min: 0.0, Avg: 0.0, Max: 0.0, Diff: 0.0, Sum: 0.1]
         [Termination Attempts: Min: 1, Avg: 1.0, Max: 1, Diff: 0, Sum: 13]
      [GC Worker Other (ms): Min: 0.0, Avg: 0.0, Max: 0.0, Diff: 0.0, Sum: 0.1]
      [GC Worker Total (ms): Min: 1.5, Avg: 1.6, Max: 1.6, Diff: 0.2, Sum: 20.3]
      [GC Worker End (ms): Min: 694135.9, Avg: 694136.0, Max: 694136.0, Diff: 0.0]
   [Code Root Fixup: 0.0 ms]
   [Code Root Purge: 0.0 ms]
   [Clear CT: 0.1 ms]
   [Other: 2.4 ms]
      [Choose CSet: 0.0 ms]
      [Ref Proc: 2.0 ms]
      [Ref Enq: 0.1 ms]
      [Redirty Cards: 0.1 ms]
      [Humongous Register: 0.0 ms]
      [Humongous Reclaim: 0.0 ms]
      [Free CSet: 0.1 ms]
   [Eden: 21.0M(21.0M)->0.0B(21.0M) Survivors: 4096.0K->4096.0K Heap: 287.4M(512.0M)->219.9M(512.0M)]
Heap after GC invocations=48 (full 0):
 garbage-first heap   total 524288K, used 225141K [0x00000007a0000000, 0x00000007a0101000, 0x00000007c0000000)
  region size 1024K, 4 young (4096K), 4 survivors (4096K)
 Metaspace       used 54786K, capacity 56770K, committed 57372K, reserved 1099776K
  class space    used 6631K, capacity 7040K, committed 7244K, reserved 1048576K
}
 [Times: user=0.03 sys=0.00, real=0.00 secs] 
2022-04-24T19:49:48.989+0500: 694.139: Total time for which application threads were stopped: 0.0044838 seconds, Stopping threads took: 0.0000195 seconds
{Heap before GC invocations=48 (full 0):
 garbage-first heap   total 524288K, used 246645K [0x00000007a0000000, 0x00000007a0101000, 0x00000007c0000000)
  region size 1024K, 25 young (25600K), 4 survivors (4096K)
 Metaspace       used 54786K, capacity 56770K, committed 57372K, reserved 1099776K
  class space    used 6631K, capacity 7040K, committed 7244K, reserved 1048576K
2022-04-24T19:49:49.043+0500: 694.192: [GC pause (G1 Evacuation Pause) (mixed)
Desired survivor size 2097152 bytes, new threshold 1 (max 15)
- age   1:    3310000 bytes,    3310000 total
, 0.0051999 secs]
   [Parallel Time: 1.9 ms, GC Workers: 13]
      [GC Worker Start (ms): Min: 694192.5, Avg: 694192.6, Max: 694192.7, Diff: 0.2]
      [Ext Root Scanning (ms): Min: 0.1, Avg: 0.3, Max: 0.8, Diff: 0.7, Sum: 3.3]
      [Update RS (ms): Min: 0.0, Avg: 0.6, Max: 0.8, Diff: 0.8, Sum: 7.7]
         [Processed Buffers: Min: 1, Avg: 2.5, Max: 6, Diff: 5, Sum: 33]
      [Scan RS (ms): Min: 0.0, Avg: 0.1, Max: 0.2, Diff: 0.2, Sum: 1.5]
      [Code Root Scanning (ms): Min: 0.0, Avg: 0.0, Max: 0.0, Diff: 0.0, Sum: 0.0]
      [Object Copy (ms): Min: 0.7, Avg: 0.7, Max: 0.7, Diff: 0.0, Sum: 9.4]
      [Termination (ms): Min: 0.0, Avg: 0.0, Max: 0.0, Diff: 0.0, Sum: 0.0]
         [Termination Attempts: Min: 1, Avg: 1.0, Max: 1, Diff: 0, Sum: 13]
      [GC Worker Other (ms): Min: 0.0, Avg: 0.0, Max: 0.0, Diff: 0.0, Sum: 0.2]
      [GC Worker Total (ms): Min: 1.6, Avg: 1.7, Max: 1.8, Diff: 0.2, Sum: 22.1]
      [GC Worker End (ms): Min: 694194.3, Avg: 694194.3, Max: 694194.3, Diff: 0.0]
   [Code Root Fixup: 0.0 ms]
   [Code Root Purge: 0.0 ms]
   [Clear CT: 0.1 ms]
   [Other: 3.1 ms]
      [Choose CSet: 0.0 ms]
      [Ref Proc: 2.6 ms]
      [Ref Enq: 0.1 ms]
      [Redirty Cards: 0.1 ms]
      [Humongous Register: 0.0 ms]
      [Humongous Reclaim: 0.0 ms]
      [Free CSet: 0.1 ms]
   [Eden: 21.0M(21.0M)->0.0B(21.0M) Survivors: 4096.0K->4096.0K Heap: 240.9M(512.0M)->176.2M(512.0M)]
Heap after GC invocations=49 (full 0):
 garbage-first heap   total 524288K, used 180422K [0x00000007a0000000, 0x00000007a0101000, 0x00000007c0000000)
  region size 1024K, 4 young (4096K), 4 survivors (4096K)
 Metaspace       used 54786K, capacity 56770K, committed 57372K, reserved 1099776K
  class space    used 6631K, capacity 7040K, committed 7244K, reserved 1048576K
}
 [Times: user=0.03 sys=0.00, real=0.00 secs] 
2022-04-24T19:49:49.048+0500: 694.198: Total time for which application threads were stopped: 0.0054531 seconds, Stopping threads took: 0.0000198 seconds
{Heap before GC invocations=49 (full 0):
 garbage-first heap   total 524288K, used 201926K [0x00000007a0000000, 0x00000007a0101000, 0x00000007c0000000)
  region size 1024K, 25 young (25600K), 4 survivors (4096K)
 Metaspace       used 54805K, capacity 56770K, committed 57372K, reserved 1099776K
  class space    used 6631K, capacity 7040K, committed 7244K, reserved 1048576K
2022-04-24T19:49:49.145+0500: 694.295: [GC pause (G1 Evacuation Pause) (mixed)
Desired survivor size 2097152 bytes, new threshold 1 (max 15)
- age   1:    3064504 bytes,    3064504 total
, 0.0053663 secs]
   [Parallel Time: 1.9 ms, GC Workers: 13]
      [GC Worker Start (ms): Min: 694294.9, Avg: 694295.0, Max: 694295.2, Diff: 0.3]
      [Ext Root Scanning (ms): Min: 0.1, Avg: 0.2, Max: 0.8, Diff: 0.8, Sum: 3.1]
      [Update RS (ms): Min: 0.1, Avg: 0.6, Max: 0.7, Diff: 0.6, Sum: 7.2]
         [Processed Buffers: Min: 1, Avg: 2.5, Max: 4, Diff: 3, Sum: 33]
      [Scan RS (ms): Min: 0.1, Avg: 0.2, Max: 0.2, Diff: 0.2, Sum: 2.3]
      [Code Root Scanning (ms): Min: 0.0, Avg: 0.0, Max: 0.0, Diff: 0.0, Sum: 0.0]
      [Object Copy (ms): Min: 0.7, Avg: 0.7, Max: 0.7, Diff: 0.0, Sum: 8.7]
      [Termination (ms): Min: 0.0, Avg: 0.0, Max: 0.0, Diff: 0.0, Sum: 0.3]
         [Termination Attempts: Min: 1, Avg: 1.0, Max: 1, Diff: 0, Sum: 13]
      [GC Worker Other (ms): Min: 0.0, Avg: 0.0, Max: 0.0, Diff: 0.0, Sum: 0.1]
      [GC Worker Total (ms): Min: 1.6, Avg: 1.7, Max: 1.8, Diff: 0.3, Sum: 21.7]
      [GC Worker End (ms): Min: 694296.7, Avg: 694296.7, Max: 694296.7, Diff: 0.0]
   [Code Root Fixup: 0.0 ms]
   [Code Root Purge: 0.0 ms]
   [Clear CT: 0.1 ms]
   [Other: 3.4 ms]
      [Choose CSet: 0.0 ms]
      [Ref Proc: 2.9 ms]
      [Ref Enq: 0.1 ms]
      [Redirty Cards: 0.1 ms]
      [Humongous Register: 0.0 ms]
      [Humongous Reclaim: 0.0 ms]
      [Free CSet: 0.1 ms]
   [Eden: 21.0M(21.0M)->0.0B(261.0M) Survivors: 4096.0K->4096.0K Heap: 197.2M(512.0M)->144.4M(512.0M)]
Heap after GC invocations=50 (full 0):
 garbage-first heap   total 524288K, used 147841K [0x00000007a0000000, 0x00000007a0101000, 0x00000007c0000000)
  region size 1024K, 4 young (4096K), 4 survivors (4096K)
 Metaspace       used 54805K, capacity 56770K, committed 57372K, reserved 1099776K
  class space    used 6631K, capacity 7040K, committed 7244K, reserved 1048576K
}
 [Times: user=0.04 sys=0.01, real=0.01 secs] 
2022-04-24T19:49:49.151+0500: 694.300: Total time for which application threads were stopped: 0.0055778 seconds, Stopping threads took: 0.0000193 seconds
{Heap before GC invocations=50 (full 0):
 garbage-first heap   total 524288K, used 437250K [0x00000007a0000000, 0x00000007a0101000, 0x00000007c0000000)
  region size 1024K, 265 young (271360K), 4 survivors (4096K)
 Metaspace       used 54810K, capacity 56834K, committed 57628K, reserved 1099776K
  class space    used 6631K, capacity 7040K, committed 7244K, reserved 1048576K
2022-04-24T19:49:50.360+0500: 695.510: [GC pause (G1 Evacuation Pause) (young)
Desired survivor size 17825792 bytes, new threshold 15 (max 15)
- age   1:    3005920 bytes,    3005920 total
, 0.0076282 secs]
   [Parallel Time: 3.2 ms, GC Workers: 13]
      [GC Worker Start (ms): Min: 695510.3, Avg: 695510.4, Max: 695510.5, Diff: 0.2]
      [Ext Root Scanning (ms): Min: 0.1, Avg: 0.3, Max: 0.8, Diff: 0.7, Sum: 3.4]
      [Update RS (ms): Min: 0.7, Avg: 1.1, Max: 1.3, Diff: 0.6, Sum: 14.6]
         [Processed Buffers: Min: 3, Avg: 5.0, Max: 9, Diff: 6, Sum: 65]
      [Scan RS (ms): Min: 0.0, Avg: 0.0, Max: 0.0, Diff: 0.0, Sum: 0.2]
      [Code Root Scanning (ms): Min: 0.0, Avg: 0.0, Max: 0.0, Diff: 0.0, Sum: 0.0]
      [Object Copy (ms): Min: 1.4, Avg: 1.6, Max: 1.6, Diff: 0.2, Sum: 20.2]
      [Termination (ms): Min: 0.0, Avg: 0.0, Max: 0.0, Diff: 0.0, Sum: 0.0]
         [Termination Attempts: Min: 1, Avg: 1.8, Max: 3, Diff: 2, Sum: 24]
      [GC Worker Other (ms): Min: 0.0, Avg: 0.0, Max: 0.1, Diff: 0.1, Sum: 0.5]
      [GC Worker Total (ms): Min: 2.9, Avg: 3.0, Max: 3.1, Diff: 0.3, Sum: 39.1]
      [GC Worker End (ms): Min: 695513.4, Avg: 695513.4, Max: 695513.4, Diff: 0.1]
   [Code Root Fixup: 0.0 ms]
   [Code Root Purge: 0.0 ms]
   [Clear CT: 0.2 ms]
   [Other: 4.3 ms]
      [Choose CSet: 0.0 ms]
      [Ref Proc: 3.6 ms]
      [Ref Enq: 0.1 ms]
      [Redirty Cards: 0.2 ms]
      [Humongous Register: 0.0 ms]
      [Humongous Reclaim: 0.1 ms]
      [Free CSet: 0.2 ms]
   [Eden: 261.0M(261.0M)->0.0B(241.0M) Survivors: 4096.0K->17.0M Heap: 427.0M(512.0M)->167.6M(512.0M)]
Heap after GC invocations=51 (full 0):
 garbage-first heap   total 524288K, used 171645K [0x00000007a0000000, 0x00000007a0101000, 0x00000007c0000000)
  region size 1024K, 17 young (17408K), 17 survivors (17408K)
 Metaspace       used 54810K, capacity 56834K, committed 57628K, reserved 1099776K
  class space    used 6631K, capacity 7040K, committed 7244K, reserved 1048576K
}
 [Times: user=0.04 sys=0.00, real=0.00 secs] 
2022-04-24T19:49:50.368+0500: 695.518: Total time for which application threads were stopped: 0.0078848 seconds, Stopping threads took: 0.0000172 seconds
{Heap before GC invocations=51 (full 0):
 garbage-first heap   total 524288K, used 434449K [0x00000007a0000000, 0x00000007a0101000, 0x00000007c0000000)
  region size 1024K, 258 young (264192K), 17 survivors (17408K)
 Metaspace       used 54811K, capacity 56834K, committed 57628K, reserved 1099776K
  class space    used 6631K, capacity 7040K, committed 7244K, reserved 1048576K
2022-04-24T19:49:51.420+0500: 696.569: [GC pause (G1 Evacuation Pause) (young)
Desired survivor size 17301504 bytes, new threshold 15 (max 15)
- age   1:   14397904 bytes,   14397904 total
- age   2:     645728 bytes,   15043632 total
, 0.0080659 secs]
   [Parallel Time: 4.3 ms, GC Workers: 13]
      [GC Worker Start (ms): Min: 696569.3, Avg: 696569.4, Max: 696569.5, Diff: 0.2]
      [Ext Root Scanning (ms): Min: 0.1, Avg: 0.3, Max: 0.9, Diff: 0.8, Sum: 3.4]
      [Update RS (ms): Min: 0.4, Avg: 0.9, Max: 1.2, Diff: 0.9, Sum: 12.2]
         [Processed Buffers: Min: 3, Avg: 6.6, Max: 9, Diff: 6, Sum: 86]
      [Scan RS (ms): Min: 0.0, Avg: 0.0, Max: 0.0, Diff: 0.0, Sum: 0.3]
      [Code Root Scanning (ms): Min: 0.0, Avg: 0.0, Max: 0.0, Diff: 0.0, Sum: 0.0]
      [Object Copy (ms): Min: 2.5, Avg: 2.7, Max: 2.8, Diff: 0.3, Sum: 35.1]
      [Termination (ms): Min: 0.0, Avg: 0.1, Max: 0.1, Diff: 0.1, Sum: 1.0]
         [Termination Attempts: Min: 1, Avg: 1.0, Max: 1, Diff: 0, Sum: 13]
      [GC Worker Other (ms): Min: 0.0, Avg: 0.0, Max: 0.1, Diff: 0.0, Sum: 0.2]
      [GC Worker Total (ms): Min: 3.9, Avg: 4.0, Max: 4.2, Diff: 0.2, Sum: 52.3]
      [GC Worker End (ms): Min: 696573.4, Avg: 696573.5, Max: 696573.5, Diff: 0.1]
   [Code Root Fixup: 0.0 ms]
   [Code Root Purge: 0.0 ms]
   [Clear CT: 0.1 ms]
   [Other: 3.7 ms]
      [Choose CSet: 0.0 ms]
      [Ref Proc: 3.2 ms]
      [Ref Enq: 0.1 ms]
      [Redirty Cards: 0.1 ms]
      [Humongous Register: 0.0 ms]
      [Humongous Reclaim: 0.0 ms]
      [Free CSet: 0.1 ms]
   [Eden: 241.0M(241.0M)->0.0B(231.0M) Survivors: 17.0M->28.0M Heap: 424.3M(512.0M)->180.9M(512.0M)]
Heap after GC invocations=52 (full 0):
 garbage-first heap   total 524288K, used 185288K [0x00000007a0000000, 0x00000007a0101000, 0x00000007c0000000)
  region size 1024K, 28 young (28672K), 28 survivors (28672K)
 Metaspace       used 54811K, capacity 56834K, committed 57628K, reserved 1099776K
  class space    used 6631K, capacity 7040K, committed 7244K, reserved 1048576K
}
 [Times: user=0.06 sys=0.00, real=0.00 secs] 
2022-04-24T19:49:51.428+0500: 696.577: Total time for which application threads were stopped: 0.0083516 seconds, Stopping threads took: 0.0000520 seconds
{Heap before GC invocations=52 (full 0):
 garbage-first heap   total 524288K, used 441220K [0x00000007a0000000, 0x00000007a0101000, 0x00000007c0000000)
  region size 1024K, 259 young (265216K), 28 survivors (28672K)
 Metaspace       used 54811K, capacity 56834K, committed 57628K, reserved 1099776K
  class space    used 6631K, capacity 7040K, committed 7244K, reserved 1048576K
2022-04-24T19:49:52.403+0500: 697.553: [GC pause (G1 Evacuation Pause) (young)
Desired survivor size 17301504 bytes, new threshold 2 (max 15)
- age   1:   14246304 bytes,   14246304 total
- age   2:    7636288 bytes,   21882592 total
- age   3:     645600 bytes,   22528192 total
, 0.0095901 secs]
   [Parallel Time: 5.2 ms, GC Workers: 13]
      [GC Worker Start (ms): Min: 697552.7, Avg: 697552.8, Max: 697552.8, Diff: 0.2]
      [Ext Root Scanning (ms): Min: 0.1, Avg: 0.3, Max: 0.9, Diff: 0.7, Sum: 3.3]
      [Update RS (ms): Min: 0.4, Avg: 1.0, Max: 1.1, Diff: 0.7, Sum: 12.4]
         [Processed Buffers: Min: 4, Avg: 6.6, Max: 9, Diff: 5, Sum: 86]
      [Scan RS (ms): Min: 0.0, Avg: 0.0, Max: 0.0, Diff: 0.0, Sum: 0.2]
      [Code Root Scanning (ms): Min: 0.0, Avg: 0.0, Max: 0.0, Diff: 0.0, Sum: 0.0]
      [Object Copy (ms): Min: 3.7, Avg: 3.8, Max: 3.8, Diff: 0.2, Sum: 49.2]
      [Termination (ms): Min: 0.0, Avg: 0.0, Max: 0.0, Diff: 0.0, Sum: 0.0]
         [Termination Attempts: Min: 1, Avg: 1.0, Max: 1, Diff: 0, Sum: 13]
      [GC Worker Other (ms): Min: 0.0, Avg: 0.0, Max: 0.1, Diff: 0.0, Sum: 0.4]
      [GC Worker Total (ms): Min: 5.0, Avg: 5.0, Max: 5.1, Diff: 0.2, Sum: 65.5]
      [GC Worker End (ms): Min: 697557.8, Avg: 697557.8, Max: 697557.8, Diff: 0.0]
   [Code Root Fixup: 0.0 ms]
   [Code Root Purge: 0.0 ms]
   [Clear CT: 0.1 ms]
   [Other: 4.2 ms]
      [Choose CSet: 0.0 ms]
      [Ref Proc: 3.8 ms]
      [Ref Enq: 0.1 ms]
      [Redirty Cards: 0.1 ms]
      [Humongous Register: 0.0 ms]
      [Humongous Reclaim: 0.0 ms]
      [Free CSet: 0.1 ms]
   [Eden: 231.0M(231.0M)->0.0B(226.0M) Survivors: 28.0M->27.0M Heap: 430.9M(512.0M)->189.0M(512.0M)]
Heap after GC invocations=53 (full 0):
 garbage-first heap   total 524288K, used 193518K [0x00000007a0000000, 0x00000007a0101000, 0x00000007c0000000)
  region size 1024K, 27 young (27648K), 27 survivors (27648K)
 Metaspace       used 54811K, capacity 56834K, committed 57628K, reserved 1099776K
  class space    used 6631K, capacity 7040K, committed 7244K, reserved 1048576K
}
 [Times: user=0.08 sys=0.00, real=0.01 secs] 
2022-04-24T19:49:52.413+0500: 697.562: Total time for which application threads were stopped: 0.0098073 seconds, Stopping threads took: 0.0000172 seconds
{Heap before GC invocations=53 (full 0):
 garbage-first heap   total 524288K, used 453153K [0x00000007a0000000, 0x00000007a0101000, 0x00000007c0000000)
  region size 1024K, 253 young (259072K), 27 survivors (27648K)
 Metaspace       used 54812K, capacity 56834K, committed 57628K, reserved 1099776K
  class space    used 6631K, capacity 7040K, committed 7244K, reserved 1048576K
2022-04-24T19:49:53.509+0500: 698.658: [GC pause (G1 Evacuation Pause) (young)
Desired survivor size 16777216 bytes, new threshold 2 (max 15)
- age   1:   15455752 bytes,   15455752 total
- age   2:    7809848 bytes,   23265600 total
, 0.0086483 secs]
   [Parallel Time: 5.3 ms, GC Workers: 13]
      [GC Worker Start (ms): Min: 698658.5, Avg: 698658.5, Max: 698658.6, Diff: 0.2]
      [Ext Root Scanning (ms): Min: 0.1, Avg: 0.3, Max: 0.8, Diff: 0.6, Sum: 3.3]
      [Update RS (ms): Min: 0.3, Avg: 0.8, Max: 0.9, Diff: 0.6, Sum: 9.8]
         [Processed Buffers: Min: 4, Avg: 8.8, Max: 11, Diff: 7, Sum: 114]
      [Scan RS (ms): Min: 0.6, Avg: 0.7, Max: 0.8, Diff: 0.2, Sum: 9.0]
      [Code Root Scanning (ms): Min: 0.0, Avg: 0.0, Max: 0.0, Diff: 0.0, Sum: 0.0]
      [Object Copy (ms): Min: 3.4, Avg: 3.4, Max: 3.4, Diff: 0.1, Sum: 44.5]
      [Termination (ms): Min: 0.0, Avg: 0.0, Max: 0.0, Diff: 0.0, Sum: 0.0]
         [Termination Attempts: Min: 1, Avg: 1.0, Max: 1, Diff: 0, Sum: 13]
      [GC Worker Other (ms): Min: 0.0, Avg: 0.0, Max: 0.1, Diff: 0.0, Sum: 0.3]
      [GC Worker Total (ms): Min: 5.1, Avg: 5.2, Max: 5.2, Diff: 0.2, Sum: 67.0]
      [GC Worker End (ms): Min: 698663.7, Avg: 698663.7, Max: 698663.7, Diff: 0.0]
   [Code Root Fixup: 0.0 ms]
   [Code Root Purge: 0.0 ms]
   [Clear CT: 0.1 ms]
   [Other: 3.2 ms]
      [Choose CSet: 0.0 ms]
      [Ref Proc: 2.6 ms]
      [Ref Enq: 0.1 ms]
      [Redirty Cards: 0.1 ms]
      [Humongous Register: 0.0 ms]
      [Humongous Reclaim: 0.0 ms]
      [Free CSet: 0.1 ms]
   [Eden: 226.0M(226.0M)->0.0B(206.0M) Survivors: 27.0M->27.0M Heap: 442.5M(512.0M)->200.9M(512.0M)]
Heap after GC invocations=54 (full 0):
 garbage-first heap   total 524288K, used 205772K [0x00000007a0000000, 0x00000007a0101000, 0x00000007c0000000)
  region size 1024K, 27 young (27648K), 27 survivors (27648K)
 Metaspace       used 54812K, capacity 56834K, committed 57628K, reserved 1099776K
  class space    used 6631K, capacity 7040K, committed 7244K, reserved 1048576K
}
 [Times: user=0.07 sys=0.00, real=0.01 secs] 
2022-04-24T19:49:53.517+0500: 698.667: Total time for which application threads were stopped: 0.0088709 seconds, Stopping threads took: 0.0000212 seconds
2022-04-24T19:49:54.519+0500: 699.668: Total time for which application threads were stopped: 0.0001359 seconds, Stopping threads took: 0.0000589 seconds
{Heap before GC invocations=54 (full 0):
 garbage-first heap   total 524288K, used 438803K [0x00000007a0000000, 0x00000007a0101000, 0x00000007c0000000)
  region size 1024K, 231 young (236544K), 27 survivors (27648K)
 Metaspace       used 54821K, capacity 56834K, committed 57628K, reserved 1099776K
  class space    used 6631K, capacity 7040K, committed 7244K, reserved 1048576K
2022-04-24T19:49:54.556+0500: 699.706: [GC pause (G1 Humongous Allocation) (young) (initial-mark)
Desired survivor size 15728640 bytes, new threshold 2 (max 15)
- age   1:   14589256 bytes,   14589256 total
- age   2:    6574616 bytes,   21163872 total
, 0.0083321 secs]
   [Parallel Time: 5.3 ms, GC Workers: 13]
      [GC Worker Start (ms): Min: 699705.9, Avg: 699706.0, Max: 699706.1, Diff: 0.2]
      [Ext Root Scanning (ms): Min: 0.6, Avg: 0.7, Max: 0.9, Diff: 0.3, Sum: 8.7]
      [Update RS (ms): Min: 1.7, Avg: 1.8, Max: 2.0, Diff: 0.3, Sum: 23.5]
         [Processed Buffers: Min: 7, Avg: 9.5, Max: 12, Diff: 5, Sum: 124]
      [Scan RS (ms): Min: 0.0, Avg: 0.0, Max: 0.0, Diff: 0.0, Sum: 0.2]
      [Code Root Scanning (ms): Min: 0.0, Avg: 0.0, Max: 0.0, Diff: 0.0, Sum: 0.0]
      [Object Copy (ms): Min: 2.3, Avg: 2.5, Max: 2.6, Diff: 0.2, Sum: 32.4]
      [Termination (ms): Min: 0.0, Avg: 0.0, Max: 0.0, Diff: 0.0, Sum: 0.1]
         [Termination Attempts: Min: 1, Avg: 1.0, Max: 1, Diff: 0, Sum: 13]
      [GC Worker Other (ms): Min: 0.0, Avg: 0.0, Max: 0.1, Diff: 0.0, Sum: 0.3]
      [GC Worker Total (ms): Min: 4.9, Avg: 5.0, Max: 5.1, Diff: 0.2, Sum: 65.4]
      [GC Worker End (ms): Min: 699711.1, Avg: 699711.1, Max: 699711.1, Diff: 0.0]
   [Code Root Fixup: 0.0 ms]
   [Code Root Purge: 0.0 ms]
   [Clear CT: 0.1 ms]
   [Other: 2.9 ms]
      [Choose CSet: 0.0 ms]
      [Ref Proc: 2.5 ms]
      [Ref Enq: 0.1 ms]
      [Redirty Cards: 0.1 ms]
      [Humongous Register: 0.0 ms]
      [Humongous Reclaim: 0.0 ms]
      [Free CSet: 0.1 ms]
   [Eden: 204.0M(206.0M)->0.0B(202.0M) Survivors: 27.0M->24.0M Heap: 429.5M(512.0M)->210.5M(512.0M)]
Heap after GC invocations=55 (full 0):
 garbage-first heap   total 524288K, used 215560K [0x00000007a0000000, 0x00000007a0101000, 0x00000007c0000000)
  region size 1024K, 24 young (24576K), 24 survivors (24576K)
 Metaspace       used 54821K, capacity 56834K, committed 57628K, reserved 1099776K
  class space    used 6631K, capacity 7040K, committed 7244K, reserved 1048576K
}
 [Times: user=0.07 sys=0.00, real=0.01 secs] 
2022-04-24T19:49:54.565+0500: 699.714: Total time for which application threads were stopped: 0.0085719 seconds, Stopping threads took: 0.0000435 seconds
2022-04-24T19:49:54.565+0500: 699.714: [GC concurrent-root-region-scan-start]
2022-04-24T19:49:54.566+0500: 699.716: [GC concurrent-root-region-scan-end, 0.0012753 secs]
2022-04-24T19:49:54.566+0500: 699.716: [GC concurrent-mark-start]
2022-04-24T19:49:54.590+0500: 699.740: [GC concurrent-mark-end, 0.0243586 secs]
2022-04-24T19:49:54.590+0500: 699.740: [GC remark 2022-04-24T19:49:54.590+0500: 699.740: [Finalize Marking, 0.0003138 secs] 2022-04-24T19:49:54.591+0500: 699.740: [GC ref-proc, 0.0024957 secs] 2022-04-24T19:49:54.593+0500: 699.743: [Unloading, 0.0042790 secs], 0.0075206 secs]
 [Times: user=0.06 sys=0.01, real=0.00 secs] 
2022-04-24T19:49:54.598+0500: 699.748: Total time for which application threads were stopped: 0.0077683 seconds, Stopping threads took: 0.0000878 seconds
2022-04-24T19:49:54.598+0500: 699.748: [GC cleanup 218M->200M(512M), 0.0007931 secs]
 [Times: user=0.00 sys=0.00, real=0.00 secs] 
2022-04-24T19:49:54.599+0500: 699.749: Total time for which application threads were stopped: 0.0009372 seconds, Stopping threads took: 0.0000388 seconds
2022-04-24T19:49:54.599+0500: 699.749: [GC concurrent-cleanup-start]
2022-04-24T19:49:54.599+0500: 699.749: [GC concurrent-cleanup-end, 0.0000199 secs]
{Heap before GC invocations=56 (full 0):
 garbage-first heap   total 524288K, used 411769K [0x00000007a0000000, 0x00000007a0101000, 0x00000007c0000000)
  region size 1024K, 226 young (231424K), 24 survivors (24576K)
 Metaspace       used 54824K, capacity 56834K, committed 57628K, reserved 1099776K
  class space    used 6631K, capacity 7040K, committed 7244K, reserved 1048576K
2022-04-24T19:49:55.467+0500: 700.616: [GC pause (G1 Evacuation Pause) (young)
Desired survivor size 15204352 bytes, new threshold 2 (max 15)
- age   1:   11260416 bytes,   11260416 total
- age   2:    7967840 bytes,   19228256 total
, 0.0080443 secs]
   [Parallel Time: 5.0 ms, GC Workers: 13]
      [GC Worker Start (ms): Min: 700616.6, Avg: 700616.6, Max: 700616.7, Diff: 0.1]
      [Ext Root Scanning (ms): Min: 0.1, Avg: 0.3, Max: 0.9, Diff: 0.7, Sum: 3.4]
      [Update RS (ms): Min: 1.3, Avg: 1.8, Max: 2.0, Diff: 0.8, Sum: 23.1]
         [Processed Buffers: Min: 7, Avg: 9.2, Max: 13, Diff: 6, Sum: 119]
      [Scan RS (ms): Min: 0.0, Avg: 0.0, Max: 0.0, Diff: 0.0, Sum: 0.2]
      [Code Root Scanning (ms): Min: 0.0, Avg: 0.0, Max: 0.0, Diff: 0.0, Sum: 0.0]
      [Object Copy (ms): Min: 2.6, Avg: 2.8, Max: 2.8, Diff: 0.2, Sum: 35.8]
      [Termination (ms): Min: 0.0, Avg: 0.0, Max: 0.0, Diff: 0.0, Sum: 0.2]
         [Termination Attempts: Min: 1, Avg: 1.5, Max: 3, Diff: 2, Sum: 20]
      [GC Worker Other (ms): Min: 0.0, Avg: 0.0, Max: 0.0, Diff: 0.0, Sum: 0.2]
      [GC Worker Total (ms): Min: 4.8, Avg: 4.9, Max: 4.9, Diff: 0.1, Sum: 63.1]
      [GC Worker End (ms): Min: 700621.5, Avg: 700621.5, Max: 700621.5, Diff: 0.0]
   [Code Root Fixup: 0.0 ms]
   [Code Root Purge: 0.0 ms]
   [Clear CT: 0.1 ms]
   [Other: 2.9 ms]
      [Choose CSet: 0.0 ms]
      [Ref Proc: 2.5 ms]
      [Ref Enq: 0.1 ms]
      [Redirty Cards: 0.1 ms]
      [Humongous Register: 0.0 ms]
      [Humongous Reclaim: 0.0 ms]
      [Free CSet: 0.1 ms]
   [Eden: 202.0M(202.0M)->0.0B(1024.0K) Survivors: 24.0M->25.0M Heap: 402.1M(512.0M)->200.7M(512.0M)]
Heap after GC invocations=57 (full 0):
 garbage-first heap   total 524288K, used 205543K [0x00000007a0000000, 0x00000007a0101000, 0x00000007c0000000)
  region size 1024K, 25 young (25600K), 25 survivors (25600K)
 Metaspace       used 54824K, capacity 56834K, committed 57628K, reserved 1099776K
  class space    used 6631K, capacity 7040K, committed 7244K, reserved 1048576K
}
 [Times: user=0.07 sys=0.00, real=0.01 secs] 
2022-04-24T19:49:55.475+0500: 700.625: Total time for which application threads were stopped: 0.0082675 seconds, Stopping threads took: 0.0000196 seconds
{Heap before GC invocations=57 (full 0):
 garbage-first heap   total 524288K, used 206567K [0x00000007a0000000, 0x00000007a0101000, 0x00000007c0000000)
  region size 1024K, 26 young (26624K), 25 survivors (25600K)
 Metaspace       used 54824K, capacity 56834K, committed 57628K, reserved 1099776K
  class space    used 6631K, capacity 7040K, committed 7244K, reserved 1048576K
2022-04-24T19:49:55.483+0500: 700.632: [GC pause (G1 Evacuation Pause) (mixed)
Desired survivor size 2097152 bytes, new threshold 1 (max 15)
- age   1:   13306936 bytes,   13306936 total
- age   2:    5916824 bytes,   19223760 total
, 0.0088112 secs]
   [Parallel Time: 5.1 ms, GC Workers: 13]
      [GC Worker Start (ms): Min: 700632.3, Avg: 700632.5, Max: 700632.5, Diff: 0.2]
      [Ext Root Scanning (ms): Min: 0.1, Avg: 0.2, Max: 0.9, Diff: 0.8, Sum: 3.1]
      [Update RS (ms): Min: 0.8, Avg: 1.2, Max: 1.5, Diff: 0.6, Sum: 16.2]
         [Processed Buffers: Min: 3, Avg: 4.2, Max: 6, Diff: 3, Sum: 54]
      [Scan RS (ms): Min: 0.4, Avg: 0.6, Max: 0.6, Diff: 0.2, Sum: 7.3]
      [Code Root Scanning (ms): Min: 0.0, Avg: 0.0, Max: 0.2, Diff: 0.2, Sum: 0.3]
      [Object Copy (ms): Min: 2.6, Avg: 2.8, Max: 2.8, Diff: 0.2, Sum: 36.3]
      [Termination (ms): Min: 0.0, Avg: 0.0, Max: 0.0, Diff: 0.0, Sum: 0.2]
         [Termination Attempts: Min: 1, Avg: 1.5, Max: 3, Diff: 2, Sum: 19]
      [GC Worker Other (ms): Min: 0.0, Avg: 0.0, Max: 0.0, Diff: 0.0, Sum: 0.1]
      [GC Worker Total (ms): Min: 4.8, Avg: 4.9, Max: 5.0, Diff: 0.2, Sum: 63.5]
      [GC Worker End (ms): Min: 700637.4, Avg: 700637.4, Max: 700637.4, Diff: 0.0]
   [Code Root Fixup: 0.0 ms]
   [Code Root Purge: 0.0 ms]
   [Clear CT: 0.1 ms]
   [Other: 3.6 ms]
      [Choose CSet: 0.0 ms]
      [Ref Proc: 3.0 ms]
      [Ref Enq: 0.1 ms]
      [Redirty Cards: 0.1 ms]
      [Humongous Register: 0.0 ms]
      [Humongous Reclaim: 0.0 ms]
      [Free CSet: 0.1 ms]
   [Eden: 1024.0K(1024.0K)->0.0B(257.0M) Survivors: 25.0M->4096.0K Heap: 201.7M(512.0M)->168.3M(512.0M)]
Heap after GC invocations=58 (full 0):
 garbage-first heap   total 524288K, used 172359K [0x00000007a0000000, 0x00000007a0101000, 0x00000007c0000000)
  region size 1024K, 4 young (4096K), 4 survivors (4096K)
 Metaspace       used 54824K, capacity 56834K, committed 57628K, reserved 1099776K
  class space    used 6631K, capacity 7040K, committed 7244K, reserved 1048576K
}
 [Times: user=0.07 sys=0.01, real=0.01 secs] 
2022-04-24T19:49:55.492+0500: 700.641: Total time for which application threads were stopped: 0.0090143 seconds, Stopping threads took: 0.0000145 seconds
2022-04-24T19:49:56.495+0500: 701.645: Total time for which application threads were stopped: 0.0001575 seconds, Stopping threads took: 0.0000543 seconds
{Heap before GC invocations=58 (full 0):
 garbage-first heap   total 524288K, used 457614K [0x00000007a0000000, 0x00000007a0101000, 0x00000007c0000000)
  region size 1024K, 261 young (267264K), 4 survivors (4096K)
 Metaspace       used 54827K, capacity 56834K, committed 57628K, reserved 1099776K
  class space    used 6631K, capacity 7040K, committed 7244K, reserved 1048576K
2022-04-24T19:49:56.868+0500: 702.018: [GC pause (G1 Evacuation Pause) (young)
Desired survivor size 17301504 bytes, new threshold 15 (max 15)
- age   1:       3928 bytes,       3928 total
, 0.0069362 secs]
   [Parallel Time: 3.9 ms, GC Workers: 13]
      [GC Worker Start (ms): Min: 702017.8, Avg: 702017.9, Max: 702018.0, Diff: 0.2]
      [Ext Root Scanning (ms): Min: 0.1, Avg: 0.2, Max: 0.8, Diff: 0.7, Sum: 3.2]
      [Update RS (ms): Min: 1.7, Avg: 2.2, Max: 2.5, Diff: 0.8, Sum: 29.1]
         [Processed Buffers: Min: 6, Avg: 8.0, Max: 12, Diff: 6, Sum: 104]
      [Scan RS (ms): Min: 0.0, Avg: 0.0, Max: 0.0, Diff: 0.0, Sum: 0.3]
      [Code Root Scanning (ms): Min: 0.0, Avg: 0.0, Max: 0.0, Diff: 0.0, Sum: 0.0]
      [Object Copy (ms): Min: 0.9, Avg: 1.1, Max: 1.2, Diff: 0.3, Sum: 14.3]
      [Termination (ms): Min: 0.0, Avg: 0.0, Max: 0.0, Diff: 0.0, Sum: 0.1]
         [Termination Attempts: Min: 1, Avg: 8.4, Max: 13, Diff: 12, Sum: 109]
      [GC Worker Other (ms): Min: 0.0, Avg: 0.0, Max: 0.1, Diff: 0.1, Sum: 0.4]
      [GC Worker Total (ms): Min: 3.6, Avg: 3.6, Max: 3.8, Diff: 0.2, Sum: 47.4]
      [GC Worker End (ms): Min: 702021.6, Avg: 702021.6, Max: 702021.6, Diff: 0.1]
   [Code Root Fixup: 0.0 ms]
   [Code Root Purge: 0.0 ms]
   [Clear CT: 0.1 ms]
   [Other: 2.9 ms]
      [Choose CSet: 0.0 ms]
      [Ref Proc: 2.5 ms]
      [Ref Enq: 0.1 ms]
      [Redirty Cards: 0.1 ms]
      [Humongous Register: 0.0 ms]
      [Humongous Reclaim: 0.0 ms]
      [Free CSet: 0.1 ms]
   [Eden: 257.0M(257.0M)->0.0B(227.0M) Survivors: 4096.0K->16.0M Heap: 446.9M(512.0M)->199.2M(512.0M)]
Heap after GC invocations=59 (full 0):
 garbage-first heap   total 524288K, used 203941K [0x00000007a0000000, 0x00000007a0101000, 0x00000007c0000000)
  region size 1024K, 16 young (16384K), 16 survivors (16384K)
 Metaspace       used 54827K, capacity 56834K, committed 57628K, reserved 1099776K
  class space    used 6631K, capacity 7040K, committed 7244K, reserved 1048576K
}
 [Times: user=0.06 sys=0.01, real=0.01 secs] 
2022-04-24T19:49:56.875+0500: 702.025: Total time for which application threads were stopped: 0.0071665 seconds, Stopping threads took: 0.0000193 seconds
{Heap before GC invocations=59 (full 0):
 garbage-first heap   total 524288K, used 436389K [0x00000007a0000000, 0x00000007a0101000, 0x00000007c0000000)
  region size 1024K, 243 young (248832K), 16 survivors (16384K)
 Metaspace       used 54827K, capacity 56834K, committed 57628K, reserved 1099776K
  class space    used 6631K, capacity 7040K, committed 7244K, reserved 1048576K
2022-04-24T19:49:57.493+0500: 702.642: [GC pause (G1 Evacuation Pause) (young)
Desired survivor size 16252928 bytes, new threshold 15 (max 15)
- age   1:   11826048 bytes,   11826048 total
- age   2:       3056 bytes,   11829104 total
, 0.0052302 secs]
   [Parallel Time: 2.1 ms, GC Workers: 13]
      [GC Worker Start (ms): Min: 702642.3, Avg: 702642.4, Max: 702642.5, Diff: 0.2]
      [Ext Root Scanning (ms): Min: 0.1, Avg: 0.3, Max: 0.9, Diff: 0.8, Sum: 3.3]
      [Update RS (ms): Min: 0.0, Avg: 0.6, Max: 0.8, Diff: 0.8, Sum: 7.3]
         [Processed Buffers: Min: 0, Avg: 2.4, Max: 4, Diff: 4, Sum: 31]
      [Scan RS (ms): Min: 0.0, Avg: 0.0, Max: 0.1, Diff: 0.1, Sum: 0.2]
      [Code Root Scanning (ms): Min: 0.0, Avg: 0.0, Max: 0.0, Diff: 0.0, Sum: 0.0]
      [Object Copy (ms): Min: 0.8, Avg: 1.0, Max: 1.0, Diff: 0.2, Sum: 12.6]
      [Termination (ms): Min: 0.0, Avg: 0.0, Max: 0.0, Diff: 0.0, Sum: 0.0]
         [Termination Attempts: Min: 1, Avg: 1.0, Max: 1, Diff: 0, Sum: 13]
      [GC Worker Other (ms): Min: 0.0, Avg: 0.0, Max: 0.1, Diff: 0.1, Sum: 0.4]
      [GC Worker Total (ms): Min: 1.7, Avg: 1.8, Max: 2.0, Diff: 0.2, Sum: 24.0]
      [GC Worker End (ms): Min: 702644.2, Avg: 702644.2, Max: 702644.3, Diff: 0.1]
   [Code Root Fixup: 0.0 ms]
   [Code Root Purge: 0.0 ms]
   [Clear CT: 0.1 ms]
   [Other: 3.0 ms]
      [Choose CSet: 0.0 ms]
      [Ref Proc: 2.6 ms]
      [Ref Enq: 0.1 ms]
      [Redirty Cards: 0.1 ms]
      [Humongous Register: 0.0 ms]
      [Humongous Reclaim: 0.0 ms]
      [Free CSet: 0.1 ms]
   [Eden: 227.0M(227.0M)->0.0B(229.0M) Survivors: 16.0M->17.0M Heap: 426.2M(512.0M)->200.1M(512.0M)]
Heap after GC invocations=60 (full 0):
 garbage-first heap   total 524288K, used 204870K [0x00000007a0000000, 0x00000007a0101000, 0x00000007c0000000)
  region size 1024K, 17 young (17408K), 17 survivors (17408K)
 Metaspace       used 54827K, capacity 56834K, committed 57628K, reserved 1099776K
  class space    used 6631K, capacity 7040K, committed 7244K, reserved 1048576K
}
 [Times: user=0.03 sys=0.01, real=0.00 secs] 
2022-04-24T19:49:57.498+0500: 702.648: Total time for which application threads were stopped: 0.0054498 seconds, Stopping threads took: 0.0000212 seconds
2022-04-24T19:49:58.059+0500: 703.208: Total time for which application threads were stopped: 0.0000870 seconds, Stopping threads took: 0.0000209 seconds
{Heap before GC invocations=60 (full 0):
 garbage-first heap   total 524288K, used 439366K [0x00000007a0000000, 0x00000007a0101000, 0x00000007c0000000)
  region size 1024K, 246 young (251904K), 17 survivors (17408K)
 Metaspace       used 54881K, capacity 56898K, committed 57628K, reserved 1099776K
  class space    used 6631K, capacity 7040K, committed 7244K, reserved 1048576K
2022-04-24T19:49:58.098+0500: 703.248: [GC pause (G1 Evacuation Pause) (young)
Desired survivor size 16252928 bytes, new threshold 15 (max 15)
- age   1:     140848 bytes,     140848 total
- age   2:   11772376 bytes,   11913224 total
- age   3:       3056 bytes,   11916280 total
, 0.0100870 secs]
   [Parallel Time: 2.9 ms, GC Workers: 13]
      [GC Worker Start (ms): Min: 703247.9, Avg: 703248.2, Max: 703250.6, Diff: 2.7]
      [Ext Root Scanning (ms): Min: 0.0, Avg: 0.3, Max: 1.7, Diff: 1.7, Sum: 4.5]
      [Update RS (ms): Min: 0.0, Avg: 0.5, Max: 0.8, Diff: 0.8, Sum: 6.8]
         [Processed Buffers: Min: 0, Avg: 2.5, Max: 5, Diff: 5, Sum: 33]
      [Scan RS (ms): Min: 0.0, Avg: 0.0, Max: 0.1, Diff: 0.0, Sum: 0.2]
      [Code Root Scanning (ms): Min: 0.0, Avg: 0.0, Max: 0.0, Diff: 0.0, Sum: 0.1]
      [Object Copy (ms): Min: 0.0, Avg: 1.0, Max: 1.9, Diff: 1.9, Sum: 13.2]
      [Termination (ms): Min: 0.0, Avg: 0.5, Max: 0.6, Diff: 0.6, Sum: 6.9]
         [Termination Attempts: Min: 1, Avg: 1.0, Max: 1, Diff: 0, Sum: 13]
      [GC Worker Other (ms): Min: 0.0, Avg: 0.0, Max: 0.0, Diff: 0.0, Sum: 0.2]
      [GC Worker Total (ms): Min: 0.0, Avg: 2.5, Max: 2.7, Diff: 2.7, Sum: 32.0]
      [GC Worker End (ms): Min: 703250.6, Avg: 703250.7, Max: 703250.7, Diff: 0.0]
   [Code Root Fixup: 0.0 ms]
   [Code Root Purge: 0.0 ms]
   [Clear CT: 0.3 ms]
   [Other: 6.9 ms]
      [Choose CSet: 0.0 ms]
      [Ref Proc: 6.0 ms]
      [Ref Enq: 0.4 ms]
      [Redirty Cards: 0.3 ms]
      [Humongous Register: 0.0 ms]
      [Humongous Reclaim: 0.0 ms]
      [Free CSet: 0.1 ms]
   [Eden: 229.0M(229.0M)->0.0B(231.0M) Survivors: 17.0M->16.0M Heap: 429.1M(512.0M)->199.0M(512.0M)]
Heap after GC invocations=61 (full 0):
 garbage-first heap   total 524288K, used 203791K [0x00000007a0000000, 0x00000007a0101000, 0x00000007c0000000)
  region size 1024K, 16 young (16384K), 16 survivors (16384K)
 Metaspace       used 54881K, capacity 56898K, committed 57628K, reserved 1099776K
  class space    used 6631K, capacity 7040K, committed 7244K, reserved 1048576K
}
 [Times: user=0.09 sys=0.00, real=0.01 secs] 
2022-04-24T19:49:58.109+0500: 703.258: Total time for which application threads were stopped: 0.0103372 seconds, Stopping threads took: 0.0000234 seconds
{Heap before GC invocations=61 (full 0):
 garbage-first heap   total 524288K, used 445328K [0x00000007a0000000, 0x00000007a0101000, 0x00000007c0000000)
  region size 1024K, 247 young (252928K), 16 survivors (16384K)
 Metaspace       used 54881K, capacity 56898K, committed 57628K, reserved 1099776K
  class space    used 6631K, capacity 7040K, committed 7244K, reserved 1048576K
2022-04-24T19:49:58.893+0500: 704.042: [GC pause (G1 Evacuation Pause) (young)
Desired survivor size 16252928 bytes, new threshold 15 (max 15)
- age   1:     146960 bytes,     146960 total
- age   3:   11186296 bytes,   11333256 total
- age   4:       2168 bytes,   11335424 total
, 0.0075277 secs]
   [Parallel Time: 3.5 ms, GC Workers: 13]
      [GC Worker Start (ms): Min: 704042.2, Avg: 704042.4, Max: 704042.5, Diff: 0.2]
      [Ext Root Scanning (ms): Min: 0.1, Avg: 0.3, Max: 0.9, Diff: 0.8, Sum: 3.6]
      [Update RS (ms): Min: 0.3, Avg: 0.9, Max: 1.1, Diff: 0.7, Sum: 11.1]
         [Processed Buffers: Min: 3, Avg: 5.8, Max: 10, Diff: 7, Sum: 76]
      [Scan RS (ms): Min: 0.0, Avg: 0.0, Max: 0.0, Diff: 0.0, Sum: 0.3]
      [Code Root Scanning (ms): Min: 0.0, Avg: 0.0, Max: 0.0, Diff: 0.0, Sum: 0.1]
      [Object Copy (ms): Min: 1.9, Avg: 2.0, Max: 2.0, Diff: 0.2, Sum: 26.0]
      [Termination (ms): Min: 0.0, Avg: 0.0, Max: 0.0, Diff: 0.0, Sum: 0.0]
         [Termination Attempts: Min: 1, Avg: 1.0, Max: 1, Diff: 0, Sum: 13]
      [GC Worker Other (ms): Min: 0.0, Avg: 0.0, Max: 0.1, Diff: 0.1, Sum: 0.4]
      [GC Worker Total (ms): Min: 3.1, Avg: 3.2, Max: 3.3, Diff: 0.3, Sum: 41.5]
      [GC Worker End (ms): Min: 704045.5, Avg: 704045.6, Max: 704045.6, Diff: 0.1]
   [Code Root Fixup: 0.0 ms]
   [Code Root Purge: 0.0 ms]
   [Clear CT: 0.1 ms]
   [Other: 4.0 ms]
      [Choose CSet: 0.0 ms]
      [Ref Proc: 3.6 ms]
      [Ref Enq: 0.1 ms]
      [Redirty Cards: 0.1 ms]
      [Humongous Register: 0.0 ms]
      [Humongous Reclaim: 0.0 ms]
      [Free CSet: 0.1 ms]
   [Eden: 231.0M(231.0M)->0.0B(207.0M) Survivors: 16.0M->27.0M Heap: 434.9M(512.0M)->211.2M(512.0M)]
Heap after GC invocations=62 (full 0):
 garbage-first heap   total 524288K, used 216290K [0x00000007a0000000, 0x00000007a0101000, 0x00000007c0000000)
  region size 1024K, 27 young (27648K), 27 survivors (27648K)
 Metaspace       used 54881K, capacity 56898K, committed 57628K, reserved 1099776K
  class space    used 6631K, capacity 7040K, committed 7244K, reserved 1048576K
}
 [Times: user=0.05 sys=0.00, real=0.01 secs] 
2022-04-24T19:49:58.900+0500: 704.050: Total time for which application threads were stopped: 0.0077376 seconds, Stopping threads took: 0.0000183 seconds
{Heap before GC invocations=62 (full 0):
 garbage-first heap   total 524288K, used 417320K [0x00000007a0000000, 0x00000007a0101000, 0x00000007c0000000)
  region size 1024K, 205 young (209920K), 27 survivors (27648K)
 Metaspace       used 54881K, capacity 56898K, committed 57628K, reserved 1099776K
  class space    used 6631K, capacity 7040K, committed 7244K, reserved 1048576K
2022-04-24T19:49:59.670+0500: 704.819: [GC pause (G1 Humongous Allocation) (young) (initial-mark)
Desired survivor size 15728640 bytes, new threshold 1 (max 15)
- age   1:   16438752 bytes,   16438752 total
- age   2:      14096 bytes,   16452848 total
- age   4:    5500728 bytes,   21953576 total
- age   5:       2168 bytes,   21955744 total
, 0.0078470 secs]
   [Parallel Time: 4.5 ms, GC Workers: 13]
      [GC Worker Start (ms): Min: 704819.2, Avg: 704819.4, Max: 704819.4, Diff: 0.2]
      [Ext Root Scanning (ms): Min: 0.5, Avg: 0.8, Max: 1.0, Diff: 0.5, Sum: 10.1]
      [Update RS (ms): Min: 1.0, Avg: 1.1, Max: 1.2, Diff: 0.3, Sum: 14.3]
         [Processed Buffers: Min: 5, Avg: 7.8, Max: 10, Diff: 5, Sum: 101]
      [Scan RS (ms): Min: 0.0, Avg: 0.0, Max: 0.0, Diff: 0.0, Sum: 0.2]
      [Code Root Scanning (ms): Min: 0.0, Avg: 0.0, Max: 0.0, Diff: 0.0, Sum: 0.1]
      [Object Copy (ms): Min: 2.2, Avg: 2.3, Max: 2.3, Diff: 0.2, Sum: 29.9]
      [Termination (ms): Min: 0.0, Avg: 0.0, Max: 0.0, Diff: 0.0, Sum: 0.0]
         [Termination Attempts: Min: 1, Avg: 1.0, Max: 1, Diff: 0, Sum: 13]
      [GC Worker Other (ms): Min: 0.0, Avg: 0.0, Max: 0.1, Diff: 0.0, Sum: 0.4]
      [GC Worker Total (ms): Min: 4.1, Avg: 4.2, Max: 4.3, Diff: 0.2, Sum: 54.9]
      [GC Worker End (ms): Min: 704823.6, Avg: 704823.6, Max: 704823.6, Diff: 0.0]
   [Code Root Fixup: 0.0 ms]
   [Code Root Purge: 0.0 ms]
   [Clear CT: 0.1 ms]
   [Other: 3.2 ms]
      [Choose CSet: 0.0 ms]
      [Ref Proc: 2.8 ms]
      [Ref Enq: 0.1 ms]
      [Redirty Cards: 0.1 ms]
      [Humongous Register: 0.0 ms]
      [Humongous Reclaim: 0.0 ms]
      [Free CSet: 0.1 ms]
   [Eden: 178.0M(207.0M)->0.0B(209.0M) Survivors: 27.0M->16.0M Heap: 408.0M(512.0M)->218.1M(512.0M)]
Heap after GC invocations=63 (full 0):
 garbage-first heap   total 524288K, used 223356K [0x00000007a0000000, 0x00000007a0101000, 0x00000007c0000000)
  region size 1024K, 16 young (16384K), 16 survivors (16384K)
 Metaspace       used 54881K, capacity 56898K, committed 57628K, reserved 1099776K
  class space    used 6631K, capacity 7040K, committed 7244K, reserved 1048576K
}
 [Times: user=0.06 sys=0.00, real=0.00 secs] 
2022-04-24T19:49:59.678+0500: 704.827: [GC concurrent-root-region-scan-start]
2022-04-24T19:49:59.678+0500: 704.827: Total time for which application threads were stopped: 0.0080682 seconds, Stopping threads took: 0.0000193 seconds
2022-04-24T19:49:59.679+0500: 704.828: [GC concurrent-root-region-scan-end, 0.0009359 secs]
2022-04-24T19:49:59.679+0500: 704.828: [GC concurrent-mark-start]
2022-04-24T19:49:59.702+0500: 704.851: [GC concurrent-mark-end, 0.0234450 secs]
2022-04-24T19:49:59.702+0500: 704.852: [GC remark 2022-04-24T19:49:59.702+0500: 704.852: [Finalize Marking, 0.0003141 secs] 2022-04-24T19:49:59.702+0500: 704.852: [GC ref-proc, 0.0026438 secs] 2022-04-24T19:49:59.705+0500: 704.855: [Unloading, 0.0043191 secs], 0.0078004 secs]
 [Times: user=0.07 sys=0.00, real=0.01 secs] 
2022-04-24T19:49:59.710+0500: 704.859: Total time for which application threads were stopped: 0.0079706 seconds, Stopping threads took: 0.0000479 seconds
2022-04-24T19:49:59.710+0500: 704.860: [GC cleanup 229M->160M(512M), 0.0008126 secs]
 [Times: user=0.00 sys=0.00, real=0.00 secs] 
2022-04-24T19:49:59.711+0500: 704.860: Total time for which application threads were stopped: 0.0009541 seconds, Stopping threads took: 0.0000394 seconds
2022-04-24T19:49:59.711+0500: 704.860: [GC concurrent-cleanup-start]
2022-04-24T19:49:59.711+0500: 704.861: [GC concurrent-cleanup-end, 0.0000395 secs]
2022-04-24T19:49:59.731+0500: 704.880: Total time for which application threads were stopped: 0.0001273 seconds, Stopping threads took: 0.0000432 seconds
2022-04-24T19:49:59.740+0500: 704.889: Total time for which application threads were stopped: 0.0001372 seconds, Stopping threads took: 0.0000491 seconds
2022-04-24T19:49:59.752+0500: 704.902: Total time for which application threads were stopped: 0.0001002 seconds, Stopping threads took: 0.0000217 seconds
2022-04-24T19:49:59.752+0500: 704.902: Total time for which application threads were stopped: 0.0001012 seconds, Stopping threads took: 0.0000350 seconds
2022-04-24T19:49:59.753+0500: 704.902: Total time for which application threads were stopped: 0.0000903 seconds, Stopping threads took: 0.0000488 seconds
2022-04-24T19:49:59.753+0500: 704.903: Total time for which application threads were stopped: 0.0001009 seconds, Stopping threads took: 0.0000438 seconds
2022-04-24T19:49:59.753+0500: 704.903: Total time for which application threads were stopped: 0.0000877 seconds, Stopping threads took: 0.0000359 seconds
2022-04-24T19:49:59.754+0500: 704.903: Total time for which application threads were stopped: 0.0000818 seconds, Stopping threads took: 0.0000333 seconds
{Heap before GC invocations=64 (full 0):
 garbage-first heap   total 524288K, used 368628K [0x00000007a0000000, 0x00000007a0101000, 0x00000007c0000000)
  region size 1024K, 225 young (230400K), 16 survivors (16384K)
 Metaspace       used 54884K, capacity 56898K, committed 57628K, reserved 1099776K
  class space    used 6631K, capacity 7040K, committed 7244K, reserved 1048576K
2022-04-24T19:50:00.030+0500: 705.179: [GC pause (G1 Evacuation Pause) (young)
Desired survivor size 15204352 bytes, new threshold 15 (max 15)
- age   1:   12250888 bytes,   12250888 total
, 0.0069522 secs]
   [Parallel Time: 3.5 ms, GC Workers: 13]
      [GC Worker Start (ms): Min: 705179.4, Avg: 705179.5, Max: 705179.6, Diff: 0.2]
      [Ext Root Scanning (ms): Min: 0.1, Avg: 0.3, Max: 0.9, Diff: 0.8, Sum: 3.6]
      [Update RS (ms): Min: 0.7, Avg: 1.1, Max: 1.3, Diff: 0.6, Sum: 14.7]
         [Processed Buffers: Min: 3, Avg: 4.8, Max: 7, Diff: 4, Sum: 63]
      [Scan RS (ms): Min: 0.0, Avg: 0.0, Max: 0.0, Diff: 0.0, Sum: 0.2]
      [Code Root Scanning (ms): Min: 0.0, Avg: 0.0, Max: 0.0, Diff: 0.0, Sum: 0.0]
      [Object Copy (ms): Min: 1.6, Avg: 1.7, Max: 1.8, Diff: 0.2, Sum: 22.5]
      [Termination (ms): Min: 0.0, Avg: 0.0, Max: 0.0, Diff: 0.0, Sum: 0.4]
         [Termination Attempts: Min: 1, Avg: 1.0, Max: 1, Diff: 0, Sum: 13]
      [GC Worker Other (ms): Min: 0.0, Avg: 0.0, Max: 0.0, Diff: 0.0, Sum: 0.2]
      [GC Worker Total (ms): Min: 3.1, Avg: 3.2, Max: 3.3, Diff: 0.2, Sum: 41.7]
      [GC Worker End (ms): Min: 705182.7, Avg: 705182.7, Max: 705182.7, Diff: 0.0]
   [Code Root Fixup: 0.0 ms]
   [Code Root Purge: 0.0 ms]
   [Clear CT: 0.1 ms]
   [Other: 3.3 ms]
      [Choose CSet: 0.0 ms]
      [Ref Proc: 2.9 ms]
      [Ref Enq: 0.1 ms]
      [Redirty Cards: 0.1 ms]
      [Humongous Register: 0.0 ms]
      [Humongous Reclaim: 0.0 ms]
      [Free CSet: 0.1 ms]
   [Eden: 209.0M(209.0M)->0.0B(1024.0K) Survivors: 16.0M->25.0M Heap: 360.0M(512.0M)->158.9M(512.0M)]
Heap after GC invocations=65 (full 0):
 garbage-first heap   total 524288K, used 162726K [0x00000007a0000000, 0x00000007a0101000, 0x00000007c0000000)
  region size 1024K, 25 young (25600K), 25 survivors (25600K)
 Metaspace       used 54884K, capacity 56898K, committed 57628K, reserved 1099776K
  class space    used 6631K, capacity 7040K, committed 7244K, reserved 1048576K
}
 [Times: user=0.05 sys=0.01, real=0.00 secs] 
2022-04-24T19:50:00.037+0500: 705.186: Total time for which application threads were stopped: 0.0072453 seconds, Stopping threads took: 0.0000722 seconds
{Heap before GC invocations=65 (full 0):
 garbage-first heap   total 524288K, used 163750K [0x00000007a0000000, 0x00000007a0101000, 0x00000007c0000000)
  region size 1024K, 26 young (26624K), 25 survivors (25600K)
 Metaspace       used 54884K, capacity 56898K, committed 57628K, reserved 1099776K
  class space    used 6631K, capacity 7040K, committed 7244K, reserved 1048576K
2022-04-24T19:50:00.039+0500: 705.188: [GC pause (G1 Evacuation Pause) (mixed)
Desired survivor size 2097152 bytes, new threshold 1 (max 15)
- age   1:   12821408 bytes,   12821408 total
- age   2:    6664680 bytes,   19486088 total
, 0.0066141 secs]
   [Parallel Time: 3.7 ms, GC Workers: 13]
      [GC Worker Start (ms): Min: 705188.5, Avg: 705188.6, Max: 705188.6, Diff: 0.1]
      [Ext Root Scanning (ms): Min: 0.2, Avg: 0.3, Max: 1.0, Diff: 0.9, Sum: 3.9]
      [Update RS (ms): Min: 0.0, Avg: 0.1, Max: 0.3, Diff: 0.3, Sum: 1.9]
         [Processed Buffers: Min: 0, Avg: 1.7, Max: 4, Diff: 4, Sum: 22]
      [Scan RS (ms): Min: 0.0, Avg: 0.4, Max: 0.5, Diff: 0.5, Sum: 5.2]
      [Code Root Scanning (ms): Min: 0.0, Avg: 0.0, Max: 0.0, Diff: 0.0, Sum: 0.1]
      [Object Copy (ms): Min: 2.5, Avg: 2.7, Max: 2.7, Diff: 0.2, Sum: 35.1]
      [Termination (ms): Min: 0.0, Avg: 0.0, Max: 0.0, Diff: 0.0, Sum: 0.0]
         [Termination Attempts: Min: 1, Avg: 1.0, Max: 1, Diff: 0, Sum: 13]
      [GC Worker Other (ms): Min: 0.0, Avg: 0.0, Max: 0.0, Diff: 0.0, Sum: 0.2]
      [GC Worker Total (ms): Min: 3.5, Avg: 3.6, Max: 3.6, Diff: 0.1, Sum: 46.3]
      [GC Worker End (ms): Min: 705192.1, Avg: 705192.1, Max: 705192.1, Diff: 0.0]
   [Code Root Fixup: 0.0 ms]
   [Code Root Purge: 0.0 ms]
   [Clear CT: 0.2 ms]
   [Other: 2.7 ms]
      [Choose CSet: 0.1 ms]
      [Ref Proc: 2.1 ms]
      [Ref Enq: 0.1 ms]
      [Redirty Cards: 0.1 ms]
      [Humongous Register: 0.0 ms]
      [Humongous Reclaim: 0.0 ms]
      [Free CSet: 0.2 ms]
   [Eden: 1024.0K(1024.0K)->0.0B(21.0M) Survivors: 25.0M->4096.0K Heap: 159.9M(512.0M)->108.6M(512.0M)]
Heap after GC invocations=66 (full 0):
 garbage-first heap   total 524288K, used 111217K [0x00000007a0000000, 0x00000007a0101000, 0x00000007c0000000)
  region size 1024K, 4 young (4096K), 4 survivors (4096K)
 Metaspace       used 54884K, capacity 56898K, committed 57628K, reserved 1099776K
  class space    used 6631K, capacity 7040K, committed 7244K, reserved 1048576K
}
 [Times: user=0.05 sys=0.00, real=0.01 secs] 
2022-04-24T19:50:00.046+0500: 705.195: Total time for which application threads were stopped: 0.0068814 seconds, Stopping threads took: 0.0000572 seconds
{Heap before GC invocations=66 (full 0):
 garbage-first heap   total 524288K, used 132721K [0x00000007a0000000, 0x00000007a0101000, 0x00000007c0000000)
  region size 1024K, 25 young (25600K), 4 survivors (4096K)
 Metaspace       used 54884K, capacity 56898K, committed 57628K, reserved 1099776K
  class space    used 6631K, capacity 7040K, committed 7244K, reserved 1048576K
2022-04-24T19:50:00.077+0500: 705.226: [GC pause (G1 Evacuation Pause) (mixed)
Desired survivor size 2097152 bytes, new threshold 15 (max 15)
- age   1:      36400 bytes,      36400 total
, 0.0052955 secs]
   [Parallel Time: 2.1 ms, GC Workers: 13]
      [GC Worker Start (ms): Min: 705226.3, Avg: 705226.4, Max: 705226.6, Diff: 0.3]
      [Ext Root Scanning (ms): Min: 0.1, Avg: 0.3, Max: 0.9, Diff: 0.7, Sum: 3.3]
      [Update RS (ms): Min: 0.6, Avg: 1.0, Max: 1.2, Diff: 0.6, Sum: 13.2]
         [Processed Buffers: Min: 2, Avg: 3.9, Max: 6, Diff: 4, Sum: 51]
      [Scan RS (ms): Min: 0.1, Avg: 0.2, Max: 0.3, Diff: 0.2, Sum: 2.7]
      [Code Root Scanning (ms): Min: 0.0, Avg: 0.0, Max: 0.0, Diff: 0.0, Sum: 0.0]
      [Object Copy (ms): Min: 0.3, Avg: 0.3, Max: 0.4, Diff: 0.1, Sum: 4.5]
      [Termination (ms): Min: 0.0, Avg: 0.0, Max: 0.0, Diff: 0.0, Sum: 0.0]
         [Termination Attempts: Min: 1, Avg: 1.0, Max: 1, Diff: 0, Sum: 13]
      [GC Worker Other (ms): Min: 0.0, Avg: 0.0, Max: 0.0, Diff: 0.0, Sum: 0.2]
      [GC Worker Total (ms): Min: 1.7, Avg: 1.8, Max: 2.0, Diff: 0.3, Sum: 24.0]
      [GC Worker End (ms): Min: 705228.3, Avg: 705228.3, Max: 705228.3, Diff: 0.0]
   [Code Root Fixup: 0.0 ms]
   [Code Root Purge: 0.0 ms]
   [Clear CT: 0.2 ms]
   [Other: 3.0 ms]
      [Choose CSet: 0.0 ms]
      [Ref Proc: 2.6 ms]
      [Ref Enq: 0.1 ms]
      [Redirty Cards: 0.1 ms]
      [Humongous Register: 0.0 ms]
      [Humongous Reclaim: 0.0 ms]
      [Free CSet: 0.0 ms]
   [Eden: 21.0M(21.0M)->0.0B(303.0M) Survivors: 4096.0K->4096.0K Heap: 129.6M(512.0M)->108.5M(512.0M)]
Heap after GC invocations=67 (full 0):
 garbage-first heap   total 524288K, used 111106K [0x00000007a0000000, 0x00000007a0101000, 0x00000007c0000000)
  region size 1024K, 4 young (4096K), 4 survivors (4096K)
 Metaspace       used 54884K, capacity 56898K, committed 57628K, reserved 1099776K
  class space    used 6631K, capacity 7040K, committed 7244K, reserved 1048576K
}
 [Times: user=0.03 sys=0.01, real=0.01 secs] 
2022-04-24T19:50:00.082+0500: 705.232: Total time for which application threads were stopped: 0.0055615 seconds, Stopping threads took: 0.0000550 seconds
2022-04-24T19:50:00.128+0500: 705.277: Total time for which application threads were stopped: 0.0001492 seconds, Stopping threads took: 0.0000463 seconds
2022-04-24T19:50:00.129+0500: 705.279: Total time for which application threads were stopped: 0.0001106 seconds, Stopping threads took: 0.0000465 seconds
2022-04-24T19:50:00.135+0500: 705.285: Total time for which application threads were stopped: 0.0002073 seconds, Stopping threads took: 0.0000626 seconds
2022-04-24T19:50:00.135+0500: 705.285: Total time for which application threads were stopped: 0.0001330 seconds, Stopping threads took: 0.0000430 seconds
2022-04-24T19:50:00.135+0500: 705.285: Total time for which application threads were stopped: 0.0000656 seconds, Stopping threads took: 0.0000102 seconds
2022-04-24T19:50:00.136+0500: 705.285: Total time for which application threads were stopped: 0.0001198 seconds, Stopping threads took: 0.0000445 seconds
2022-04-24T19:50:00.136+0500: 705.285: Total time for which application threads were stopped: 0.0001028 seconds, Stopping threads took: 0.0000364 seconds
2022-04-24T19:50:00.137+0500: 705.286: Total time for which application threads were stopped: 0.0001463 seconds, Stopping threads took: 0.0000680 seconds
2022-04-24T19:50:00.228+0500: 705.378: Total time for which application threads were stopped: 0.0001187 seconds, Stopping threads took: 0.0000477 seconds
2022-04-24T19:50:00.230+0500: 705.380: Total time for which application threads were stopped: 0.0001032 seconds, Stopping threads took: 0.0000332 seconds
2022-04-24T19:50:00.230+0500: 705.380: Total time for which application threads were stopped: 0.0000827 seconds, Stopping threads took: 0.0000256 seconds
2022-04-24T19:50:00.231+0500: 705.380: Total time for which application threads were stopped: 0.0000738 seconds, Stopping threads took: 0.0000206 seconds
2022-04-24T19:50:00.231+0500: 705.380: Total time for which application threads were stopped: 0.0000777 seconds, Stopping threads took: 0.0000221 seconds
2022-04-24T19:50:00.231+0500: 705.380: Total time for which application threads were stopped: 0.0000561 seconds, Stopping threads took: 0.0000196 seconds
2022-04-24T19:50:00.231+0500: 705.380: Total time for which application threads were stopped: 0.0000578 seconds, Stopping threads took: 0.0000192 seconds
{Heap before GC invocations=67 (full 0):
 garbage-first heap   total 524288K, used 426222K [0x00000007a0000000, 0x00000007a0101000, 0x00000007c0000000)
  region size 1024K, 307 young (314368K), 4 survivors (4096K)
 Metaspace       used 54894K, capacity 56898K, committed 57628K, reserved 1099776K
  class space    used 6631K, capacity 7040K, committed 7244K, reserved 1048576K
2022-04-24T19:50:00.955+0500: 706.104: [GC pause (G1 Evacuation Pause) (young)
Desired survivor size 20447232 bytes, new threshold 15 (max 15)
- age   1:    2565912 bytes,    2565912 total
- age   2:        888 bytes,    2566800 total
, 0.0057696 secs]
   [Parallel Time: 3.0 ms, GC Workers: 13]
      [GC Worker Start (ms): Min: 706104.2, Avg: 706104.3, Max: 706104.4, Diff: 0.2]
      [Ext Root Scanning (ms): Min: 0.1, Avg: 0.3, Max: 0.8, Diff: 0.7, Sum: 3.3]
      [Update RS (ms): Min: 0.2, Avg: 0.7, Max: 0.9, Diff: 0.7, Sum: 9.1]
         [Processed Buffers: Min: 3, Avg: 5.2, Max: 8, Diff: 5, Sum: 67]
      [Scan RS (ms): Min: 0.0, Avg: 0.0, Max: 0.0, Diff: 0.0, Sum: 0.4]
      [Code Root Scanning (ms): Min: 0.0, Avg: 0.0, Max: 0.0, Diff: 0.0, Sum: 0.1]
      [Object Copy (ms): Min: 1.6, Avg: 1.8, Max: 1.8, Diff: 0.2, Sum: 22.9]
      [Termination (ms): Min: 0.0, Avg: 0.0, Max: 0.0, Diff: 0.0, Sum: 0.0]
         [Termination Attempts: Min: 1, Avg: 1.1, Max: 2, Diff: 1, Sum: 14]
      [GC Worker Other (ms): Min: 0.0, Avg: 0.0, Max: 0.1, Diff: 0.1, Sum: 0.6]
      [GC Worker Total (ms): Min: 2.7, Avg: 2.8, Max: 2.9, Diff: 0.2, Sum: 36.4]
      [GC Worker End (ms): Min: 706107.1, Avg: 706107.1, Max: 706107.2, Diff: 0.1]
   [Code Root Fixup: 0.0 ms]
   [Code Root Purge: 0.0 ms]
   [Clear CT: 0.1 ms]
   [Other: 2.7 ms]
      [Choose CSet: 0.0 ms]
      [Ref Proc: 2.2 ms]
      [Ref Enq: 0.1 ms]
      [Redirty Cards: 0.1 ms]
      [Humongous Register: 0.0 ms]
      [Humongous Reclaim: 0.0 ms]
      [Free CSet: 0.1 ms]
   [Eden: 303.0M(303.0M)->0.0B(285.0M) Survivors: 4096.0K->22.0M Heap: 416.2M(512.0M)->127.9M(512.0M)]
Heap after GC invocations=68 (full 0):
 garbage-first heap   total 524288K, used 130952K [0x00000007a0000000, 0x00000007a0101000, 0x00000007c0000000)
  region size 1024K, 22 young (22528K), 22 survivors (22528K)
 Metaspace       used 54894K, capacity 56898K, committed 57628K, reserved 1099776K
  class space    used 6631K, capacity 7040K, committed 7244K, reserved 1048576K
}
 [Times: user=0.05 sys=0.00, real=0.01 secs] 
2022-04-24T19:50:00.961+0500: 706.110: Total time for which application threads were stopped: 0.0060230 seconds, Stopping threads took: 0.0000480 seconds
{Heap before GC invocations=68 (full 0):
 garbage-first heap   total 524288K, used 443966K [0x00000007a0000000, 0x00000007a0101000, 0x00000007c0000000)
  region size 1024K, 307 young (314368K), 22 survivors (22528K)
 Metaspace       used 54895K, capacity 56898K, committed 57628K, reserved 1099776K
  class space    used 6631K, capacity 7040K, committed 7244K, reserved 1048576K
2022-04-24T19:50:02.174+0500: 707.324: [GC pause (G1 Evacuation Pause) (young)
Desired survivor size 20447232 bytes, new threshold 15 (max 15)
- age   1:   18021728 bytes,   18021728 total
- age   2:    1487784 bytes,   19509512 total
- age   3:        304 bytes,   19509816 total
, 0.0067064 secs]
   [Parallel Time: 3.6 ms, GC Workers: 13]
      [GC Worker Start (ms): Min: 707323.8, Avg: 707324.0, Max: 707324.1, Diff: 0.3]
      [Ext Root Scanning (ms): Min: 0.1, Avg: 0.2, Max: 0.8, Diff: 0.7, Sum: 3.1]
      [Update RS (ms): Min: 0.3, Avg: 0.6, Max: 0.8, Diff: 0.6, Sum: 8.2]
         [Processed Buffers: Min: 3, Avg: 7.2, Max: 10, Diff: 7, Sum: 94]
      [Scan RS (ms): Min: 0.0, Avg: 0.0, Max: 0.0, Diff: 0.0, Sum: 0.4]
      [Code Root Scanning (ms): Min: 0.0, Avg: 0.0, Max: 0.0, Diff: 0.0, Sum: 0.1]
      [Object Copy (ms): Min: 2.3, Avg: 2.4, Max: 2.4, Diff: 0.1, Sum: 31.3]
      [Termination (ms): Min: 0.0, Avg: 0.0, Max: 0.0, Diff: 0.0, Sum: 0.0]
         [Termination Attempts: Min: 1, Avg: 1.0, Max: 1, Diff: 0, Sum: 13]
      [GC Worker Other (ms): Min: 0.0, Avg: 0.0, Max: 0.1, Diff: 0.0, Sum: 0.4]
      [GC Worker Total (ms): Min: 3.2, Avg: 3.3, Max: 3.5, Diff: 0.2, Sum: 43.5]
      [GC Worker End (ms): Min: 707327.3, Avg: 707327.3, Max: 707327.3, Diff: 0.0]
   [Code Root Fixup: 0.0 ms]
   [Code Root Purge: 0.0 ms]
   [Clear CT: 0.1 ms]
   [Other: 2.9 ms]
      [Choose CSet: 0.0 ms]
      [Ref Proc: 2.5 ms]
      [Ref Enq: 0.1 ms]
      [Redirty Cards: 0.1 ms]
      [Humongous Register: 0.0 ms]
      [Humongous Reclaim: 0.0 ms]
      [Free CSet: 0.1 ms]
   [Eden: 285.0M(285.0M)->0.0B(275.0M) Survivors: 22.0M->31.0M Heap: 433.6M(512.0M)->142.5M(512.0M)]
Heap after GC invocations=69 (full 0):
 garbage-first heap   total 524288K, used 145933K [0x00000007a0000000, 0x00000007a0101000, 0x00000007c0000000)
  region size 1024K, 31 young (31744K), 31 survivors (31744K)
 Metaspace       used 54895K, capacity 56898K, committed 57628K, reserved 1099776K
  class space    used 6631K, capacity 7040K, committed 7244K, reserved 1048576K
}
 [Times: user=0.06 sys=0.00, real=0.01 secs] 
2022-04-24T19:50:02.181+0500: 707.331: Total time for which application threads were stopped: 0.0069194 seconds, Stopping threads took: 0.0000196 seconds
2022-04-24T19:50:03.184+0500: 708.334: Total time for which application threads were stopped: 0.0003111 seconds, Stopping threads took: 0.0001634 seconds
{Heap before GC invocations=69 (full 0):
 garbage-first heap   total 524288K, used 472722K [0x00000007a0000000, 0x00000007a0101000, 0x00000007c0000000)
  region size 1024K, 306 young (313344K), 31 survivors (31744K)
 Metaspace       used 54902K, capacity 56898K, committed 57628K, reserved 1099776K
  class space    used 6631K, capacity 7040K, committed 7244K, reserved 1048576K
2022-04-24T19:50:03.422+0500: 708.572: [GC pause (G1 Evacuation Pause) (young)
Desired survivor size 20447232 bytes, new threshold 2 (max 15)
- age   1:   17194552 bytes,   17194552 total
- age   2:    7353072 bytes,   24547624 total
- age   3:    1487784 bytes,   26035408 total
- age   4:        304 bytes,   26035712 total
 (to-space exhausted), 0.0414169 secs]
   [Parallel Time: 29.0 ms, GC Workers: 13]
      [GC Worker Start (ms): Min: 708571.6, Avg: 708571.7, Max: 708571.8, Diff: 0.1]
      [Ext Root Scanning (ms): Min: 0.2, Avg: 0.3, Max: 0.8, Diff: 0.6, Sum: 3.4]
      [Update RS (ms): Min: 0.3, Avg: 0.8, Max: 0.9, Diff: 0.6, Sum: 10.0]
         [Processed Buffers: Min: 4, Avg: 9.6, Max: 12, Diff: 8, Sum: 125]
      [Scan RS (ms): Min: 0.2, Avg: 0.3, Max: 0.3, Diff: 0.1, Sum: 3.6]
      [Code Root Scanning (ms): Min: 0.0, Avg: 0.0, Max: 0.0, Diff: 0.0, Sum: 0.1]
      [Object Copy (ms): Min: 27.3, Avg: 27.4, Max: 27.4, Diff: 0.1, Sum: 355.7]
      [Termination (ms): Min: 0.0, Avg: 0.1, Max: 0.2, Diff: 0.2, Sum: 1.2]
         [Termination Attempts: Min: 1, Avg: 1.1, Max: 2, Diff: 1, Sum: 14]
      [GC Worker Other (ms): Min: 0.0, Avg: 0.0, Max: 0.0, Diff: 0.0, Sum: 0.1]
      [GC Worker Total (ms): Min: 28.7, Avg: 28.8, Max: 28.9, Diff: 0.2, Sum: 374.0]
      [GC Worker End (ms): Min: 708600.5, Avg: 708600.5, Max: 708600.5, Diff: 0.1]
   [Code Root Fixup: 0.0 ms]
   [Code Root Purge: 0.0 ms]
   [Clear CT: 0.1 ms]
   [Other: 12.3 ms]
      [Evacuation Failure: 9.7 ms]
      [Choose CSet: 0.0 ms]
      [Ref Proc: 1.8 ms]
      [Ref Enq: 0.3 ms]
      [Redirty Cards: 0.3 ms]
      [Humongous Register: 0.0 ms]
      [Humongous Reclaim: 0.0 ms]
      [Free CSet: 0.1 ms]
   [Eden: 275.0M(275.0M)->0.0B(38.0M) Survivors: 31.0M->12.0M Heap: 461.6M(512.0M)->394.5M(512.0M)]
Heap after GC invocations=70 (full 0):
 garbage-first heap   total 524288K, used 404003K [0x00000007a0000000, 0x00000007a0101000, 0x00000007c0000000)
  region size 1024K, 12 young (12288K), 12 survivors (12288K)
 Metaspace       used 54902K, capacity 56898K, committed 57628K, reserved 1099776K
  class space    used 6631K, capacity 7040K, committed 7244K, reserved 1048576K
}
 [Times: user=0.18 sys=0.02, real=0.04 secs] 
2022-04-24T19:50:03.464+0500: 708.613: Total time for which application threads were stopped: 0.0416517 seconds, Stopping threads took: 0.0000464 seconds
{Heap before GC invocations=70 (full 0):
 garbage-first heap   total 524288K, used 433699K [0x00000007a0000000, 0x00000007a0101000, 0x00000007c0000000)
  region size 1024K, 42 young (43008K), 12 survivors (12288K)
 Metaspace       used 54902K, capacity 56898K, committed 57628K, reserved 1099776K
  class space    used 6631K, capacity 7040K, committed 7244K, reserved 1048576K
2022-04-24T19:50:03.585+0500: 708.735: [GC pause (G1 Humongous Allocation) (young) (initial-mark)
Desired survivor size 3670016 bytes, new threshold 1 (max 15)
- age   1:    7199688 bytes,    7199688 total
- age   2:    4607480 bytes,   11807168 total
, 0.0062576 secs]
   [Parallel Time: 3.5 ms, GC Workers: 13]
      [GC Worker Start (ms): Min: 708734.8, Avg: 708734.9, Max: 708735.0, Diff: 0.2]
      [Ext Root Scanning (ms): Min: 0.6, Avg: 0.7, Max: 0.8, Diff: 0.2, Sum: 9.1]
      [Update RS (ms): Min: 1.1, Avg: 1.2, Max: 1.3, Diff: 0.2, Sum: 15.7]
         [Processed Buffers: Min: 4, Avg: 5.6, Max: 9, Diff: 5, Sum: 73]
      [Scan RS (ms): Min: 0.0, Avg: 0.0, Max: 0.0, Diff: 0.0, Sum: 0.0]
      [Code Root Scanning (ms): Min: 0.0, Avg: 0.0, Max: 0.0, Diff: 0.0, Sum: 0.0]
      [Object Copy (ms): Min: 1.2, Avg: 1.3, Max: 1.4, Diff: 0.1, Sum: 16.9]
      [Termination (ms): Min: 0.0, Avg: 0.0, Max: 0.0, Diff: 0.0, Sum: 0.5]
         [Termination Attempts: Min: 1, Avg: 1.0, Max: 1, Diff: 0, Sum: 13]
      [GC Worker Other (ms): Min: 0.0, Avg: 0.0, Max: 0.0, Diff: 0.0, Sum: 0.1]
      [GC Worker Total (ms): Min: 3.2, Avg: 3.3, Max: 3.4, Diff: 0.2, Sum: 42.5]
      [GC Worker End (ms): Min: 708738.1, Avg: 708738.1, Max: 708738.1, Diff: 0.0]
   [Code Root Fixup: 0.0 ms]
   [Code Root Purge: 0.0 ms]
   [Clear CT: 0.1 ms]
   [Other: 2.7 ms]
      [Choose CSet: 0.0 ms]
      [Ref Proc: 2.3 ms]
      [Ref Enq: 0.1 ms]
      [Redirty Cards: 0.1 ms]
      [Humongous Register: 0.0 ms]
      [Humongous Reclaim: 0.0 ms]
      [Free CSet: 0.0 ms]
   [Eden: 30.0M(38.0M)->0.0B(37.0M) Survivors: 12.0M->7168.0K Heap: 423.9M(512.0M)->399.6M(512.0M)]
Heap after GC invocations=71 (full 0):
 garbage-first heap   total 524288K, used 409213K [0x00000007a0000000, 0x00000007a0101000, 0x00000007c0000000)
  region size 1024K, 7 young (7168K), 7 survivors (7168K)
 Metaspace       used 54902K, capacity 56898K, committed 57628K, reserved 1099776K
  class space    used 6631K, capacity 7040K, committed 7244K, reserved 1048576K
}
 [Times: user=0.04 sys=0.01, real=0.01 secs] 
2022-04-24T19:50:03.592+0500: 708.741: [GC concurrent-root-region-scan-start]
2022-04-24T19:50:03.592+0500: 708.741: Total time for which application threads were stopped: 0.0064698 seconds, Stopping threads took: 0.0000200 seconds
2022-04-24T19:50:03.592+0500: 708.742: [GC concurrent-root-region-scan-end, 0.0005872 secs]
2022-04-24T19:50:03.592+0500: 708.742: [GC concurrent-mark-start]
2022-04-24T19:50:03.613+0500: 708.762: [GC concurrent-mark-end, 0.0208053 secs]
2022-04-24T19:50:03.613+0500: 708.763: [GC remark 2022-04-24T19:50:03.613+0500: 708.763: [Finalize Marking, 0.0003440 secs] 2022-04-24T19:50:03.614+0500: 708.763: [GC ref-proc, 0.0032883 secs] 2022-04-24T19:50:03.617+0500: 708.766: [Unloading, 0.0045096 secs], 0.0086121 secs]
 [Times: user=0.07 sys=0.00, real=0.01 secs] 
2022-04-24T19:50:03.622+0500: 708.771: Total time for which application threads were stopped: 0.0087872 seconds, Stopping threads took: 0.0000470 seconds
2022-04-24T19:50:03.622+0500: 708.771: [GC cleanup 403M->375M(512M), 0.0008791 secs]
 [Times: user=0.00 sys=0.00, real=0.00 secs] 
2022-04-24T19:50:03.623+0500: 708.772: Total time for which application threads were stopped: 0.0010304 seconds, Stopping threads took: 0.0000428 seconds
2022-04-24T19:50:03.623+0500: 708.772: [GC concurrent-cleanup-start]
2022-04-24T19:50:03.623+0500: 708.772: [GC concurrent-cleanup-end, 0.0000539 secs]
{Heap before GC invocations=72 (full 0):
 garbage-first heap   total 524288K, used 431612K [0x00000007a0000000, 0x00000007a0101000, 0x00000007c0000000)
  region size 1024K, 44 young (45056K), 7 survivors (7168K)
 Metaspace       used 54902K, capacity 56898K, committed 57628K, reserved 1099776K
  class space    used 6631K, capacity 7040K, committed 7244K, reserved 1048576K
2022-04-24T19:50:03.822+0500: 708.971: [GC pause (G1 Evacuation Pause) (young)
Desired survivor size 3145728 bytes, new threshold 1 (max 15)
- age   1:    4746008 bytes,    4746008 total
, 0.0071199 secs]
   [Parallel Time: 2.5 ms, GC Workers: 13]
      [GC Worker Start (ms): Min: 708971.5, Avg: 708971.6, Max: 708971.7, Diff: 0.2]
      [Ext Root Scanning (ms): Min: 0.1, Avg: 0.3, Max: 1.0, Diff: 0.8, Sum: 3.6]
      [Update RS (ms): Min: 0.6, Avg: 1.2, Max: 1.5, Diff: 0.9, Sum: 16.2]
         [Processed Buffers: Min: 3, Avg: 5.7, Max: 8, Diff: 5, Sum: 74]
      [Scan RS (ms): Min: 0.0, Avg: 0.0, Max: 0.0, Diff: 0.0, Sum: 0.0]
      [Code Root Scanning (ms): Min: 0.0, Avg: 0.0, Max: 0.0, Diff: 0.0, Sum: 0.0]
      [Object Copy (ms): Min: 0.5, Avg: 0.7, Max: 0.8, Diff: 0.3, Sum: 9.7]
      [Termination (ms): Min: 0.0, Avg: 0.0, Max: 0.0, Diff: 0.0, Sum: 0.0]
         [Termination Attempts: Min: 1, Avg: 1.5, Max: 2, Diff: 1, Sum: 20]
      [GC Worker Other (ms): Min: 0.0, Avg: 0.0, Max: 0.0, Diff: 0.0, Sum: 0.2]
      [GC Worker Total (ms): Min: 2.2, Avg: 2.3, Max: 2.4, Diff: 0.2, Sum: 29.8]
      [GC Worker End (ms): Min: 708973.9, Avg: 708973.9, Max: 708973.9, Diff: 0.0]
   [Code Root Fixup: 0.0 ms]
   [Code Root Purge: 0.0 ms]
   [Clear CT: 0.2 ms]
   [Other: 4.5 ms]
      [Choose CSet: 0.0 ms]
      [Ref Proc: 4.1 ms]
      [Ref Enq: 0.1 ms]
      [Redirty Cards: 0.1 ms]
      [Humongous Register: 0.0 ms]
      [Humongous Reclaim: 0.0 ms]
      [Free CSet: 0.0 ms]
   [Eden: 37.0M(37.0M)->0.0B(19.0M) Survivors: 7168.0K->6144.0K Heap: 421.5M(512.0M)->387.4M(512.0M)]
Heap after GC invocations=73 (full 0):
 garbage-first heap   total 524288K, used 396701K [0x00000007a0000000, 0x00000007a0101000, 0x00000007c0000000)
  region size 1024K, 6 young (6144K), 6 survivors (6144K)
 Metaspace       used 54902K, capacity 56898K, committed 57628K, reserved 1099776K
  class space    used 6631K, capacity 7040K, committed 7244K, reserved 1048576K
}
 [Times: user=0.04 sys=0.00, real=0.00 secs] 
2022-04-24T19:50:03.829+0500: 708.979: Total time for which application threads were stopped: 0.0073457 seconds, Stopping threads took: 0.0000437 seconds
{Heap before GC invocations=73 (full 0):
 garbage-first heap   total 524288K, used 416157K [0x00000007a0000000, 0x00000007a0101000, 0x00000007c0000000)
  region size 1024K, 25 young (25600K), 6 survivors (6144K)
 Metaspace       used 54902K, capacity 56898K, committed 57628K, reserved 1099776K
  class space    used 6631K, capacity 7040K, committed 7244K, reserved 1048576K
2022-04-24T19:50:03.907+0500: 709.056: [GC pause (G1 Evacuation Pause) (mixed)
Desired survivor size 2097152 bytes, new threshold 1 (max 15)
- age   1:    4196448 bytes,    4196448 total
, 0.0047373 secs]
   [Parallel Time: 1.8 ms, GC Workers: 13]
      [GC Worker Start (ms): Min: 709056.1, Avg: 709056.3, Max: 709056.4, Diff: 0.3]
      [Ext Root Scanning (ms): Min: 0.1, Avg: 0.2, Max: 0.8, Diff: 0.7, Sum: 3.1]
      [Update RS (ms): Min: 0.0, Avg: 0.5, Max: 0.6, Diff: 0.6, Sum: 6.3]
         [Processed Buffers: Min: 1, Avg: 2.0, Max: 5, Diff: 4, Sum: 26]
      [Scan RS (ms): Min: 0.0, Avg: 0.1, Max: 0.1, Diff: 0.1, Sum: 0.8]
      [Code Root Scanning (ms): Min: 0.0, Avg: 0.0, Max: 0.0, Diff: 0.0, Sum: 0.0]
      [Object Copy (ms): Min: 0.6, Avg: 0.7, Max: 0.8, Diff: 0.2, Sum: 9.6]
      [Termination (ms): Min: 0.0, Avg: 0.0, Max: 0.0, Diff: 0.0, Sum: 0.0]
         [Termination Attempts: Min: 1, Avg: 2.4, Max: 4, Diff: 3, Sum: 31]
      [GC Worker Other (ms): Min: 0.0, Avg: 0.0, Max: 0.0, Diff: 0.0, Sum: 0.1]
      [GC Worker Total (ms): Min: 1.4, Avg: 1.5, Max: 1.7, Diff: 0.3, Sum: 20.0]
      [GC Worker End (ms): Min: 709057.8, Avg: 709057.9, Max: 709057.9, Diff: 0.0]
   [Code Root Fixup: 0.0 ms]
   [Code Root Purge: 0.0 ms]
   [Clear CT: 0.1 ms]
   [Other: 2.8 ms]
      [Choose CSet: 0.0 ms]
      [Ref Proc: 2.4 ms]
      [Ref Enq: 0.1 ms]
      [Redirty Cards: 0.1 ms]
      [Humongous Register: 0.0 ms]
      [Humongous Reclaim: 0.0 ms]
      [Free CSet: 0.1 ms]
   [Eden: 19.0M(19.0M)->0.0B(21.0M) Survivors: 6144.0K->4096.0K Heap: 406.4M(512.0M)->342.1M(512.0M)]
Heap after GC invocations=74 (full 0):
 garbage-first heap   total 524288K, used 350268K [0x00000007a0000000, 0x00000007a0101000, 0x00000007c0000000)
  region size 1024K, 4 young (4096K), 4 survivors (4096K)
 Metaspace       used 54902K, capacity 56898K, committed 57628K, reserved 1099776K
  class space    used 6631K, capacity 7040K, committed 7244K, reserved 1048576K
}
 [Times: user=0.03 sys=0.01, real=0.01 secs] 
2022-04-24T19:50:03.911+0500: 709.061: Total time for which application threads were stopped: 0.0049573 seconds, Stopping threads took: 0.0000404 seconds
{Heap before GC invocations=74 (full 0):
 garbage-first heap   total 524288K, used 375168K [0x00000007a0000000, 0x00000007a0101000, 0x00000007c0000000)
  region size 1024K, 25 young (25600K), 4 survivors (4096K)
 Metaspace       used 54902K, capacity 56898K, committed 57628K, reserved 1099776K
  class space    used 6631K, capacity 7040K, committed 7244K, reserved 1048576K
2022-04-24T19:50:03.984+0500: 709.133: [GC pause (G1 Evacuation Pause) (mixed)
Desired survivor size 2097152 bytes, new threshold 15 (max 15)
- age   1:    1412424 bytes,    1412424 total
, 0.0047316 secs]
   [Parallel Time: 1.8 ms, GC Workers: 13]
      [GC Worker Start (ms): Min: 709133.1, Avg: 709133.2, Max: 709133.5, Diff: 0.4]
      [Ext Root Scanning (ms): Min: 0.0, Avg: 0.3, Max: 0.8, Diff: 0.8, Sum: 3.3]
      [Update RS (ms): Min: 0.3, Avg: 0.8, Max: 1.0, Diff: 0.7, Sum: 9.8]
         [Processed Buffers: Min: 1, Avg: 4.2, Max: 7, Diff: 6, Sum: 54]
      [Scan RS (ms): Min: 0.0, Avg: 0.1, Max: 0.1, Diff: 0.1, Sum: 1.3]
      [Code Root Scanning (ms): Min: 0.0, Avg: 0.0, Max: 0.0, Diff: 0.0, Sum: 0.0]
      [Object Copy (ms): Min: 0.3, Avg: 0.4, Max: 0.5, Diff: 0.2, Sum: 5.7]
      [Termination (ms): Min: 0.0, Avg: 0.0, Max: 0.0, Diff: 0.0, Sum: 0.0]
         [Termination Attempts: Min: 1, Avg: 1.0, Max: 1, Diff: 0, Sum: 13]
      [GC Worker Other (ms): Min: 0.0, Avg: 0.0, Max: 0.0, Diff: 0.0, Sum: 0.1]
      [GC Worker Total (ms): Min: 1.3, Avg: 1.6, Max: 1.7, Diff: 0.4, Sum: 20.3]
      [GC Worker End (ms): Min: 709134.8, Avg: 709134.8, Max: 709134.8, Diff: 0.0]
   [Code Root Fixup: 0.0 ms]
   [Code Root Purge: 0.0 ms]
   [Clear CT: 0.1 ms]
   [Other: 2.8 ms]
      [Choose CSet: 0.0 ms]
      [Ref Proc: 2.4 ms]
      [Ref Enq: 0.1 ms]
      [Redirty Cards: 0.1 ms]
      [Humongous Register: 0.0 ms]
      [Humongous Reclaim: 0.0 ms]
      [Free CSet: 0.1 ms]
   [Eden: 21.0M(21.0M)->0.0B(21.0M) Survivors: 4096.0K->4096.0K Heap: 366.4M(512.0M)->295.7M(512.0M)]
Heap after GC invocations=75 (full 0):
 garbage-first heap   total 524288K, used 302778K [0x00000007a0000000, 0x00000007a0101000, 0x00000007c0000000)
  region size 1024K, 4 young (4096K), 4 survivors (4096K)
 Metaspace       used 54902K, capacity 56898K, committed 57628K, reserved 1099776K
  class space    used 6631K, capacity 7040K, committed 7244K, reserved 1048576K
}
 [Times: user=0.03 sys=0.00, real=0.00 secs] 
2022-04-24T19:50:03.988+0500: 709.138: Total time for which application threads were stopped: 0.0049362 seconds, Stopping threads took: 0.0000196 seconds
{Heap before GC invocations=75 (full 0):
 garbage-first heap   total 524288K, used 324282K [0x00000007a0000000, 0x00000007a0101000, 0x00000007c0000000)
  region size 1024K, 25 young (25600K), 4 survivors (4096K)
 Metaspace       used 54902K, capacity 56898K, committed 57628K, reserved 1099776K
  class space    used 6631K, capacity 7040K, committed 7244K, reserved 1048576K
2022-04-24T19:50:04.074+0500: 709.224: [GC pause (G1 Evacuation Pause) (mixed)
Desired survivor size 2097152 bytes, new threshold 1 (max 15)
- age   1:    2265752 bytes,    2265752 total
- age   2:    1247128 bytes,    3512880 total
, 0.0048716 secs]
   [Parallel Time: 1.7 ms, GC Workers: 13]
      [GC Worker Start (ms): Min: 709223.8, Avg: 709224.0, Max: 709224.1, Diff: 0.2]
      [Ext Root Scanning (ms): Min: 0.1, Avg: 0.2, Max: 0.8, Diff: 0.7, Sum: 3.2]
      [Update RS (ms): Min: 0.0, Avg: 0.4, Max: 0.6, Diff: 0.6, Sum: 5.4]
         [Processed Buffers: Min: 0, Avg: 1.8, Max: 4, Diff: 4, Sum: 24]
      [Scan RS (ms): Min: 0.0, Avg: 0.1, Max: 0.2, Diff: 0.2, Sum: 1.0]
      [Code Root Scanning (ms): Min: 0.0, Avg: 0.0, Max: 0.0, Diff: 0.0, Sum: 0.0]
      [Object Copy (ms): Min: 0.6, Avg: 0.7, Max: 0.8, Diff: 0.1, Sum: 8.9]
      [Termination (ms): Min: 0.0, Avg: 0.0, Max: 0.0, Diff: 0.0, Sum: 0.0]
         [Termination Attempts: Min: 1, Avg: 1.6, Max: 2, Diff: 1, Sum: 21]
      [GC Worker Other (ms): Min: 0.0, Avg: 0.0, Max: 0.0, Diff: 0.0, Sum: 0.1]
      [GC Worker Total (ms): Min: 1.3, Avg: 1.4, Max: 1.6, Diff: 0.2, Sum: 18.6]
      [GC Worker End (ms): Min: 709225.4, Avg: 709225.4, Max: 709225.4, Diff: 0.0]
   [Code Root Fixup: 0.0 ms]
   [Code Root Purge: 0.0 ms]
   [Clear CT: 0.1 ms]
   [Other: 3.1 ms]
      [Choose CSet: 0.0 ms]
      [Ref Proc: 2.7 ms]
      [Ref Enq: 0.1 ms]
      [Redirty Cards: 0.1 ms]
      [Humongous Register: 0.0 ms]
      [Humongous Reclaim: 0.0 ms]
      [Free CSet: 0.1 ms]
   [Eden: 21.0M(21.0M)->0.0B(21.0M) Survivors: 4096.0K->4096.0K Heap: 316.7M(512.0M)->249.4M(512.0M)]
Heap after GC invocations=76 (full 0):
 garbage-first heap   total 524288K, used 255427K [0x00000007a0000000, 0x00000007a0101000, 0x00000007c0000000)
  region size 1024K, 4 young (4096K), 4 survivors (4096K)
 Metaspace       used 54902K, capacity 56898K, committed 57628K, reserved 1099776K
  class space    used 6631K, capacity 7040K, committed 7244K, reserved 1048576K
}
 [Times: user=0.02 sys=0.00, real=0.00 secs] 
2022-04-24T19:50:04.079+0500: 709.229: Total time for which application threads were stopped: 0.0050992 seconds, Stopping threads took: 0.0000404 seconds
{Heap before GC invocations=76 (full 0):
 garbage-first heap   total 524288K, used 276931K [0x00000007a0000000, 0x00000007a0101000, 0x00000007c0000000)
  region size 1024K, 25 young (25600K), 4 survivors (4096K)
 Metaspace       used 54902K, capacity 56898K, committed 57628K, reserved 1099776K
  class space    used 6631K, capacity 7040K, committed 7244K, reserved 1048576K
2022-04-24T19:50:04.183+0500: 709.332: [GC pause (G1 Evacuation Pause) (mixed)
Desired survivor size 2097152 bytes, new threshold 1 (max 15)
- age   1:    3295056 bytes,    3295056 total
, 0.0051502 secs]
   [Parallel Time: 2.0 ms, GC Workers: 13]
      [GC Worker Start (ms): Min: 709332.4, Avg: 709332.5, Max: 709332.7, Diff: 0.3]
      [Ext Root Scanning (ms): Min: 0.0, Avg: 0.2, Max: 0.8, Diff: 0.8, Sum: 3.2]
      [Update RS (ms): Min: 0.3, Avg: 0.7, Max: 1.1, Diff: 0.8, Sum: 8.7]
         [Processed Buffers: Min: 1, Avg: 2.5, Max: 5, Diff: 4, Sum: 32]
      [Scan RS (ms): Min: 0.0, Avg: 0.1, Max: 0.3, Diff: 0.3, Sum: 1.9]
      [Code Root Scanning (ms): Min: 0.0, Avg: 0.0, Max: 0.0, Diff: 0.0, Sum: 0.0]
      [Object Copy (ms): Min: 0.5, Avg: 0.7, Max: 0.8, Diff: 0.3, Sum: 9.6]
      [Termination (ms): Min: 0.0, Avg: 0.0, Max: 0.0, Diff: 0.0, Sum: 0.3]
         [Termination Attempts: Min: 1, Avg: 1.4, Max: 2, Diff: 1, Sum: 18]
      [GC Worker Other (ms): Min: 0.0, Avg: 0.0, Max: 0.0, Diff: 0.0, Sum: 0.1]
      [GC Worker Total (ms): Min: 1.6, Avg: 1.8, Max: 1.9, Diff: 0.3, Sum: 23.8]
      [GC Worker End (ms): Min: 709334.3, Avg: 709334.3, Max: 709334.4, Diff: 0.0]
   [Code Root Fixup: 0.0 ms]
   [Code Root Purge: 0.0 ms]
   [Clear CT: 0.1 ms]
   [Other: 3.0 ms]
      [Choose CSet: 0.0 ms]
      [Ref Proc: 2.5 ms]
      [Ref Enq: 0.2 ms]
      [Redirty Cards: 0.1 ms]
      [Humongous Register: 0.0 ms]
      [Humongous Reclaim: 0.0 ms]
      [Free CSet: 0.1 ms]
   [Eden: 21.0M(21.0M)->0.0B(21.0M) Survivors: 4096.0K->4096.0K Heap: 270.4M(512.0M)->204.6M(512.0M)]
Heap after GC invocations=77 (full 0):
 garbage-first heap   total 524288K, used 209461K [0x00000007a0000000, 0x00000007a0101000, 0x00000007c0000000)
  region size 1024K, 4 young (4096K), 4 survivors (4096K)
 Metaspace       used 54902K, capacity 56898K, committed 57628K, reserved 1099776K
  class space    used 6631K, capacity 7040K, committed 7244K, reserved 1048576K
}
 [Times: user=0.03 sys=0.00, real=0.00 secs] 
2022-04-24T19:50:04.188+0500: 709.338: Total time for which application threads were stopped: 0.0053677 seconds, Stopping threads took: 0.0000211 seconds
{Heap before GC invocations=77 (full 0):
 garbage-first heap   total 524288K, used 232441K [0x00000007a0000000, 0x00000007a0101000, 0x00000007c0000000)
  region size 1024K, 25 young (25600K), 4 survivors (4096K)
 Metaspace       used 54903K, capacity 56898K, committed 57628K, reserved 1099776K
  class space    used 6631K, capacity 7040K, committed 7244K, reserved 1048576K
2022-04-24T19:50:04.336+0500: 709.485: [GC pause (G1 Evacuation Pause) (mixed)
Desired survivor size 2097152 bytes, new threshold 1 (max 15)
- age   1:    3035896 bytes,    3035896 total
, 0.0054602 secs]
   [Parallel Time: 2.4 ms, GC Workers: 13]
      [GC Worker Start (ms): Min: 709485.5, Avg: 709485.7, Max: 709485.8, Diff: 0.3]
      [Ext Root Scanning (ms): Min: 0.1, Avg: 0.2, Max: 0.7, Diff: 0.6, Sum: 3.2]
      [Update RS (ms): Min: 0.3, Avg: 0.7, Max: 0.8, Diff: 0.5, Sum: 8.6]
         [Processed Buffers: Min: 2, Avg: 3.8, Max: 6, Diff: 4, Sum: 49]
      [Scan RS (ms): Min: 0.1, Avg: 0.2, Max: 0.2, Diff: 0.2, Sum: 2.4]
      [Code Root Scanning (ms): Min: 0.0, Avg: 0.0, Max: 0.0, Diff: 0.0, Sum: 0.0]
      [Object Copy (ms): Min: 1.0, Avg: 1.0, Max: 1.0, Diff: 0.0, Sum: 13.3]
      [Termination (ms): Min: 0.0, Avg: 0.0, Max: 0.0, Diff: 0.0, Sum: 0.0]
         [Termination Attempts: Min: 1, Avg: 1.1, Max: 2, Diff: 1, Sum: 14]
      [GC Worker Other (ms): Min: 0.0, Avg: 0.0, Max: 0.0, Diff: 0.0, Sum: 0.1]
      [GC Worker Total (ms): Min: 2.0, Avg: 2.1, Max: 2.3, Diff: 0.3, Sum: 27.7]
      [GC Worker End (ms): Min: 709487.8, Avg: 709487.8, Max: 709487.8, Diff: 0.0]
   [Code Root Fixup: 0.0 ms]
   [Code Root Purge: 0.0 ms]
   [Clear CT: 0.1 ms]
   [Other: 2.9 ms]
      [Choose CSet: 0.0 ms]
      [Ref Proc: 2.5 ms]
      [Ref Enq: 0.1 ms]
      [Redirty Cards: 0.1 ms]
      [Humongous Register: 0.0 ms]
      [Humongous Reclaim: 0.0 ms]
      [Free CSet: 0.1 ms]
   [Eden: 21.0M(21.0M)->0.0B(21.0M) Survivors: 4096.0K->4096.0K Heap: 227.0M(512.0M)->161.3M(512.0M)]
Heap after GC invocations=78 (full 0):
 garbage-first heap   total 524288K, used 165161K [0x00000007a0000000, 0x00000007a0101000, 0x00000007c0000000)
  region size 1024K, 4 young (4096K), 4 survivors (4096K)
 Metaspace       used 54903K, capacity 56898K, committed 57628K, reserved 1099776K
  class space    used 6631K, capacity 7040K, committed 7244K, reserved 1048576K
}
 [Times: user=0.03 sys=0.00, real=0.01 secs] 
2022-04-24T19:50:04.342+0500: 709.491: Total time for which application threads were stopped: 0.0057039 seconds, Stopping threads took: 0.0000431 seconds
{Heap before GC invocations=78 (full 0):
 garbage-first heap   total 524288K, used 196080K [0x00000007a0000000, 0x00000007a0101000, 0x00000007c0000000)
  region size 1024K, 25 young (25600K), 4 survivors (4096K)
 Metaspace       used 54903K, capacity 56898K, committed 57628K, reserved 1099776K
  class space    used 6631K, capacity 7040K, committed 7244K, reserved 1048576K
2022-04-24T19:50:04.442+0500: 709.592: [GC pause (G1 Evacuation Pause) (mixed)
Desired survivor size 2097152 bytes, new threshold 1 (max 15)
- age   1:    3322808 bytes,    3322808 total
, 0.0052771 secs]
   [Parallel Time: 2.1 ms, GC Workers: 13]
      [GC Worker Start (ms): Min: 709591.7, Avg: 709591.9, Max: 709592.0, Diff: 0.3]
      [Ext Root Scanning (ms): Min: 0.1, Avg: 0.2, Max: 0.8, Diff: 0.7, Sum: 3.1]
      [Update RS (ms): Min: 0.4, Avg: 0.7, Max: 0.8, Diff: 0.4, Sum: 8.8]
         [Processed Buffers: Min: 2, Avg: 2.6, Max: 4, Diff: 2, Sum: 34]
      [Scan RS (ms): Min: 0.0, Avg: 0.2, Max: 0.6, Diff: 0.6, Sum: 2.1]
      [Code Root Scanning (ms): Min: 0.0, Avg: 0.0, Max: 0.1, Diff: 0.1, Sum: 0.1]
      [Object Copy (ms): Min: 0.4, Avg: 0.7, Max: 0.8, Diff: 0.4, Sum: 9.5]
      [Termination (ms): Min: 0.0, Avg: 0.0, Max: 0.0, Diff: 0.0, Sum: 0.0]
         [Termination Attempts: Min: 1, Avg: 1.6, Max: 3, Diff: 2, Sum: 21]
      [GC Worker Other (ms): Min: 0.0, Avg: 0.0, Max: 0.0, Diff: 0.0, Sum: 0.1]
      [GC Worker Total (ms): Min: 1.7, Avg: 1.8, Max: 2.0, Diff: 0.3, Sum: 23.7]
      [GC Worker End (ms): Min: 709593.7, Avg: 709593.7, Max: 709593.7, Diff: 0.0]
   [Code Root Fixup: 0.0 ms]
   [Code Root Purge: 0.0 ms]
   [Clear CT: 0.1 ms]
   [Other: 3.0 ms]
      [Choose CSet: 0.0 ms]
      [Ref Proc: 2.6 ms]
      [Ref Enq: 0.1 ms]
      [Redirty Cards: 0.1 ms]
      [Humongous Register: 0.0 ms]
      [Humongous Reclaim: 0.0 ms]
      [Free CSet: 0.1 ms]
   [Eden: 21.0M(21.0M)->0.0B(225.0M) Survivors: 4096.0K->4096.0K Heap: 191.5M(512.0M)->165.0M(512.0M)]
Heap after GC invocations=79 (full 0):
 garbage-first heap   total 524288K, used 168954K [0x00000007a0000000, 0x00000007a0101000, 0x00000007c0000000)
  region size 1024K, 4 young (4096K), 4 survivors (4096K)
 Metaspace       used 54903K, capacity 56898K, committed 57628K, reserved 1099776K
  class space    used 6631K, capacity 7040K, committed 7244K, reserved 1048576K
}
 [Times: user=0.03 sys=0.01, real=0.00 secs] 
2022-04-24T19:50:04.448+0500: 709.597: Total time for which application threads were stopped: 0.0054903 seconds, Stopping threads took: 0.0000186 seconds
2022-04-24T19:50:04.517+0500: 709.667: Total time for which application threads were stopped: 0.0001282 seconds, Stopping threads took: 0.0000413 seconds
{Heap before GC invocations=79 (full 0):
 garbage-first heap   total 524288K, used 399354K [0x00000007a0000000, 0x00000007a0101000, 0x00000007c0000000)
  region size 1024K, 229 young (234496K), 4 survivors (4096K)
 Metaspace       used 54903K, capacity 56898K, committed 57628K, reserved 1099776K
  class space    used 6631K, capacity 7040K, committed 7244K, reserved 1048576K
2022-04-24T19:50:05.379+0500: 710.528: [GC pause (G1 Evacuation Pause) (young)
Desired survivor size 15204352 bytes, new threshold 15 (max 15)
- age   1:    2904376 bytes,    2904376 total
, 0.0048098 secs]
   [Parallel Time: 1.6 ms, GC Workers: 13]
      [GC Worker Start (ms): Min: 710528.0, Avg: 710528.1, Max: 710528.1, Diff: 0.1]
      [Ext Root Scanning (ms): Min: 0.1, Avg: 0.3, Max: 0.9, Diff: 0.7, Sum: 3.5]
      [Update RS (ms): Min: 0.4, Avg: 0.7, Max: 0.9, Diff: 0.6, Sum: 9.1]
         [Processed Buffers: Min: 1, Avg: 2.6, Max: 4, Diff: 3, Sum: 34]
      [Scan RS (ms): Min: 0.0, Avg: 0.0, Max: 0.1, Diff: 0.1, Sum: 0.2]
      [Code Root Scanning (ms): Min: 0.0, Avg: 0.0, Max: 0.0, Diff: 0.0, Sum: 0.0]
      [Object Copy (ms): Min: 0.2, Avg: 0.4, Max: 0.5, Diff: 0.3, Sum: 4.9]
      [Termination (ms): Min: 0.0, Avg: 0.0, Max: 0.0, Diff: 0.0, Sum: 0.0]
         [Termination Attempts: Min: 1, Avg: 1.0, Max: 1, Diff: 0, Sum: 13]
      [GC Worker Other (ms): Min: 0.0, Avg: 0.0, Max: 0.1, Diff: 0.1, Sum: 0.4]
      [GC Worker Total (ms): Min: 1.3, Avg: 1.4, Max: 1.4, Diff: 0.1, Sum: 18.1]
      [GC Worker End (ms): Min: 710529.4, Avg: 710529.5, Max: 710529.5, Diff: 0.1]
   [Code Root Fixup: 0.0 ms]
   [Code Root Purge: 0.0 ms]
   [Clear CT: 0.2 ms]
   [Other: 3.1 ms]
      [Choose CSet: 0.0 ms]
      [Ref Proc: 2.7 ms]
      [Ref Enq: 0.1 ms]
      [Redirty Cards: 0.1 ms]
      [Humongous Register: 0.0 ms]
      [Humongous Reclaim: 0.0 ms]
      [Free CSet: 0.1 ms]
   [Eden: 225.0M(225.0M)->0.0B(231.0M) Survivors: 4096.0K->6144.0K Heap: 390.0M(512.0M)->166.6M(512.0M)]
Heap after GC invocations=80 (full 0):
 garbage-first heap   total 524288K, used 170555K [0x00000007a0000000, 0x00000007a0101000, 0x00000007c0000000)
  region size 1024K, 6 young (6144K), 6 survivors (6144K)
 Metaspace       used 54903K, capacity 56898K, committed 57628K, reserved 1099776K
  class space    used 6631K, capacity 7040K, committed 7244K, reserved 1048576K
}
 [Times: user=0.03 sys=0.00, real=0.01 secs] 
2022-04-24T19:50:05.383+0500: 710.533: Total time for which application threads were stopped: 0.0050103 seconds, Stopping threads took: 0.0000215 seconds
2022-04-24T19:50:05.650+0500: 710.799: Total time for which application threads were stopped: 0.0000770 seconds, Stopping threads took: 0.0000182 seconds
2022-04-24T19:50:05.671+0500: 710.821: Total time for which application threads were stopped: 0.0000929 seconds, Stopping threads took: 0.0000185 seconds
2022-04-24T19:50:05.674+0500: 710.824: Total time for which application threads were stopped: 0.0000641 seconds, Stopping threads took: 0.0000111 seconds
2022-04-24T19:50:05.674+0500: 710.824: Total time for which application threads were stopped: 0.0000405 seconds, Stopping threads took: 0.0000075 seconds
2022-04-24T19:50:05.676+0500: 710.825: Total time for which application threads were stopped: 0.0000792 seconds, Stopping threads took: 0.0000305 seconds
2022-04-24T19:50:05.676+0500: 710.825: Total time for which application threads were stopped: 0.0000413 seconds, Stopping threads took: 0.0000088 seconds
2022-04-24T19:50:05.676+0500: 710.826: Total time for which application threads were stopped: 0.0000620 seconds, Stopping threads took: 0.0000215 seconds
2022-04-24T19:50:05.677+0500: 710.827: Total time for which application threads were stopped: 0.0000494 seconds, Stopping threads took: 0.0000100 seconds
2022-04-24T19:50:05.677+0500: 710.827: Total time for which application threads were stopped: 0.0000389 seconds, Stopping threads took: 0.0000073 seconds
2022-04-24T19:50:05.677+0500: 710.827: Total time for which application threads were stopped: 0.0000365 seconds, Stopping threads took: 0.0000069 seconds
2022-04-24T19:50:05.677+0500: 710.827: Total time for which application threads were stopped: 0.0000355 seconds, Stopping threads took: 0.0000066 seconds
2022-04-24T19:50:05.681+0500: 710.830: Total time for which application threads were stopped: 0.0000753 seconds, Stopping threads took: 0.0000163 seconds
2022-04-24T19:50:05.681+0500: 710.830: Total time for which application threads were stopped: 0.0000495 seconds, Stopping threads took: 0.0000099 seconds
2022-04-24T19:50:05.681+0500: 710.830: Total time for which application threads were stopped: 0.0000479 seconds, Stopping threads took: 0.0000110 seconds
2022-04-24T19:50:05.681+0500: 710.830: Total time for which application threads were stopped: 0.0000353 seconds, Stopping threads took: 0.0000073 seconds
2022-04-24T19:50:05.681+0500: 710.830: Total time for which application threads were stopped: 0.0000384 seconds, Stopping threads took: 0.0000072 seconds
2022-04-24T19:50:05.681+0500: 710.830: Total time for which application threads were stopped: 0.0000336 seconds, Stopping threads took: 0.0000070 seconds
2022-04-24T19:50:05.681+0500: 710.831: Total time for which application threads were stopped: 0.0000335 seconds, Stopping threads took: 0.0000072 seconds
2022-04-24T19:50:05.681+0500: 710.831: Total time for which application threads were stopped: 0.0000441 seconds, Stopping threads took: 0.0000102 seconds
2022-04-24T19:50:05.682+0500: 710.831: Total time for which application threads were stopped: 0.0000451 seconds, Stopping threads took: 0.0000102 seconds
2022-04-24T19:50:05.682+0500: 710.831: Total time for which application threads were stopped: 0.0001567 seconds, Stopping threads took: 0.0000083 seconds
2022-04-24T19:50:06.684+0500: 711.834: Total time for which application threads were stopped: 0.0001343 seconds, Stopping threads took: 0.0000343 seconds
2022-04-24T19:50:12.699+0500: 717.848: Total time for which application threads were stopped: 0.0001082 seconds, Stopping threads took: 0.0000258 seconds
2022-04-24T19:50:16.422+0500: 721.571: Total time for which application threads were stopped: 0.0001366 seconds, Stopping threads took: 0.0000472 seconds
2022-04-24T19:50:16.422+0500: 721.571: Total time for which application threads were stopped: 0.0001047 seconds, Stopping threads took: 0.0000383 seconds
2022-04-24T19:50:16.422+0500: 721.571: Total time for which application threads were stopped: 0.0001605 seconds, Stopping threads took: 0.0000565 seconds
2022-04-24T19:50:16.422+0500: 721.571: Total time for which application threads were stopped: 0.0001042 seconds, Stopping threads took: 0.0000540 seconds
2022-04-24T19:50:16.422+0500: 721.571: Total time for which application threads were stopped: 0.0000815 seconds, Stopping threads took: 0.0000308 seconds
2022-04-24T19:50:16.423+0500: 721.572: Total time for which application threads were stopped: 0.0000960 seconds, Stopping threads took: 0.0000399 seconds
2022-04-24T19:50:16.423+0500: 721.572: Total time for which application threads were stopped: 0.0000819 seconds, Stopping threads took: 0.0000285 seconds
2022-04-24T19:50:16.423+0500: 721.573: Total time for which application threads were stopped: 0.0000841 seconds, Stopping threads took: 0.0000293 seconds
2022-04-24T19:50:16.424+0500: 721.573: Total time for which application threads were stopped: 0.0001109 seconds, Stopping threads took: 0.0000591 seconds
2022-04-24T19:50:16.424+0500: 721.573: Total time for which application threads were stopped: 0.0001029 seconds, Stopping threads took: 0.0000562 seconds
2022-04-24T19:50:16.424+0500: 721.573: Total time for which application threads were stopped: 0.0000724 seconds, Stopping threads took: 0.0000287 seconds
2022-04-24T19:50:16.424+0500: 721.573: Total time for which application threads were stopped: 0.0000711 seconds, Stopping threads took: 0.0000287 seconds
2022-04-24T19:50:16.424+0500: 721.573: Total time for which application threads were stopped: 0.0001130 seconds, Stopping threads took: 0.0000336 seconds
2022-04-24T19:50:16.425+0500: 721.574: Total time for which application threads were stopped: 0.0000969 seconds, Stopping threads took: 0.0000333 seconds
2022-04-24T19:50:16.425+0500: 721.574: Total time for which application threads were stopped: 0.0000839 seconds, Stopping threads took: 0.0000270 seconds
2022-04-24T19:50:17.429+0500: 722.578: Total time for which application threads were stopped: 0.0001286 seconds, Stopping threads took: 0.0000524 seconds
2022-04-24T19:50:43.695+0500: 748.843: Total time for which application threads were stopped: 0.0006684 seconds, Stopping threads took: 0.0000200 seconds
2022-04-24T19:50:43.703+0500: 748.852: Total time for which application threads were stopped: 0.0001035 seconds, Stopping threads took: 0.0000183 seconds
2022-04-24T19:50:43.735+0500: 748.883: Total time for which application threads were stopped: 0.0001102 seconds, Stopping threads took: 0.0000275 seconds
2022-04-24T19:50:44.737+0500: 749.885: Total time for which application threads were stopped: 0.0001151 seconds, Stopping threads took: 0.0000268 seconds
2022-04-24T19:51:17.842+0500: 782.990: Total time for which application threads were stopped: 0.0001347 seconds, Stopping threads took: 0.0000330 seconds
2022-04-24T19:52:18.016+0500: 843.162: Total time for which application threads were stopped: 0.0001020 seconds, Stopping threads took: 0.0000258 seconds
2022-04-24T19:52:30.041+0500: 855.187: Total time for which application threads were stopped: 0.0001578 seconds, Stopping threads took: 0.0000577 seconds
2022-04-24T19:52:30.041+0500: 855.187: Total time for which application threads were stopped: 0.0001109 seconds, Stopping threads took: 0.0000497 seconds
2022-04-24T19:54:15.360+0500: 960.503: Total time for which application threads were stopped: 0.0001139 seconds, Stopping threads took: 0.0000492 seconds
2022-04-24T19:54:21.510+0500: 966.653: Total time for which application threads were stopped: 0.0001522 seconds, Stopping threads took: 0.0000186 seconds
2022-04-24T19:54:21.522+0500: 966.665: Total time for which application threads were stopped: 0.0006438 seconds, Stopping threads took: 0.0000186 seconds
2022-04-24T19:54:21.554+0500: 966.697: Total time for which application threads were stopped: 0.0000854 seconds, Stopping threads took: 0.0000202 seconds
2022-04-24T19:54:21.555+0500: 966.698: Total time for which application threads were stopped: 0.0000637 seconds, Stopping threads took: 0.0000117 seconds
2022-04-24T19:54:21.622+0500: 